Archive member included to satisfy reference by file (symbol)

../Middlewares/ST/ARM/DSP/Lib\libarm_cortexM4lf_math.a(arm_sin_f32.o)
                              ./Core/Src/main.o (arm_sin_f32)
../Middlewares/ST/ARM/DSP/Lib\libarm_cortexM4lf_math.a(arm_common_tables.o)
                              ../Middlewares/ST/ARM/DSP/Lib\libarm_cortexM4lf_math.a(arm_sin_f32.o) (sinTable_f32)
C:/ST/STM32CubeIDE_1.15.0/STM32CubeIDE/plugins/com.st.stm32cube.ide.mcu.externaltools.gnu-tools-for-stm32.12.3.rel1.win32_1.0.100.202403111256/tools/bin/../lib/gcc/arm-none-eabi/12.3.1/../../../../arm-none-eabi/lib/thumb/v7e-m+fp/hard\libc_nano.a(libc_a-exit.o)
                              C:/ST/STM32CubeIDE_1.15.0/STM32CubeIDE/plugins/com.st.stm32cube.ide.mcu.externaltools.gnu-tools-for-stm32.12.3.rel1.win32_1.0.100.202403111256/tools/bin/../lib/gcc/arm-none-eabi/12.3.1/../../../../arm-none-eabi/lib/thumb/v7e-m+fp/hard/crt0.o (exit)
C:/ST/STM32CubeIDE_1.15.0/STM32CubeIDE/plugins/com.st.stm32cube.ide.mcu.externaltools.gnu-tools-for-stm32.12.3.rel1.win32_1.0.100.202403111256/tools/bin/../lib/gcc/arm-none-eabi/12.3.1/../../../../arm-none-eabi/lib/thumb/v7e-m+fp/hard\libc_nano.a(libc_a-findfp.o)
                              C:/ST/STM32CubeIDE_1.15.0/STM32CubeIDE/plugins/com.st.stm32cube.ide.mcu.externaltools.gnu-tools-for-stm32.12.3.rel1.win32_1.0.100.202403111256/tools/bin/../lib/gcc/arm-none-eabi/12.3.1/../../../../arm-none-eabi/lib/thumb/v7e-m+fp/hard\libc_nano.a(libc_a-exit.o) (__stdio_exit_handler)
C:/ST/STM32CubeIDE_1.15.0/STM32CubeIDE/plugins/com.st.stm32cube.ide.mcu.externaltools.gnu-tools-for-stm32.12.3.rel1.win32_1.0.100.202403111256/tools/bin/../lib/gcc/arm-none-eabi/12.3.1/../../../../arm-none-eabi/lib/thumb/v7e-m+fp/hard\libc_nano.a(libc_a-fwalk.o)
                              C:/ST/STM32CubeIDE_1.15.0/STM32CubeIDE/plugins/com.st.stm32cube.ide.mcu.externaltools.gnu-tools-for-stm32.12.3.rel1.win32_1.0.100.202403111256/tools/bin/../lib/gcc/arm-none-eabi/12.3.1/../../../../arm-none-eabi/lib/thumb/v7e-m+fp/hard\libc_nano.a(libc_a-findfp.o) (_fwalk_sglue)
C:/ST/STM32CubeIDE_1.15.0/STM32CubeIDE/plugins/com.st.stm32cube.ide.mcu.externaltools.gnu-tools-for-stm32.12.3.rel1.win32_1.0.100.202403111256/tools/bin/../lib/gcc/arm-none-eabi/12.3.1/../../../../arm-none-eabi/lib/thumb/v7e-m+fp/hard\libc_nano.a(libc_a-stdio.o)
                              C:/ST/STM32CubeIDE_1.15.0/STM32CubeIDE/plugins/com.st.stm32cube.ide.mcu.externaltools.gnu-tools-for-stm32.12.3.rel1.win32_1.0.100.202403111256/tools/bin/../lib/gcc/arm-none-eabi/12.3.1/../../../../arm-none-eabi/lib/thumb/v7e-m+fp/hard\libc_nano.a(libc_a-findfp.o) (__sread)
C:/ST/STM32CubeIDE_1.15.0/STM32CubeIDE/plugins/com.st.stm32cube.ide.mcu.externaltools.gnu-tools-for-stm32.12.3.rel1.win32_1.0.100.202403111256/tools/bin/../lib/gcc/arm-none-eabi/12.3.1/../../../../arm-none-eabi/lib/thumb/v7e-m+fp/hard\libc_nano.a(libc_a-memset.o)
                              C:/ST/STM32CubeIDE_1.15.0/STM32CubeIDE/plugins/com.st.stm32cube.ide.mcu.externaltools.gnu-tools-for-stm32.12.3.rel1.win32_1.0.100.202403111256/tools/bin/../lib/gcc/arm-none-eabi/12.3.1/../../../../arm-none-eabi/lib/thumb/v7e-m+fp/hard/crt0.o (memset)
C:/ST/STM32CubeIDE_1.15.0/STM32CubeIDE/plugins/com.st.stm32cube.ide.mcu.externaltools.gnu-tools-for-stm32.12.3.rel1.win32_1.0.100.202403111256/tools/bin/../lib/gcc/arm-none-eabi/12.3.1/../../../../arm-none-eabi/lib/thumb/v7e-m+fp/hard\libc_nano.a(libc_a-closer.o)
                              C:/ST/STM32CubeIDE_1.15.0/STM32CubeIDE/plugins/com.st.stm32cube.ide.mcu.externaltools.gnu-tools-for-stm32.12.3.rel1.win32_1.0.100.202403111256/tools/bin/../lib/gcc/arm-none-eabi/12.3.1/../../../../arm-none-eabi/lib/thumb/v7e-m+fp/hard\libc_nano.a(libc_a-stdio.o) (_close_r)
C:/ST/STM32CubeIDE_1.15.0/STM32CubeIDE/plugins/com.st.stm32cube.ide.mcu.externaltools.gnu-tools-for-stm32.12.3.rel1.win32_1.0.100.202403111256/tools/bin/../lib/gcc/arm-none-eabi/12.3.1/../../../../arm-none-eabi/lib/thumb/v7e-m+fp/hard\libc_nano.a(libc_a-reent.o)
                              C:/ST/STM32CubeIDE_1.15.0/STM32CubeIDE/plugins/com.st.stm32cube.ide.mcu.externaltools.gnu-tools-for-stm32.12.3.rel1.win32_1.0.100.202403111256/tools/bin/../lib/gcc/arm-none-eabi/12.3.1/../../../../arm-none-eabi/lib/thumb/v7e-m+fp/hard\libc_nano.a(libc_a-closer.o) (errno)
C:/ST/STM32CubeIDE_1.15.0/STM32CubeIDE/plugins/com.st.stm32cube.ide.mcu.externaltools.gnu-tools-for-stm32.12.3.rel1.win32_1.0.100.202403111256/tools/bin/../lib/gcc/arm-none-eabi/12.3.1/../../../../arm-none-eabi/lib/thumb/v7e-m+fp/hard\libc_nano.a(libc_a-impure.o)
                              C:/ST/STM32CubeIDE_1.15.0/STM32CubeIDE/plugins/com.st.stm32cube.ide.mcu.externaltools.gnu-tools-for-stm32.12.3.rel1.win32_1.0.100.202403111256/tools/bin/../lib/gcc/arm-none-eabi/12.3.1/../../../../arm-none-eabi/lib/thumb/v7e-m+fp/hard\libc_nano.a(libc_a-reent.o) (_impure_ptr)
[...]
Memory Configuration

Name             Origin             Length             Attributes
RAM              0x20000000         0x0001c000         xrw
FLASH            0x08000000         0x00080000         xr
*default*        0x00000000         0xffffffff

Linker script and memory map

LOAD C:/ST/STM32CubeIDE_1.15.0/STM32CubeIDE/plugins/com.st.stm32cube.ide.mcu.externaltools.gnu-tools-for-stm32.12.3.rel1.win32_1.0.100.202403111256/tools/bin/../lib/gcc/arm-none-eabi/12.3.1/thumb/v7e-m+fp/hard/crti.o
LOAD C:/ST/STM32CubeIDE_1.15.0/STM32CubeIDE/plugins/com.st.stm32cube.ide.mcu.externaltools.gnu-tools-for-stm32.12.3.rel1.win32_1.0.100.202403111256/tools/bin/../lib/gcc/arm-none-eabi/12.3.1/thumb/v7e-m+fp/hard/crtbegin.o
LOAD C:/ST/STM32CubeIDE_1.15.0/STM32CubeIDE/plugins/com.st.stm32cube.ide.mcu.externaltools.gnu-tools-for-stm32.12.3.rel1.win32_1.0.100.202403111256/tools/bin/../lib/gcc/arm-none-eabi/12.3.1/../../../../arm-none-eabi/lib/thumb/v7e-m+fp/hard/crt0.o
LOAD ./Core/Src/dma.o
LOAD ./Core/Src/gpio.o
LOAD ./Core/Src/i2c.o
LOAD ./Core/Src/i2s.o
LOAD ./Core/Src/main.o
LOAD ./Core/Src/serial.o
LOAD ./Core/Src/spi.o
LOAD ./Core/Src/stm32g4xx_hal_msp.o
LOAD ./Core/Src/stm32g4xx_it.o
LOAD ./Core/Src/syscalls.o
LOAD ./Core/Src/sysmem.o
LOAD ./Core/Src/system_stm32g4xx.o
LOAD ./Core/Src/usart.o
LOAD ./Core/Startup/startup_stm32g491retx.o
LOAD ./Drivers/Audio_DAC/audiodac.o
LOAD ./Drivers/GPIO_XPNDR/gpioxpndr.o
LOAD ./Drivers/STM32G4xx_HAL_Driver/Src/stm32g4xx_hal.o
LOAD ./Drivers/STM32G4xx_HAL_Driver/Src/stm32g4xx_hal_cortex.o
LOAD ./Drivers/STM32G4xx_HAL_Driver/Src/stm32g4xx_hal_dma.o
LOAD ./Drivers/STM32G4xx_HAL_Driver/Src/stm32g4xx_hal_dma_ex.o
LOAD ./Drivers/STM32G4xx_HAL_Driver/Src/stm32g4xx_hal_exti.o
LOAD ./Drivers/STM32G4xx_HAL_Driver/Src/stm32g4xx_hal_flash.o
LOAD ./Drivers/STM32G4xx_HAL_Driver/Src/stm32g4xx_hal_flash_ex.o
LOAD ./Drivers/STM32G4xx_HAL_Driver/Src/stm32g4xx_hal_flash_ramfunc.o
LOAD ./Drivers/STM32G4xx_HAL_Driver/Src/stm32g4xx_hal_gpio.o
LOAD ./Drivers/STM32G4xx_HAL_Driver/Src/stm32g4xx_hal_i2c.o
LOAD ./Drivers/STM32G4xx_HAL_Driver/Src/stm32g4xx_hal_i2c_ex.o
LOAD ./Drivers/STM32G4xx_HAL_Driver/Src/stm32g4xx_hal_i2s.o
LOAD ./Drivers/STM32G4xx_HAL_Driver/Src/stm32g4xx_hal_pcd.o
LOAD ./Drivers/STM32G4xx_HAL_Driver/Src/stm32g4xx_hal_pcd_ex.o
LOAD ./Drivers/STM32G4xx_HAL_Driver/Src/stm32g4xx_hal_pwr.o
LOAD ./Drivers/STM32G4xx_HAL_Driver/Src/stm32g4xx_hal_pwr_ex.o
LOAD ./Drivers/STM32G4xx_HAL_Driver/Src/stm32g4xx_hal_rcc.o
LOAD ./Drivers/STM32G4xx_HAL_Driver/Src/stm32g4xx_hal_rcc_ex.o
LOAD ./Drivers/STM32G4xx_HAL_Driver/Src/stm32g4xx_hal_spi.o
LOAD ./Drivers/STM32G4xx_HAL_Driver/Src/stm32g4xx_hal_spi_ex.o
LOAD ./Drivers/STM32G4xx_HAL_Driver/Src/stm32g4xx_hal_tim.o
LOAD ./Drivers/STM32G4xx_HAL_Driver/Src/stm32g4xx_hal_tim_ex.o
LOAD ./Drivers/STM32G4xx_HAL_Driver/Src/stm32g4xx_hal_uart.o
LOAD ./Drivers/STM32G4xx_HAL_Driver/Src/stm32g4xx_hal_uart_ex.o
LOAD ./Drivers/STM32G4xx_HAL_Driver/Src/stm32g4xx_ll_usb.o
LOAD ./Middlewares/ST/STM32_USB_Device_Library/Class/CDC/Src/usbd_cdc.o
LOAD ./Middlewares/ST/STM32_USB_Device_Library/Core/Src/usbd_core.o
LOAD ./Middlewares/ST/STM32_USB_Device_Library/Core/Src/usbd_ctlreq.o
LOAD ./Middlewares/ST/STM32_USB_Device_Library/Core/Src/usbd_ioreq.o
LOAD ./USB_Device/App/usb_device.o
LOAD ./USB_Device/App/usbd_cdc_if.o
LOAD ./USB_Device/App/usbd_desc.o
LOAD ./USB_Device/Target/usbd_conf.o
LOAD ../Middlewares/ST/ARM/DSP/Lib\libarm_cortexM4lf_math.a
START GROUP
LOAD C:/ST/STM32CubeIDE_1.15.0/STM32CubeIDE/plugins/com.st.stm32cube.ide.mcu.externaltools.gnu-tools-for-stm32.12.3.rel1.win32_1.0.100.202403111256/tools/bin/../lib/gcc/arm-none-eabi/12.3.1/../../../../arm-none-eabi/lib/thumb/v7e-m+fp/hard\libc_nano.a
LOAD C:/ST/STM32CubeIDE_1.15.0/STM32CubeIDE/plugins/com.st.stm32cube.ide.mcu.externaltools.gnu-tools-for-stm32.12.3.rel1.win32_1.0.100.202403111256/tools/bin/../lib/gcc/arm-none-eabi/12.3.1/../../../../arm-none-eabi/lib/thumb/v7e-m+fp/hard\libm.a
END GROUP
START GROUP
LOAD C:/ST/STM32CubeIDE_1.15.0/STM32CubeIDE/plugins/com.st.stm32cube.ide.mcu.externaltools.gnu-tools-for-stm32.12.3.rel1.win32_1.0.100.202403111256/tools/bin/../lib/gcc/arm-none-eabi/12.3.1/thumb/v7e-m+fp/hard\libgcc.a
LOAD C:/ST/STM32CubeIDE_1.15.0/STM32CubeIDE/plugins/com.st.stm32cube.ide.mcu.externaltools.gnu-tools-for-stm32.12.3.rel1.win32_1.0.100.202403111256/tools/bin/../lib/gcc/arm-none-eabi/12.3.1/../../../../arm-none-eabi/lib/thumb/v7e-m+fp/hard\libc_nano.a
END GROUP
START GROUP
LOAD C:/ST/STM32CubeIDE_1.15.0/STM32CubeIDE/plugins/com.st.stm32cube.ide.mcu.externaltools.gnu-tools-for-stm32.12.3.rel1.win32_1.0.100.202403111256/tools/bin/../lib/gcc/arm-none-eabi/12.3.1/thumb/v7e-m+fp/hard\libgcc.a
LOAD C:/ST/STM32CubeIDE_1.15.0/STM32CubeIDE/plugins/com.st.stm32cube.ide.mcu.externaltools.gnu-tools-for-stm32.12.3.rel1.win32_1.0.100.202403111256/tools/bin/../lib/gcc/arm-none-eabi/12.3.1/../../../../arm-none-eabi/lib/thumb/v7e-m+fp/hard\libc_nano.a
LOAD C:/ST/STM32CubeIDE_1.15.0/STM32CubeIDE/plugins/com.st.stm32cube.ide.mcu.externaltools.gnu-tools-for-stm32.12.3.rel1.win32_1.0.100.202403111256/tools/bin/../lib/gcc/arm-none-eabi/12.3.1/../../../../arm-none-eabi/lib/thumb/v7e-m+fp/hard\libnosys.a
END GROUP
START GROUP
LOAD C:/ST/STM32CubeIDE_1.15.0/STM32CubeIDE/plugins/com.st.stm32cube.ide.mcu.externaltools.gnu-tools-for-stm32.12.3.rel1.win32_1.0.100.202403111256/tools/bin/../lib/gcc/arm-none-eabi/12.3.1/thumb/v7e-m+fp/hard\libgcc.a
LOAD C:/ST/STM32CubeIDE_1.15.0/STM32CubeIDE/plugins/com.st.stm32cube.ide.mcu.externaltools.gnu-tools-for-stm32.12.3.rel1.win32_1.0.100.202403111256/tools/bin/../lib/gcc/arm-none-eabi/12.3.1/../../../../arm-none-eabi/lib/thumb/v7e-m+fp/hard\libc_nano.a
LOAD C:/ST/STM32CubeIDE_1.15.0/STM32CubeIDE/plugins/com.st.stm32cube.ide.mcu.externaltools.gnu-tools-for-stm32.12.3.rel1.win32_1.0.100.202403111256/tools/bin/../lib/gcc/arm-none-eabi/12.3.1/../../../../arm-none-eabi/lib/thumb/v7e-m+fp/hard\libnosys.a
END GROUP
LOAD C:/ST/STM32CubeIDE_1.15.0/STM32CubeIDE/plugins/com.st.stm32cube.ide.mcu.externaltools.gnu-tools-for-stm32.12.3.rel1.win32_1.0.100.202403111256/tools/bin/../lib/gcc/arm-none-eabi/12.3.1/thumb/v7e-m+fp/hard/crtend.o
LOAD C:/ST/STM32CubeIDE_1.15.0/STM32CubeIDE/plugins/com.st.stm32cube.ide.mcu.externaltools.gnu-tools-for-stm32.12.3.rel1.win32_1.0.100.202403111256/tools/bin/../lib/gcc/arm-none-eabi/12.3.1/thumb/v7e-m+fp/hard/crtn.o
                0x2001c000                        _estack = (ORIGIN (RAM) + LENGTH (RAM))
                0x00000200                        _Min_Heap_Size = 0x200
                0x00000400                        _Min_Stack_Size = 0x400

.isr_vector     0x08000000      0x1d8
                0x08000000                        . = ALIGN (0x4)
 *(.isr_vector)
 .isr_vector    0x08000000      0x1d8 ./Core/Startup/startup_stm32g491retx.o
                0x08000000                g_pfnVectors
                0x080001d8                        . = ALIGN (0x4)

.text           0x080001d8     0xb15c
                0x080001d8                        . = ALIGN (0x4)
 *(.text)
 .text          0x080001d8       0x40 C:/ST/STM32CubeIDE_1.15.0/STM32CubeIDE/plugins/com.st.stm32cube.ide.mcu.externaltools.gnu-tools-for-stm32.12.3.rel1.win32_1.0.100.202403111256/tools/bin/../lib/gcc/arm-none-eabi/12.3.1/thumb/v7e-m+fp/hard/crtbegin.o
 .text          0x08000218       0x10 C:/ST/STM32CubeIDE_1.15.0/STM32CubeIDE/plugins/com.st.stm32cube.ide.mcu.externaltools.gnu-tools-for-stm32.12.3.rel1.win32_1.0.100.202403111256/tools/bin/../lib/gcc/arm-none-eabi/12.3.1/../../../../arm-none-eabi/lib/thumb/v7e-m+fp/hard\libc_nano.a(libc_a-strlen.o)
                0x08000218                strlen
 .text          0x08000228       0x30 C:/ST/STM32CubeIDE_1.15.0/STM32CubeIDE/plugins/com.st.stm32cube.ide.mcu.externaltools.gnu-tools-for-stm32.12.3.rel1.win32_1.0.100.202403111256/tools/bin/../lib/gcc/arm-none-eabi/12.3.1/thumb/v7e-m+fp/hard\libgcc.a(_aeabi_uldivmod.o)
                0x08000228                __aeabi_uldivmod
 .text          0x08000258      0x2bc C:/ST/STM32CubeIDE_1.15.0/STM32CubeIDE/plugins/com.st.stm32cube.ide.mcu.externaltools.gnu-tools-for-stm32.12.3.rel1.win32_1.0.100.202403111256/tools/bin/../lib/gcc/arm-none-eabi/12.3.1/thumb/v7e-m+fp/hard\libgcc.a(_udivmoddi4.o)
                0x08000258                __udivmoddi4
 .text          0x08000514        0x4 C:/ST/STM32CubeIDE_1.15.0/STM32CubeIDE/plugins/com.st.stm32cube.ide.mcu.externaltools.gnu-tools-for-stm32.12.3.rel1.win32_1.0.100.202403111256/tools/bin/../lib/gcc/arm-none-eabi/12.3.1/thumb/v7e-m+fp/hard\libgcc.a(_dvmd_tls.o)
                0x08000514                __aeabi_idiv0
                0x08000514                __aeabi_ldiv0
 *(.text*)
 .text.MX_DMA_Init
                0x08000518       0x54 ./Core/Src/dma.o
                0x08000518                MX_DMA_Init
 .text.MX_GPIO_Init
                0x0800056c      0x1c0 ./Core/Src/gpio.o
                0x0800056c                MX_GPIO_Init
 .text.MX_I2C3_Init
                0x0800072c       0x80 ./Core/Src/i2c.o
                0x0800072c                MX_I2C3_Init
 .text.HAL_I2C_MspInit
                0x080007ac       0xb4 ./Core/Src/i2c.o
                0x080007ac                HAL_I2C_MspInit
 .text.MX_I2S2_Init
                0x08000860       0x50 ./Core/Src/i2s.o
                0x08000860                MX_I2S2_Init
 .text.HAL_I2S_MspInit
                0x080008b0      0x150 ./Core/Src/i2s.o
                0x080008b0                HAL_I2S_MspInit
 .text.main     0x08000a00       0xb0 ./Core/Src/main.o
                0x08000a00                main
 .text.SystemClock_Config
                0x08000ab0       0x96 ./Core/Src/main.o
                0x08000ab0                SystemClock_Config
 .text.Error_Handler
                0x08000b46        0xc ./Core/Src/main.o
                0x08000b46                Error_Handler
 *fill*         0x08000b52        0x2 
 .text.Serial_Command_Handler
                0x08000b54       0x80 ./Core/Src/serial.o
                0x08000b54                Serial_Command_Handler
 .text.MX_SPI3_Init
                0x08000bd4       0x7c ./Core/Src/spi.o
                0x08000bd4                MX_SPI3_Init
 .text.HAL_SPI_MspInit
                0x08000c50       0x88 ./Core/Src/spi.o
                0x08000c50                HAL_SPI_MspInit
 .text.HAL_MspInit
                0x08000cd8       0x48 ./Core/Src/stm32g4xx_hal_msp.o
                0x08000cd8                HAL_MspInit
 .text.NMI_Handler
                0x08000d20        0x8 ./Core/Src/stm32g4xx_it.o
                0x08000d20                NMI_Handler
 .text.HardFault_Handler
                0x08000d28        0x8 ./Core/Src/stm32g4xx_it.o
                0x08000d28                HardFault_Handler
 .text.MemManage_Handler
                0x08000d30        0x8 ./Core/Src/stm32g4xx_it.o
                0x08000d30                MemManage_Handler
 .text.BusFault_Handler
                0x08000d38        0x8 ./Core/Src/stm32g4xx_it.o
                0x08000d38                BusFault_Handler
 .text.UsageFault_Handler
                0x08000d40        0x8 ./Core/Src/stm32g4xx_it.o
                0x08000d40                UsageFault_Handler
 .text.SVC_Handler
                0x08000d48        0xe ./Core/Src/stm32g4xx_it.o
                0x08000d48                SVC_Handler
 .text.DebugMon_Handler
                0x08000d56        0xe ./Core/Src/stm32g4xx_it.o
                0x08000d56                DebugMon_Handler
 .text.PendSV_Handler
                0x08000d64        0xe ./Core/Src/stm32g4xx_it.o
                0x08000d64                PendSV_Handler
 .text.SysTick_Handler
                0x08000d72        0xc ./Core/Src/stm32g4xx_it.o
                0x08000d72                SysTick_Handler
 *fill*         0x08000d7e        0x2 
 .text.DMA1_Channel1_IRQHandler
                0x08000d80       0x14 ./Core/Src/stm32g4xx_it.o
                0x08000d80                DMA1_Channel1_IRQHandler
 .text.USB_LP_IRQHandler
                0x08000d94       0x14 ./Core/Src/stm32g4xx_it.o
                0x08000d94                USB_LP_IRQHandler
 .text.SystemInit
                0x08000da8       0x24 ./Core/Src/system_stm32g4xx.o
                0x08000da8                SystemInit
 .text.MX_USART3_UART_Init
                0x08000dcc       0x98 ./Core/Src/usart.o
                0x08000dcc                MX_USART3_UART_Init
 .text.HAL_UART_MspInit
                0x08000e64       0xb4 ./Core/Src/usart.o
                0x08000e64                HAL_UART_MspInit
 .text.Reset_Handler
                0x08000f18       0x50 ./Core/Startup/startup_stm32g491retx.o
                0x08000f18                Reset_Handler
 .text.Default_Handler
                0x08000f68        0x2 ./Core/Startup/startup_stm32g491retx.o
                0x08000f68                RTC_Alarm_IRQHandler
                0x08000f68                EXTI2_IRQHandler
                0x08000f68                TIM8_TRG_COM_IRQHandler
                0x08000f68                TIM8_CC_IRQHandler
                0x08000f68                TIM1_CC_IRQHandler
                0x08000f68                USB_HP_IRQHandler
                0x08000f68                CORDIC_IRQHandler
                0x08000f68                DMA2_Channel8_IRQHandler
                0x08000f68                EXTI3_IRQHandler
                0x08000f68                I2C3_ER_IRQHandler
                0x08000f68                EXTI0_IRQHandler
                0x08000f68                I2C2_EV_IRQHandler
                0x08000f68                FPU_IRQHandler
                0x08000f68                FDCAN1_IT1_IRQHandler
                0x08000f68                TIM1_UP_TIM16_IRQHandler
                0x08000f68                ADC1_2_IRQHandler
                0x08000f68                SPI1_IRQHandler
                0x08000f68                TIM6_DAC_IRQHandler
                0x08000f68                TIM8_UP_IRQHandler
                0x08000f68                DMA2_Channel2_IRQHandler
                0x08000f68                DMA1_Channel4_IRQHandler
                0x08000f68                TIM20_TRG_COM_IRQHandler
                0x08000f68                USART3_IRQHandler
                0x08000f68                DMA1_Channel7_IRQHandler
                0x08000f68                UART5_IRQHandler
                0x08000f68                ADC3_IRQHandler
                0x08000f68                TIM4_IRQHandler
                0x08000f68                DMA2_Channel1_IRQHandler
                0x08000f68                QUADSPI_IRQHandler
                0x08000f68                I2C1_EV_IRQHandler
                0x08000f68                DMA1_Channel6_IRQHandler
                0x08000f68                UART4_IRQHandler
                0x08000f68                DMA2_Channel4_IRQHandler
                0x08000f68                TIM3_IRQHandler
                0x08000f68                RCC_IRQHandler
                0x08000f68                TIM20_UP_IRQHandler
                0x08000f68                Default_Handler
                0x08000f68                DMA2_Channel7_IRQHandler
                0x08000f68                RTC_TAMP_LSECSS_IRQHandler
                0x08000f68                FMAC_IRQHandler
                0x08000f68                EXTI15_10_IRQHandler
                0x08000f68                DMA1_Channel8_IRQHandler
                0x08000f68                TIM7_IRQHandler
                0x08000f68                UCPD1_IRQHandler
                0x08000f68                I2C3_EV_IRQHandler
                0x08000f68                EXTI9_5_IRQHandler
                0x08000f68                RTC_WKUP_IRQHandler
                0x08000f68                PVD_PVM_IRQHandler
                0x08000f68                SPI2_IRQHandler
                0x08000f68                DMA2_Channel5_IRQHandler
                0x08000f68                CRS_IRQHandler
                0x08000f68                DMA1_Channel5_IRQHandler
                0x08000f68                EXTI4_IRQHandler
                0x08000f68                RNG_IRQHandler
                0x08000f68                TIM1_TRG_COM_TIM17_IRQHandler
                0x08000f68                FDCAN2_IT1_IRQHandler
                0x08000f68                DMA1_Channel3_IRQHandler
                0x08000f68                WWDG_IRQHandler
                0x08000f68                FDCAN2_IT0_IRQHandler
                0x08000f68                LPUART1_IRQHandler
                0x08000f68                DMA2_Channel6_IRQHandler
                0x08000f68                FDCAN1_IT0_IRQHandler
                0x08000f68                TIM2_IRQHandler
                0x08000f68                COMP1_2_3_IRQHandler
                0x08000f68                EXTI1_IRQHandler
                0x08000f68                USART2_IRQHandler
                0x08000f68                TIM20_BRK_IRQHandler
                0x08000f68                I2C2_ER_IRQHandler
                0x08000f68                DMA1_Channel2_IRQHandler
                0x08000f68                TIM8_BRK_IRQHandler
                0x08000f68                FLASH_IRQHandler
                0x08000f68                TIM20_CC_IRQHandler
                0x08000f68                USART1_IRQHandler
                0x08000f68                SPI3_IRQHandler
                0x08000f68                I2C1_ER_IRQHandler
                0x08000f68                LPTIM1_IRQHandler
                0x08000f68                DMAMUX_OVR_IRQHandler
                0x08000f68                USBWakeUp_IRQHandler
                0x08000f68                SAI1_IRQHandler
                0x08000f68                DMA2_Channel3_IRQHandler
                0x08000f68                COMP4_IRQHandler
                0x08000f68                TIM1_BRK_TIM15_IRQHandler
 *fill*         0x08000f6a        0x2 
 .text.DAC_Register_Write
                0x08000f6c       0x3c ./Drivers/Audio_DAC/audiodac.o
                0x08000f6c                DAC_Register_Write
 .text.DAC_Register_Init
                0x08000fa8       0x70 ./Drivers/Audio_DAC/audiodac.o
                0x08000fa8                DAC_Register_Init
 .text.GPIO_Register_Write
                0x08001018       0x3c ./Drivers/GPIO_XPNDR/gpioxpndr.o
                0x08001018                GPIO_Register_Write
 .text.GPIO_Register_Init
                0x08001054       0x18 ./Drivers/GPIO_XPNDR/gpioxpndr.o
                0x08001054                GPIO_Register_Init
 .text.HAL_Init
                0x0800106c       0x30 ./Drivers/STM32G4xx_HAL_Driver/Src/stm32g4xx_hal.o
                0x0800106c                HAL_Init
 .text.HAL_InitTick
                0x0800109c       0x74 ./Drivers/STM32G4xx_HAL_Driver/Src/stm32g4xx_hal.o
                0x0800109c                HAL_InitTick
 .text.HAL_IncTick
                0x08001110       0x24 ./Drivers/STM32G4xx_HAL_Driver/Src/stm32g4xx_hal.o
                0x08001110                HAL_IncTick
 .text.HAL_GetTick
                0x08001134       0x18 ./Drivers/STM32G4xx_HAL_Driver/Src/stm32g4xx_hal.o
                0x08001134                HAL_GetTick
 .text.HAL_Delay
                0x0800114c       0x44 ./Drivers/STM32G4xx_HAL_Driver/Src/stm32g4xx_hal.o
                0x0800114c                HAL_Delay
 .text.__NVIC_SetPriorityGrouping
                0x08001190       0x48 ./Drivers/STM32G4xx_HAL_Driver/Src/stm32g4xx_hal_cortex.o
 .text.__NVIC_GetPriorityGrouping
                0x080011d8       0x1c ./Drivers/STM32G4xx_HAL_Driver/Src/stm32g4xx_hal_cortex.o
 .text.__NVIC_EnableIRQ
                0x080011f4       0x3c ./Drivers/STM32G4xx_HAL_Driver/Src/stm32g4xx_hal_cortex.o
 .text.__NVIC_SetPriority
                0x08001230       0x54 ./Drivers/STM32G4xx_HAL_Driver/Src/stm32g4xx_hal_cortex.o
 .text.NVIC_EncodePriority
                0x08001284       0x66 ./Drivers/STM32G4xx_HAL_Driver/Src/stm32g4xx_hal_cortex.o
 *fill*         0x080012ea        0x2 
 .text.SysTick_Config
                0x080012ec       0x44 ./Drivers/STM32G4xx_HAL_Driver/Src/stm32g4xx_hal_cortex.o
 .text.HAL_NVIC_SetPriorityGrouping
                0x08001330       0x16 ./Drivers/STM32G4xx_HAL_Driver/Src/stm32g4xx_hal_cortex.o
                0x08001330                HAL_NVIC_SetPriorityGrouping
 .text.HAL_NVIC_SetPriority
                0x08001346       0x34 ./Drivers/STM32G4xx_HAL_Driver/Src/stm32g4xx_hal_cortex.o
                0x08001346                HAL_NVIC_SetPriority
 .text.HAL_NVIC_EnableIRQ
                0x0800137a       0x1c ./Drivers/STM32G4xx_HAL_Driver/Src/stm32g4xx_hal_cortex.o
                0x0800137a                HAL_NVIC_EnableIRQ
 .text.HAL_SYSTICK_Config
                0x08001396       0x18 ./Drivers/STM32G4xx_HAL_Driver/Src/stm32g4xx_hal_cortex.o
                0x08001396                HAL_SYSTICK_Config
 *fill*         0x080013ae        0x2 
 .text.HAL_DMA_Init
                0x080013b0      0x150 ./Drivers/STM32G4xx_HAL_Driver/Src/stm32g4xx_hal_dma.o
                0x080013b0                HAL_DMA_Init
 .text.HAL_DMA_IRQHandler
                0x08001500      0x15e ./Drivers/STM32G4xx_HAL_Driver/Src/stm32g4xx_hal_dma.o
                0x08001500                HAL_DMA_IRQHandler
 *fill*         0x0800165e        0x2 
 .text.DMA_CalcDMAMUXChannelBaseAndMask
                0x08001660       0x7c ./Drivers/STM32G4xx_HAL_Driver/Src/stm32g4xx_hal_dma.o
 .text.DMA_CalcDMAMUXRequestGenBaseAndMask
                0x080016dc       0x48 ./Drivers/STM32G4xx_HAL_Driver/Src/stm32g4xx_hal_dma.o
 .text.HAL_GPIO_Init
                0x08001724      0x304 ./Drivers/STM32G4xx_HAL_Driver/Src/stm32g4xx_hal_gpio.o
                0x08001724                HAL_GPIO_Init
 .text.HAL_GPIO_ReadPin
                0x08001a28       0x30 ./Drivers/STM32G4xx_HAL_Driver/Src/stm32g4xx_hal_gpio.o
                0x08001a28                HAL_GPIO_ReadPin
 .text.HAL_GPIO_WritePin
                0x08001a58       0x30 ./Drivers/STM32G4xx_HAL_Driver/Src/stm32g4xx_hal_gpio.o
                0x08001a58                HAL_GPIO_WritePin
 .text.HAL_GPIO_TogglePin
                0x08001a88       0x34 ./Drivers/STM32G4xx_HAL_Driver/Src/stm32g4xx_hal_gpio.o
                0x08001a88                HAL_GPIO_TogglePin
 .text.HAL_I2C_Init
                0x08001abc      0x136 ./Drivers/STM32G4xx_HAL_Driver/Src/stm32g4xx_hal_i2c.o
                0x08001abc                HAL_I2C_Init
 *fill*         0x08001bf2        0x2 
 .text.HAL_I2C_Mem_Write
                0x08001bf4      0x228 ./Drivers/STM32G4xx_HAL_Driver/Src/stm32g4xx_hal_i2c.o
                0x08001bf4                HAL_I2C_Mem_Write
 .text.I2C_RequestMemoryWrite
                0x08001e1c       0xa8 ./Drivers/STM32G4xx_HAL_Driver/Src/stm32g4xx_hal_i2c.o
 .text.I2C_Flush_TXDR
                0x08001ec4       0x48 ./Drivers/STM32G4xx_HAL_Driver/Src/stm32g4xx_hal_i2c.o
 .text.I2C_WaitOnFlagUntilTimeout
                0x08001f0c       0xb2 ./Drivers/STM32G4xx_HAL_Driver/Src/stm32g4xx_hal_i2c.o
 .text.I2C_WaitOnTXISFlagUntilTimeout
                0x08001fbe       0x8e ./Drivers/STM32G4xx_HAL_Driver/Src/stm32g4xx_hal_i2c.o
 .text.I2C_WaitOnSTOPFlagUntilTimeout
                0x0800204c       0x86 ./Drivers/STM32G4xx_HAL_Driver/Src/stm32g4xx_hal_i2c.o
 *fill*         0x080020d2        0x2 
 .text.I2C_IsErrorOccurred
                0x080020d4      0x1c0 ./Drivers/STM32G4xx_HAL_Driver/Src/stm32g4xx_hal_i2c.o
 .text.I2C_TransferConfig
                0x08002294       0x64 ./Drivers/STM32G4xx_HAL_Driver/Src/stm32g4xx_hal_i2c.o
 .text.HAL_I2CEx_ConfigAnalogFilter
                0x080022f8       0x96 ./Drivers/STM32G4xx_HAL_Driver/Src/stm32g4xx_hal_i2c_ex.o
                0x080022f8                HAL_I2CEx_ConfigAnalogFilter
 .text.HAL_I2CEx_ConfigDigitalFilter
                0x0800238e       0x98 ./Drivers/STM32G4xx_HAL_Driver/Src/stm32g4xx_hal_i2c_ex.o
                0x0800238e                HAL_I2CEx_ConfigDigitalFilter
 *fill*         0x08002426        0x2 
 .text.HAL_I2S_Init
                0x08002428      0x1c0 ./Drivers/STM32G4xx_HAL_Driver/Src/stm32g4xx_hal_i2s.o
                0x08002428                HAL_I2S_Init
 .text.HAL_PCD_Init
                0x080025e8      0x19c ./Drivers/STM32G4xx_HAL_Driver/Src/stm32g4xx_hal_pcd.o
                0x080025e8                HAL_PCD_Init
 .text.HAL_PCD_Start
                0x08002784       0x44 ./Drivers/STM32G4xx_HAL_Driver/Src/stm32g4xx_hal_pcd.o
                0x08002784                HAL_PCD_Start
 .text.HAL_PCD_IRQHandler
                0x080027c8      0x24e ./Drivers/STM32G4xx_HAL_Driver/Src/stm32g4xx_hal_pcd.o
                0x080027c8                HAL_PCD_IRQHandler
 .text.HAL_PCD_SetAddress
                0x08002a16       0x48 ./Drivers/STM32G4xx_HAL_Driver/Src/stm32g4xx_hal_pcd.o
                0x08002a16                HAL_PCD_SetAddress
 .text.HAL_PCD_EP_Open
                0x08002a5e       0xba ./Drivers/STM32G4xx_HAL_Driver/Src/stm32g4xx_hal_pcd.o
                0x08002a5e                HAL_PCD_EP_Open
 .text.HAL_PCD_EP_Close
                0x08002b18       0x90 ./Drivers/STM32G4xx_HAL_Driver/Src/stm32g4xx_hal_pcd.o
                0x08002b18                HAL_PCD_EP_Close
 .text.HAL_PCD_EP_Receive
                0x08002ba8       0x62 ./Drivers/STM32G4xx_HAL_Driver/Src/stm32g4xx_hal_pcd.o
                0x08002ba8                HAL_PCD_EP_Receive
 .text.HAL_PCD_EP_GetRxCount
                0x08002c0a       0x30 ./Drivers/STM32G4xx_HAL_Driver/Src/stm32g4xx_hal_pcd.o
                0x08002c0a                HAL_PCD_EP_GetRxCount
 .text.HAL_PCD_EP_Transmit
                0x08002c3a       0x6e ./Drivers/STM32G4xx_HAL_Driver/Src/stm32g4xx_hal_pcd.o
                0x08002c3a                HAL_PCD_EP_Transmit
 .text.HAL_PCD_EP_SetStall
                0x08002ca8       0xa4 ./Drivers/STM32G4xx_HAL_Driver/Src/stm32g4xx_hal_pcd.o
                0x08002ca8                HAL_PCD_EP_SetStall
 .text.HAL_PCD_EP_ClrStall
                0x08002d4c       0xa8 ./Drivers/STM32G4xx_HAL_Driver/Src/stm32g4xx_hal_pcd.o
                0x08002d4c                HAL_PCD_EP_ClrStall
 .text.PCD_EP_ISR_Handler
                0x08002df4      0x782 ./Drivers/STM32G4xx_HAL_Driver/Src/stm32g4xx_hal_pcd.o
 .text.HAL_PCD_EP_DB_Receive
                0x08003576      0x212 ./Drivers/STM32G4xx_HAL_Driver/Src/stm32g4xx_hal_pcd.o
 .text.HAL_PCD_EP_DB_Transmit
                0x08003788      0x7ec ./Drivers/STM32G4xx_HAL_Driver/Src/stm32g4xx_hal_pcd.o
 .text.HAL_PCDEx_PMAConfig
                0x08003f74       0x86 ./Drivers/STM32G4xx_HAL_Driver/Src/stm32g4xx_hal_pcd_ex.o
                0x08003f74                HAL_PCDEx_PMAConfig
 .text.HAL_PCDEx_ActivateLPM
                0x08003ffa       0x54 ./Drivers/STM32G4xx_HAL_Driver/Src/stm32g4xx_hal_pcd_ex.o
                0x08003ffa                HAL_PCDEx_ActivateLPM
 *fill*         0x0800404e        0x2 
 .text.HAL_PWREx_ControlVoltageScaling
                0x08004050      0x148 ./Drivers/STM32G4xx_HAL_Driver/Src/stm32g4xx_hal_pwr_ex.o
                0x08004050                HAL_PWREx_ControlVoltageScaling
 .text.HAL_PWREx_DisableUCPDDeadBattery
                0x08004198       0x20 ./Drivers/STM32G4xx_HAL_Driver/Src/stm32g4xx_hal_pwr_ex.o
                0x08004198                HAL_PWREx_DisableUCPDDeadBattery
 .text.HAL_RCC_OscConfig
                0x080041b8      0x624 ./Drivers/STM32G4xx_HAL_Driver/Src/stm32g4xx_hal_rcc.o
                0x080041b8                HAL_RCC_OscConfig
 .text.HAL_RCC_ClockConfig
                0x080047dc      0x278 ./Drivers/STM32G4xx_HAL_Driver/Src/stm32g4xx_hal_rcc.o
                0x080047dc                HAL_RCC_ClockConfig
 .text.HAL_RCC_GetSysClockFreq
                0x08004a54       0xc4 ./Drivers/STM32G4xx_HAL_Driver/Src/stm32g4xx_hal_rcc.o
                0x08004a54                HAL_RCC_GetSysClockFreq
 .text.HAL_RCC_GetHCLKFreq
                0x08004b18       0x18 ./Drivers/STM32G4xx_HAL_Driver/Src/stm32g4xx_hal_rcc.o
                0x08004b18                HAL_RCC_GetHCLKFreq
 .text.HAL_RCC_GetPCLK1Freq
                0x08004b30       0x2c ./Drivers/STM32G4xx_HAL_Driver/Src/stm32g4xx_hal_rcc.o
                0x08004b30                HAL_RCC_GetPCLK1Freq
 .text.HAL_RCC_GetPCLK2Freq
                0x08004b5c       0x2c ./Drivers/STM32G4xx_HAL_Driver/Src/stm32g4xx_hal_rcc.o
                0x08004b5c                HAL_RCC_GetPCLK2Freq
 .text.RCC_GetSysClockFreqFromPLLSource
                0x08004b88       0x8c ./Drivers/STM32G4xx_HAL_Driver/Src/stm32g4xx_hal_rcc.o
 .text.HAL_RCCEx_PeriphCLKConfig
                0x08004c14      0x478 ./Drivers/STM32G4xx_HAL_Driver/Src/stm32g4xx_hal_rcc_ex.o
                0x08004c14                HAL_RCCEx_PeriphCLKConfig
 .text.HAL_RCCEx_GetPeriphCLKFreq
                0x0800508c      0xa24 ./Drivers/STM32G4xx_HAL_Driver/Src/stm32g4xx_hal_rcc_ex.o
                0x0800508c                HAL_RCCEx_GetPeriphCLKFreq
 .text.HAL_SPI_Init
                0x08005ab0      0x156 ./Drivers/STM32G4xx_HAL_Driver/Src/stm32g4xx_hal_spi.o
                0x08005ab0                HAL_SPI_Init
 .text.HAL_UART_Init
                0x08005c06       0xa0 ./Drivers/STM32G4xx_HAL_Driver/Src/stm32g4xx_hal_uart.o
                0x08005c06                HAL_UART_Init
 *fill*         0x08005ca6        0x2 
 .text.UART_SetConfig
                0x08005ca8      0x5f8 ./Drivers/STM32G4xx_HAL_Driver/Src/stm32g4xx_hal_uart.o
                0x08005ca8                UART_SetConfig
 .text.UART_AdvFeatureConfig
                0x080062a0      0x144 ./Drivers/STM32G4xx_HAL_Driver/Src/stm32g4xx_hal_uart.o
                0x080062a0                UART_AdvFeatureConfig
 .text.UART_CheckIdleState
                0x080063e4      0x154 ./Drivers/STM32G4xx_HAL_Driver/Src/stm32g4xx_hal_uart.o
                0x080063e4                UART_CheckIdleState
 .text.UART_WaitOnFlagUntilTimeout
                0x08006538       0xda ./Drivers/STM32G4xx_HAL_Driver/Src/stm32g4xx_hal_uart.o
                0x08006538                UART_WaitOnFlagUntilTimeout
 .text.UART_EndRxTransfer
                0x08006612       0xcc ./Drivers/STM32G4xx_HAL_Driver/Src/stm32g4xx_hal_uart.o
 .text.HAL_UARTEx_DisableFifoMode
                0x080066de       0x72 ./Drivers/STM32G4xx_HAL_Driver/Src/stm32g4xx_hal_uart_ex.o
                0x080066de                HAL_UARTEx_DisableFifoMode
 .text.HAL_UARTEx_SetTxFifoThreshold
                0x08006750       0x7c ./Drivers/STM32G4xx_HAL_Driver/Src/stm32g4xx_hal_uart_ex.o
                0x08006750                HAL_UARTEx_SetTxFifoThreshold
 .text.HAL_UARTEx_SetRxFifoThreshold
                0x080067cc       0x7c ./Drivers/STM32G4xx_HAL_Driver/Src/stm32g4xx_hal_uart_ex.o
                0x080067cc                HAL_UARTEx_SetRxFifoThreshold
 .text.UARTEx_SetNbDataToProcess
                0x08006848       0x9c ./Drivers/STM32G4xx_HAL_Driver/Src/stm32g4xx_hal_uart_ex.o
 .text.USB_EnableGlobalInt
                0x080068e4       0x2e ./Drivers/STM32G4xx_HAL_Driver/Src/stm32g4xx_ll_usb.o
                0x080068e4                USB_EnableGlobalInt
 .text.USB_DisableGlobalInt
                0x08006912       0x36 ./Drivers/STM32G4xx_HAL_Driver/Src/stm32g4xx_ll_usb.o
                0x08006912                USB_DisableGlobalInt
 .text.USB_DevInit
                0x08006948       0x3c ./Drivers/STM32G4xx_HAL_Driver/Src/stm32g4xx_ll_usb.o
                0x08006948                USB_DevInit
 .text.USB_ActivateEndpoint
                0x08006984      0x788 ./Drivers/STM32G4xx_HAL_Driver/Src/stm32g4xx_ll_usb.o
                0x08006984                USB_ActivateEndpoint
 .text.USB_DeactivateEndpoint
                0x0800710c      0x3da ./Drivers/STM32G4xx_HAL_Driver/Src/stm32g4xx_ll_usb.o
                0x0800710c                USB_DeactivateEndpoint
 .text.USB_EPStartXfer
                0x080074e6     0x1762 ./Drivers/STM32G4xx_HAL_Driver/Src/stm32g4xx_ll_usb.o
                0x080074e6                USB_EPStartXfer
 .text.USB_EPSetStall
                0x08008c48       0xa2 ./Drivers/STM32G4xx_HAL_Driver/Src/stm32g4xx_ll_usb.o
                0x08008c48                USB_EPSetStall
 .text.USB_EPClearStall
                0x08008cea      0x15c ./Drivers/STM32G4xx_HAL_Driver/Src/stm32g4xx_ll_usb.o
                0x08008cea                USB_EPClearStall
 .text.USB_SetDevAddress
                0x08008e46       0x28 ./Drivers/STM32G4xx_HAL_Driver/Src/stm32g4xx_ll_usb.o
                0x08008e46                USB_SetDevAddress
 .text.USB_DevConnect
                0x08008e6e       0x2e ./Drivers/STM32G4xx_HAL_Driver/Src/stm32g4xx_ll_usb.o
                0x08008e6e                USB_DevConnect
 .text.USB_ReadInterrupts
                0x08008e9c       0x20 ./Drivers/STM32G4xx_HAL_Driver/Src/stm32g4xx_ll_usb.o
                0x08008e9c                USB_ReadInterrupts
 .text.USB_WritePMA
                0x08008ebc       0x84 ./Drivers/STM32G4xx_HAL_Driver/Src/stm32g4xx_ll_usb.o
                0x08008ebc                USB_WritePMA
 .text.USB_ReadPMA
                0x08008f40       0x98 ./Drivers/STM32G4xx_HAL_Driver/Src/stm32g4xx_ll_usb.o
                0x08008f40                USB_ReadPMA
 .text.USBD_CDC_Init
                0x08008fd8       0xfe ./Middlewares/ST/STM32_USB_Device_Library/Class/CDC/Src/usbd_cdc.o
 .text.USBD_CDC_DeInit
                0x080090d6       0x74 ./Middlewares/ST/STM32_USB_Device_Library/Class/CDC/Src/usbd_cdc.o
 *fill*         0x0800914a        0x2 
 .text.USBD_CDC_Setup
                0x0800914c      0x190 ./Middlewares/ST/STM32_USB_Device_Library/Class/CDC/Src/usbd_cdc.o
 .text.USBD_CDC_DataIn
                0x080092dc       0xca ./Middlewares/ST/STM32_USB_Device_Library/Class/CDC/Src/usbd_cdc.o
 .text.USBD_CDC_DataOut
                0x080093a6       0x56 ./Middlewares/ST/STM32_USB_Device_Library/Class/CDC/Src/usbd_cdc.o
 .text.USBD_CDC_EP0_RxReady
                0x080093fc       0x58 ./Middlewares/ST/STM32_USB_Device_Library/Class/CDC/Src/usbd_cdc.o
 .text.USBD_CDC_GetFSCfgDesc
                0x08009454       0x20 ./Middlewares/ST/STM32_USB_Device_Library/Class/CDC/Src/usbd_cdc.o
 .text.USBD_CDC_GetHSCfgDesc
                0x08009474       0x20 ./Middlewares/ST/STM32_USB_Device_Library/Class/CDC/Src/usbd_cdc.o
 .text.USBD_CDC_GetOtherSpeedCfgDesc
                0x08009494       0x20 ./Middlewares/ST/STM32_USB_Device_Library/Class/CDC/Src/usbd_cdc.o
 .text.USBD_CDC_GetDeviceQualifierDescriptor
                0x080094b4       0x20 ./Middlewares/ST/STM32_USB_Device_Library/Class/CDC/Src/usbd_cdc.o
                0x080094b4                USBD_CDC_GetDeviceQualifierDescriptor
 .text.USBD_CDC_RegisterInterface
                0x080094d4       0x2a ./Middlewares/ST/STM32_USB_Device_Library/Class/CDC/Src/usbd_cdc.o
                0x080094d4                USBD_CDC_RegisterInterface
 .text.USBD_CDC_SetTxBuffer
                0x080094fe       0x3c ./Middlewares/ST/STM32_USB_Device_Library/Class/CDC/Src/usbd_cdc.o
                0x080094fe                USBD_CDC_SetTxBuffer
 .text.USBD_CDC_SetRxBuffer
                0x0800953a       0x32 ./Middlewares/ST/STM32_USB_Device_Library/Class/CDC/Src/usbd_cdc.o
                0x0800953a                USBD_CDC_SetRxBuffer
 .text.USBD_CDC_TransmitPacket
                0x0800956c       0x60 ./Middlewares/ST/STM32_USB_Device_Library/Class/CDC/Src/usbd_cdc.o
                0x0800956c                USBD_CDC_TransmitPacket
 .text.USBD_CDC_ReceivePacket
                0x080095cc       0x54 ./Middlewares/ST/STM32_USB_Device_Library/Class/CDC/Src/usbd_cdc.o
                0x080095cc                USBD_CDC_ReceivePacket
 .text.USBD_Init
                0x08009620       0x60 ./Middlewares/ST/STM32_USB_Device_Library/Core/Src/usbd_core.o
                0x08009620                USBD_Init
 .text.USBD_RegisterClass
                0x08009680       0x4e ./Middlewares/ST/STM32_USB_Device_Library/Core/Src/usbd_core.o
                0x08009680                USBD_RegisterClass
 .text.USBD_Start
                0x080096ce       0x18 ./Middlewares/ST/STM32_USB_Device_Library/Core/Src/usbd_core.o
                0x080096ce                USBD_Start
 .text.USBD_RunTestMode
                0x080096e6       0x16 ./Middlewares/ST/STM32_USB_Device_Library/Core/Src/usbd_core.o
                0x080096e6                USBD_RunTestMode
 .text.USBD_SetClassConfig
                0x080096fc       0x38 ./Middlewares/ST/STM32_USB_Device_Library/Core/Src/usbd_core.o
                0x080096fc                USBD_SetClassConfig
 .text.USBD_ClrClassConfig
                0x08009734       0x30 ./Middlewares/ST/STM32_USB_Device_Library/Core/Src/usbd_core.o
                0x08009734                USBD_ClrClassConfig
 .text.USBD_LL_SetupStage
                0x08009764       0xaa ./Middlewares/ST/STM32_USB_Device_Library/Core/Src/usbd_core.o
                0x08009764                USBD_LL_SetupStage
 .text.USBD_LL_DataOutStage
                0x0800980e       0xc6 ./Middlewares/ST/STM32_USB_Device_Library/Core/Src/usbd_core.o
                0x0800980e                USBD_LL_DataOutStage
 .text.USBD_LL_DataInStage
                0x080098d4      0x12c ./Middlewares/ST/STM32_USB_Device_Library/Core/Src/usbd_core.o
                0x080098d4                USBD_LL_DataInStage
 .text.USBD_LL_Reset
                0x08009a00       0x9c ./Middlewares/ST/STM32_USB_Device_Library/Core/Src/usbd_core.o
                0x08009a00                USBD_LL_Reset
 .text.USBD_LL_SetSpeed
                0x08009a9c       0x20 ./Middlewares/ST/STM32_USB_Device_Library/Core/Src/usbd_core.o
                0x08009a9c                USBD_LL_SetSpeed
 .text.USBD_LL_Suspend
                0x08009abc       0x2c ./Middlewares/ST/STM32_USB_Device_Library/Core/Src/usbd_core.o
                0x08009abc                USBD_LL_Suspend
 .text.USBD_LL_Resume
                0x08009ae8       0x30 ./Middlewares/ST/STM32_USB_Device_Library/Core/Src/usbd_core.o
                0x08009ae8                USBD_LL_Resume
 .text.USBD_LL_SOF
                0x08009b18       0x44 ./Middlewares/ST/STM32_USB_Device_Library/Core/Src/usbd_core.o
                0x08009b18                USBD_LL_SOF
 .text.SWAPBYTE
                0x08009b5c       0x3c ./Middlewares/ST/STM32_USB_Device_Library/Core/Src/usbd_ctlreq.o
 .text.USBD_StdDevReq
                0x08009b98       0xdc ./Middlewares/ST/STM32_USB_Device_Library/Core/Src/usbd_ctlreq.o
                0x08009b98                USBD_StdDevReq
 .text.USBD_StdItfReq
                0x08009c74       0x92 ./Middlewares/ST/STM32_USB_Device_Library/Core/Src/usbd_ctlreq.o
                0x08009c74                USBD_StdItfReq
 .text.USBD_StdEPReq
                0x08009d06      0x2c4 ./Middlewares/ST/STM32_USB_Device_Library/Core/Src/usbd_ctlreq.o
                0x08009d06                USBD_StdEPReq
 *fill*         0x08009fca        0x2 
 .text.USBD_GetDescriptor
                0x08009fcc      0x328 ./Middlewares/ST/STM32_USB_Device_Library/Core/Src/usbd_ctlreq.o
 .text.USBD_SetAddress
                0x0800a2f4       0x88 ./Middlewares/ST/STM32_USB_Device_Library/Core/Src/usbd_ctlreq.o
 .text.USBD_SetConfig
                0x0800a37c      0x14c ./Middlewares/ST/STM32_USB_Device_Library/Core/Src/usbd_ctlreq.o
 .text.USBD_GetConfig
                0x0800a4c8       0x6c ./Middlewares/ST/STM32_USB_Device_Library/Core/Src/usbd_ctlreq.o
 .text.USBD_GetStatus
                0x0800a534       0x68 ./Middlewares/ST/STM32_USB_Device_Library/Core/Src/usbd_ctlreq.o
 .text.USBD_SetFeature
                0x0800a59c       0x28 ./Middlewares/ST/STM32_USB_Device_Library/Core/Src/usbd_ctlreq.o
 .text.USBD_ClrFeature
                0x0800a5c4       0x44 ./Middlewares/ST/STM32_USB_Device_Library/Core/Src/usbd_ctlreq.o
 .text.USBD_ParseSetupRequest
                0x0800a608       0x74 ./Middlewares/ST/STM32_USB_Device_Library/Core/Src/usbd_ctlreq.o
                0x0800a608                USBD_ParseSetupRequest
 .text.USBD_CtlError
                0x0800a67c       0x22 ./Middlewares/ST/STM32_USB_Device_Library/Core/Src/usbd_ctlreq.o
                0x0800a67c                USBD_CtlError
 .text.USBD_GetString
                0x0800a69e       0x8c ./Middlewares/ST/STM32_USB_Device_Library/Core/Src/usbd_ctlreq.o
                0x0800a69e                USBD_GetString
 .text.USBD_GetLen
                0x0800a72a       0x34 ./Middlewares/ST/STM32_USB_Device_Library/Core/Src/usbd_ctlreq.o
 .text.USBD_CtlSendData
                0x0800a75e       0x36 ./Middlewares/ST/STM32_USB_Device_Library/Core/Src/usbd_ioreq.o
                0x0800a75e                USBD_CtlSendData
 .text.USBD_CtlContinueSendData
                0x0800a794       0x22 ./Middlewares/ST/STM32_USB_Device_Library/Core/Src/usbd_ioreq.o
                0x0800a794                USBD_CtlContinueSendData
 .text.USBD_CtlPrepareRx
                0x0800a7b6       0x3a ./Middlewares/ST/STM32_USB_Device_Library/Core/Src/usbd_ioreq.o
                0x0800a7b6                USBD_CtlPrepareRx
 .text.USBD_CtlContinueRx
                0x0800a7f0       0x22 ./Middlewares/ST/STM32_USB_Device_Library/Core/Src/usbd_ioreq.o
                0x0800a7f0                USBD_CtlContinueRx
 .text.USBD_CtlSendStatus
                0x0800a812       0x26 ./Middlewares/ST/STM32_USB_Device_Library/Core/Src/usbd_ioreq.o
                0x0800a812                USBD_CtlSendStatus
 .text.USBD_CtlReceiveStatus
                0x0800a838       0x26 ./Middlewares/ST/STM32_USB_Device_Library/Core/Src/usbd_ioreq.o
                0x0800a838                USBD_CtlReceiveStatus
 *fill*         0x0800a85e        0x2 
 .text.MX_USB_Device_Init
                0x0800a860       0x60 ./USB_Device/App/usb_device.o
                0x0800a860                MX_USB_Device_Init
 .text.CDC_Init_FS
                0x0800a8c0       0x28 ./USB_Device/App/usbd_cdc_if.o
 .text.CDC_DeInit_FS
                0x0800a8e8       0x10 ./USB_Device/App/usbd_cdc_if.o
 .text.CDC_Control_FS
                0x0800a8f8       0xbc ./USB_Device/App/usbd_cdc_if.o
 .text.CDC_Receive_FS
                0x0800a9b4       0x5c ./USB_Device/App/usbd_cdc_if.o
 .text.CDC_Transmit_FS
                0x0800aa10       0x4c ./USB_Device/App/usbd_cdc_if.o
                0x0800aa10                CDC_Transmit_FS
 .text.CDC_TransmitCplt_FS
                0x0800aa5c       0x22 ./USB_Device/App/usbd_cdc_if.o
 *fill*         0x0800aa7e        0x2 
 .text.USBD_CDC_DeviceDescriptor
                0x0800aa80       0x24 ./USB_Device/App/usbd_desc.o
                0x0800aa80                USBD_CDC_DeviceDescriptor
 .text.USBD_CDC_LangIDStrDescriptor
                0x0800aaa4       0x24 ./USB_Device/App/usbd_desc.o
                0x0800aaa4                USBD_CDC_LangIDStrDescriptor
 .text.USBD_CDC_ProductStrDescriptor
                0x0800aac8       0x3c ./USB_Device/App/usbd_desc.o
                0x0800aac8                USBD_CDC_ProductStrDescriptor
 .text.USBD_CDC_ManufacturerStrDescriptor
                0x0800ab04       0x28 ./USB_Device/App/usbd_desc.o
                0x0800ab04                USBD_CDC_ManufacturerStrDescriptor
 .text.USBD_CDC_SerialStrDescriptor
                0x0800ab2c       0x24 ./USB_Device/App/usbd_desc.o
                0x0800ab2c                USBD_CDC_SerialStrDescriptor
 .text.USBD_CDC_ConfigStrDescriptor
                0x0800ab50       0x3c ./USB_Device/App/usbd_desc.o
                0x0800ab50                USBD_CDC_ConfigStrDescriptor
 .text.USBD_CDC_InterfaceStrDescriptor
                0x0800ab8c       0x3c ./USB_Device/App/usbd_desc.o
                0x0800ab8c                USBD_CDC_InterfaceStrDescriptor
 .text.Get_SerialNum
                0x0800abc8       0x58 ./USB_Device/App/usbd_desc.o
 .text.IntToUnicode
                0x0800ac20       0x7e ./USB_Device/App/usbd_desc.o
 *fill*         0x0800ac9e        0x2 
 .text.HAL_PCD_MspInit
                0x0800aca0       0x78 ./USB_Device/Target/usbd_conf.o
                0x0800aca0                HAL_PCD_MspInit
 .text.HAL_PCD_SetupStageCallback
                0x0800ad18       0x24 ./USB_Device/Target/usbd_conf.o
                0x0800ad18                HAL_PCD_SetupStageCallback
 .text.HAL_PCD_DataOutStageCallback
                0x0800ad3c       0x36 ./USB_Device/Target/usbd_conf.o
                0x0800ad3c                HAL_PCD_DataOutStageCallback
 .text.HAL_PCD_DataInStageCallback
                0x0800ad72       0x34 ./USB_Device/Target/usbd_conf.o
                0x0800ad72                HAL_PCD_DataInStageCallback
 .text.HAL_PCD_SOFCallback
                0x0800ada6       0x1c ./USB_Device/Target/usbd_conf.o
                0x0800ada6                HAL_PCD_SOFCallback
 .text.HAL_PCD_ResetCallback
                0x0800adc2       0x3c ./USB_Device/Target/usbd_conf.o
                0x0800adc2                HAL_PCD_ResetCallback
 *fill*         0x0800adfe        0x2 
 .text.HAL_PCD_SuspendCallback
                0x0800ae00       0x34 ./USB_Device/Target/usbd_conf.o
                0x0800ae00                HAL_PCD_SuspendCallback
 .text.HAL_PCD_ResumeCallback
                0x0800ae34       0x38 ./USB_Device/Target/usbd_conf.o
                0x0800ae34                HAL_PCD_ResumeCallback
 .text.USBD_LL_Init
                0x0800ae6c       0xc0 ./USB_Device/Target/usbd_conf.o
                0x0800ae6c                USBD_LL_Init
 .text.USBD_LL_Start
                0x0800af2c       0x36 ./USB_Device/Target/usbd_conf.o
                0x0800af2c                USBD_LL_Start
 .text.USBD_LL_OpenEP
                0x0800af62       0x4c ./USB_Device/Target/usbd_conf.o
                0x0800af62                USBD_LL_OpenEP
 .text.USBD_LL_CloseEP
                0x0800afae       0x3e ./USB_Device/Target/usbd_conf.o
                0x0800afae                USBD_LL_CloseEP
 .text.USBD_LL_StallEP
                0x0800afec       0x3e ./USB_Device/Target/usbd_conf.o
                0x0800afec                USBD_LL_StallEP
 .text.USBD_LL_ClearStallEP
                0x0800b02a       0x3e ./USB_Device/Target/usbd_conf.o
                0x0800b02a                USBD_LL_ClearStallEP
 .text.USBD_LL_IsStallEP
                0x0800b068       0x58 ./USB_Device/Target/usbd_conf.o
                0x0800b068                USBD_LL_IsStallEP
 .text.USBD_LL_SetUSBAddress
                0x0800b0c0       0x3e ./USB_Device/Target/usbd_conf.o
                0x0800b0c0                USBD_LL_SetUSBAddress
 .text.USBD_LL_Transmit
                0x0800b0fe       0x42 ./USB_Device/Target/usbd_conf.o
                0x0800b0fe                USBD_LL_Transmit
 .text.USBD_LL_PrepareReceive
                0x0800b140       0x42 ./USB_Device/Target/usbd_conf.o
                0x0800b140                USBD_LL_PrepareReceive
 .text.USBD_LL_GetRxDataSize
                0x0800b182       0x26 ./USB_Device/Target/usbd_conf.o
                0x0800b182                USBD_LL_GetRxDataSize
 .text.HAL_PCDEx_LPM_Callback
                0x0800b1a8       0x6c ./USB_Device/Target/usbd_conf.o
                0x0800b1a8                HAL_PCDEx_LPM_Callback
 .text.USBD_static_malloc
                0x0800b214       0x1c ./USB_Device/Target/usbd_conf.o
                0x0800b214                USBD_static_malloc
 .text.USBD_static_free
                0x0800b230       0x14 ./USB_Device/Target/usbd_conf.o
                0x0800b230                USBD_static_free
 .text.SystemClockConfig_Resume
                0x0800b244        0xc ./USB_Device/Target/usbd_conf.o
 .text.USBD_Get_USB_Status
                0x0800b250       0x58 ./USB_Device/Target/usbd_conf.o
 .text.memset   0x0800b2a8       0x10 C:/ST/STM32CubeIDE_1.15.0/STM32CubeIDE/plugins/com.st.stm32cube.ide.mcu.externaltools.gnu-tools-for-stm32.12.3.rel1.win32_1.0.100.202403111256/tools/bin/../lib/gcc/arm-none-eabi/12.3.1/../../../../arm-none-eabi/lib/thumb/v7e-m+fp/hard\libc_nano.a(libc_a-memset.o)
                0x0800b2a8                memset
 .text.__libc_init_array
                0x0800b2b8       0x48 C:/ST/STM32CubeIDE_1.15.0/STM32CubeIDE/plugins/com.st.stm32cube.ide.mcu.externaltools.gnu-tools-for-stm32.12.3.rel1.win32_1.0.100.202403111256/tools/bin/../lib/gcc/arm-none-eabi/12.3.1/../../../../arm-none-eabi/lib/thumb/v7e-m+fp/hard\libc_nano.a(libc_a-init.o)
                0x0800b2b8                __libc_init_array
 .text.memcpy   0x0800b300       0x1c C:/ST/STM32CubeIDE_1.15.0/STM32CubeIDE/plugins/com.st.stm32cube.ide.mcu.externaltools.gnu-tools-for-stm32.12.3.rel1.win32_1.0.100.202403111256/tools/bin/../lib/gcc/arm-none-eabi/12.3.1/../../../../arm-none-eabi/lib/thumb/v7e-m+fp/hard\libc_nano.a(libc_a-memcpy-stub.o)
                0x0800b300                memcpy
 *(.glue_7)
 .glue_7        0x0800b31c        0x0 linker stubs
 *(.glue_7t)
 .glue_7t       0x0800b31c        0x0 linker stubs
 *(.eh_frame)
 .eh_frame      0x0800b31c        0x0 C:/ST/STM32CubeIDE_1.15.0/STM32CubeIDE/plugins/com.st.stm32cube.ide.mcu.externaltools.gnu-tools-for-stm32.12.3.rel1.win32_1.0.100.202403111256/tools/bin/../lib/gcc/arm-none-eabi/12.3.1/thumb/v7e-m+fp/hard/crtbegin.o
 *(.init)
 .init          0x0800b31c        0x4 C:/ST/STM32CubeIDE_1.15.0/STM32CubeIDE/plugins/com.st.stm32cube.ide.mcu.externaltools.gnu-tools-for-stm32.12.3.rel1.win32_1.0.100.202403111256/tools/bin/../lib/gcc/arm-none-eabi/12.3.1/thumb/v7e-m+fp/hard/crti.o
                0x0800b31c                _init
 .init          0x0800b320        0x8 C:/ST/STM32CubeIDE_1.15.0/STM32CubeIDE/plugins/com.st.stm32cube.ide.mcu.externaltools.gnu-tools-for-stm32.12.3.rel1.win32_1.0.100.202403111256/tools/bin/../lib/gcc/arm-none-eabi/12.3.1/thumb/v7e-m+fp/hard/crtn.o
 *(.fini)
 .fini          0x0800b328        0x4 C:/ST/STM32CubeIDE_1.15.0/STM32CubeIDE/plugins/com.st.stm32cube.ide.mcu.externaltools.gnu-tools-for-stm32.12.3.rel1.win32_1.0.100.202403111256/tools/bin/../lib/gcc/arm-none-eabi/12.3.1/thumb/v7e-m+fp/hard/crti.o
                0x0800b328                _fini
 .fini          0x0800b32c        0x8 C:/ST/STM32CubeIDE_1.15.0/STM32CubeIDE/plugins/com.st.stm32cube.ide.mcu.externaltools.gnu-tools-for-stm32.12.3.rel1.win32_1.0.100.202403111256/tools/bin/../lib/gcc/arm-none-eabi/12.3.1/thumb/v7e-m+fp/hard/crtn.o
                0x0800b334                        . = ALIGN (0x4)
                0x0800b334                        _etext = .

.vfp11_veneer   0x0800b334        0x0
 .vfp11_veneer  0x0800b334        0x0 linker stubs

.v4_bx          0x0800b334        0x0
 .v4_bx         0x0800b334        0x0 linker stubs

.iplt           0x0800b334        0x0
 .iplt          0x0800b334        0x0 C:/ST/STM32CubeIDE_1.15.0/STM32CubeIDE/plugins/com.st.stm32cube.ide.mcu.externaltools.gnu-tools-for-stm32.12.3.rel1.win32_1.0.100.202403111256/tools/bin/../lib/gcc/arm-none-eabi/12.3.1/thumb/v7e-m+fp/hard/crtbegin.o

.rodata         0x0800b334       0x90
                0x0800b334                        . = ALIGN (0x4)
 *(.rodata)
 .rodata        0x0800b334        0xc ./Core/Src/main.o
 .rodata        0x0800b340       0x42 ./USB_Device/App/usbd_desc.o
 *(.rodata*)
 *fill*         0x0800b382        0x2 
 .rodata.AHBPrescTable
                0x0800b384       0x10 ./Core/Src/system_stm32g4xx.o
                0x0800b384                AHBPrescTable
 .rodata.APBPrescTable
                0x0800b394        0x8 ./Core/Src/system_stm32g4xx.o
                0x0800b394                APBPrescTable
 .rodata.UARTPrescTable
                0x0800b39c       0x18 ./Drivers/STM32G4xx_HAL_Driver/Src/stm32g4xx_hal_uart.o
                0x0800b39c                UARTPrescTable
 .rodata.numerator.1
                0x0800b3b4        0x8 ./Drivers/STM32G4xx_HAL_Driver/Src/stm32g4xx_hal_uart_ex.o
 .rodata.denominator.0
                0x0800b3bc        0x8 ./Drivers/STM32G4xx_HAL_Driver/Src/stm32g4xx_hal_uart_ex.o
                0x0800b3c4                        . = ALIGN (0x4)

.ARM.extab      0x0800b3c4        0x0
                0x0800b3c4                        . = ALIGN (0x4)
 *(.ARM.extab* .gnu.linkonce.armextab.*)
                0x0800b3c4                        . = ALIGN (0x4)

.ARM            0x0800b3c4        0x8
                0x0800b3c4                        . = ALIGN (0x4)
                0x0800b3c4                        __exidx_start = .
 *(.ARM.exidx*)
 .ARM.exidx     0x0800b3c4        0x8 C:/ST/STM32CubeIDE_1.15.0/STM32CubeIDE/plugins/com.st.stm32cube.ide.mcu.externaltools.gnu-tools-for-stm32.12.3.rel1.win32_1.0.100.202403111256/tools/bin/../lib/gcc/arm-none-eabi/12.3.1/../../../../arm-none-eabi/lib/thumb/v7e-m+fp/hard\libc_nano.a(libc_a-strlen.o)
 .ARM.exidx     0x0800b3cc        0x0 C:/ST/STM32CubeIDE_1.15.0/STM32CubeIDE/plugins/com.st.stm32cube.ide.mcu.externaltools.gnu-tools-for-stm32.12.3.rel1.win32_1.0.100.202403111256/tools/bin/../lib/gcc/arm-none-eabi/12.3.1/thumb/v7e-m+fp/hard\libgcc.a(_udivmoddi4.o)
                                  0x8 (size before relaxing)
                0x0800b3cc                        __exidx_end = .
                0x0800b3cc                        . = ALIGN (0x4)

.preinit_array  0x0800b3cc        0x0
                0x0800b3cc                        . = ALIGN (0x4)
                0x0800b3cc                        PROVIDE (__preinit_array_start = .)
 *(.preinit_array*)
                0x0800b3cc                        PROVIDE (__preinit_array_end = .)
                0x0800b3cc                        . = ALIGN (0x4)

.init_array     0x0800b3cc        0x4
                0x0800b3cc                        . = ALIGN (0x4)
                0x0800b3cc                        PROVIDE (__init_array_start = .)
 *(SORT_BY_NAME(.init_array.*))
 *(.init_array*)
 .init_array    0x0800b3cc        0x4 C:/ST/STM32CubeIDE_1.15.0/STM32CubeIDE/plugins/com.st.stm32cube.ide.mcu.externaltools.gnu-tools-for-stm32.12.3.rel1.win32_1.0.100.202403111256/tools/bin/../lib/gcc/arm-none-eabi/12.3.1/thumb/v7e-m+fp/hard/crtbegin.o
                0x0800b3d0                        PROVIDE (__init_array_end = .)
                0x0800b3d0                        . = ALIGN (0x4)

.fini_array     0x0800b3d0        0x4
                0x0800b3d0                        . = ALIGN (0x4)
                [!provide]                        PROVIDE (__fini_array_start = .)
 *(SORT_BY_NAME(.fini_array.*))
 *(.fini_array*)
 .fini_array    0x0800b3d0        0x4 C:/ST/STM32CubeIDE_1.15.0/STM32CubeIDE/plugins/com.st.stm32cube.ide.mcu.externaltools.gnu-tools-for-stm32.12.3.rel1.win32_1.0.100.202403111256/tools/bin/../lib/gcc/arm-none-eabi/12.3.1/thumb/v7e-m+fp/hard/crtbegin.o
                [!provide]                        PROVIDE (__fini_array_end = .)
                0x0800b3d4                        . = ALIGN (0x4)
                0x0800b3d4                        _sidata = LOADADDR (.data)

.rel.dyn        0x0800b3d4        0x0
 .rel.iplt      0x0800b3d4        0x0 C:/ST/STM32CubeIDE_1.15.0/STM32CubeIDE/plugins/com.st.stm32cube.ide.mcu.externaltools.gnu-tools-for-stm32.12.3.rel1.win32_1.0.100.202403111256/tools/bin/../lib/gcc/arm-none-eabi/12.3.1/thumb/v7e-m+fp/hard/crtbegin.o

.data           0x20000000      0x188 load address 0x0800b3d4
                0x20000000                        . = ALIGN (0x4)
                0x20000000                        _sdata = .
 *(.data)
 *(.data*)
 .data.data     0x20000000        0x4 ./Core/Src/main.o
                0x20000000                data
 .data.SystemCoreClock
                0x20000004        0x4 ./Core/Src/system_stm32g4xx.o
                0x20000004                SystemCoreClock
 .data.uwTickPrio
                0x20000008        0x4 ./Drivers/STM32G4xx_HAL_Driver/Src/stm32g4xx_hal.o
                0x20000008                uwTickPrio
 .data.uwTickFreq
                0x2000000c        0x4 ./Drivers/STM32G4xx_HAL_Driver/Src/stm32g4xx_hal.o
                0x2000000c                uwTickFreq
 .data.USBD_CDC_DeviceQualifierDesc
                0x20000010        0xa ./Middlewares/ST/STM32_USB_Device_Library/Class/CDC/Src/usbd_cdc.o
 *fill*         0x2000001a        0x2 
 .data.USBD_CDC
                0x2000001c       0x38 ./Middlewares/ST/STM32_USB_Device_Library/Class/CDC/Src/usbd_cdc.o
                0x2000001c                USBD_CDC
 .data.USBD_CDC_CfgHSDesc
                0x20000054       0x43 ./Middlewares/ST/STM32_USB_Device_Library/Class/CDC/Src/usbd_cdc.o
 *fill*         0x20000097        0x1 
 .data.USBD_CDC_CfgFSDesc
                0x20000098       0x43 ./Middlewares/ST/STM32_USB_Device_Library/Class/CDC/Src/usbd_cdc.o
 *fill*         0x200000db        0x1 
 .data.USBD_CDC_OtherSpeedCfgDesc
                0x200000dc       0x43 ./Middlewares/ST/STM32_USB_Device_Library/Class/CDC/Src/usbd_cdc.o
 *fill*         0x2000011f        0x1 
 .data.USBD_Interface_fops_FS
                0x20000120       0x14 ./USB_Device/App/usbd_cdc_if.o
                0x20000120                USBD_Interface_fops_FS
 .data.CDC_Desc
                0x20000134       0x20 ./USB_Device/App/usbd_desc.o
                0x20000134                CDC_Desc
 .data.USBD_CDC_DeviceDesc
                0x20000154       0x12 ./USB_Device/App/usbd_desc.o
                0x20000154                USBD_CDC_DeviceDesc
 *fill*         0x20000166        0x2 
 .data.USBD_LangIDDesc
                0x20000168        0x4 ./USB_Device/App/usbd_desc.o
                0x20000168                USBD_LangIDDesc
 .data.USBD_StringSerial
                0x2000016c       0x1a ./USB_Device/App/usbd_desc.o
                0x2000016c                USBD_StringSerial
 *(.RamFunc)
 *(.RamFunc*)
                0x20000188                        . = ALIGN (0x4)
 *fill*         0x20000186        0x2 
                0x20000188                        _edata = .

.igot.plt       0x20000188        0x0 load address 0x0800b55c
 .igot.plt      0x20000188        0x0 C:/ST/STM32CubeIDE_1.15.0/STM32CubeIDE/plugins/com.st.stm32cube.ide.mcu.externaltools.gnu-tools-for-stm32.12.3.rel1.win32_1.0.100.202403111256/tools/bin/../lib/gcc/arm-none-eabi/12.3.1/thumb/v7e-m+fp/hard/crtbegin.o
                0x20000188                        . = ALIGN (0x4)

.bss            0x20000188     0x1c1c load address 0x0800b55c
                0x20000188                        _sbss = .
                0x20000188                        __bss_start__ = _sbss
 *(.bss)
 .bss           0x20000188       0x1c C:/ST/STM32CubeIDE_1.15.0/STM32CubeIDE/plugins/com.st.stm32cube.ide.mcu.externaltools.gnu-tools-for-stm32.12.3.rel1.win32_1.0.100.202403111256/tools/bin/../lib/gcc/arm-none-eabi/12.3.1/thumb/v7e-m+fp/hard/crtbegin.o
 *(.bss*)
 .bss.hi2c3     0x200001a4       0x54 ./Core/Src/i2c.o
                0x200001a4                hi2c3
 .bss.hi2s2     0x200001f8       0x3c ./Core/Src/i2s.o
                0x200001f8                hi2s2
 .bss.hdma_spi2_tx
                0x20000234       0x60 ./Core/Src/i2s.o
                0x20000234                hdma_spi2_tx
 .bss.usb_vcp_buffer
                0x20000294       0x40 ./Core/Src/main.o
                0x20000294                usb_vcp_buffer
 .bss.usb_data_present
                0x200002d4        0x4 ./Core/Src/main.o
                0x200002d4                usb_data_present
 .bss.hspi3     0x200002d8       0x64 ./Core/Src/spi.o
                0x200002d8                hspi3
 .bss.huart3    0x2000033c       0x94 ./Core/Src/usart.o
                0x2000033c                huart3
 .bss.uwTick    0x200003d0        0x4 ./Drivers/STM32G4xx_HAL_Driver/Src/stm32g4xx_hal.o
                0x200003d0                uwTick
 .bss.cfgidx.0  0x200003d4        0x1 ./Middlewares/ST/STM32_USB_Device_Library/Core/Src/usbd_ctlreq.o
 *fill*         0x200003d5        0x3 
 .bss.hUsbDeviceFS
                0x200003d8      0x2d0 ./USB_Device/App/usb_device.o
                0x200003d8                hUsbDeviceFS
 .bss.UserRxBufferFS
                0x200006a8      0x800 ./USB_Device/App/usbd_cdc_if.o
                0x200006a8                UserRxBufferFS
 .bss.UserTxBufferFS
                0x20000ea8      0x800 ./USB_Device/App/usbd_cdc_if.o
                0x20000ea8                UserTxBufferFS
 .bss.USBD_StrDesc
                0x200016a8      0x200 ./USB_Device/App/usbd_desc.o
                0x200016a8                USBD_StrDesc
 .bss.hpcd_USB_FS
                0x200018a8      0x2dc ./USB_Device/Target/usbd_conf.o
                0x200018a8                hpcd_USB_FS
 .bss.mem.0     0x20001b84      0x220 ./USB_Device/Target/usbd_conf.o
 *(COMMON)
                0x20001da4                        . = ALIGN (0x4)
                0x20001da4                        _ebss = .
                0x20001da4                        __bss_end__ = _ebss

._user_heap_stack
                0x20001da4      0x604 load address 0x0800b55c
                0x20001da8                        . = ALIGN (0x8)
 *fill*         0x20001da4        0x4 
                [!provide]                        PROVIDE (end = .)
                0x20001da8                        PROVIDE (_end = .)
                0x20001fa8                        . = (. + _Min_Heap_Size)
 *fill*         0x20001da8      0x200 
                0x200023a8                        . = (. + _Min_Stack_Size)
 *fill*         0x20001fa8      0x400 
                0x200023a8                        . = ALIGN (0x8)

/DISCARD/
 libc.a(*)
 libm.a(*)
 libgcc.a(*)

.ARM.attributes
                0x00000000       0x30
 *(.ARM.attributes)
 .ARM.attributes
                0x00000000       0x22 C:/ST/STM32CubeIDE_1.15.0/STM32CubeIDE/plugins/com.st.stm32cube.ide.mcu.externaltools.gnu-tools-for-stm32.12.3.rel1.win32_1.0.100.202403111256/tools/bin/../lib/gcc/arm-none-eabi/12.3.1/thumb/v7e-m+fp/hard/crti.o
 .ARM.attributes
                0x00000022       0x34 C:/ST/STM32CubeIDE_1.15.0/STM32CubeIDE/plugins/com.st.stm32cube.ide.mcu.externaltools.gnu-tools-for-stm32.12.3.rel1.win32_1.0.100.202403111256/tools/bin/../lib/gcc/arm-none-eabi/12.3.1/thumb/v7e-m+fp/hard/crtbegin.o
 .ARM.attributes
                0x00000056       0x34 ./Core/Src/dma.o
 .ARM.attributes
                0x0000008a       0x34 ./Core/Src/gpio.o
 .ARM.attributes
                0x000000be       0x34 ./Core/Src/i2c.o
 .ARM.attributes
                0x000000f2       0x34 ./Core/Src/i2s.o
 .ARM.attributes
                0x00000126       0x34 ./Core/Src/main.o
 .ARM.attributes
                0x0000015a       0x34 ./Core/Src/serial.o
 .ARM.attributes
                0x0000018e       0x34 ./Core/Src/spi.o
 .ARM.attributes
                0x000001c2       0x34 ./Core/Src/stm32g4xx_hal_msp.o
 .ARM.attributes
                0x000001f6       0x34 ./Core/Src/stm32g4xx_it.o
 .ARM.attributes
                0x0000022a       0x34 ./Core/Src/system_stm32g4xx.o
 .ARM.attributes
                0x0000025e       0x34 ./Core/Src/usart.o
 .ARM.attributes
                0x00000292       0x21 ./Core/Startup/startup_stm32g491retx.o
 .ARM.attributes
                0x000002b3       0x34 ./Drivers/Audio_DAC/audiodac.o
 .ARM.attributes
                0x000002e7       0x34 ./Drivers/GPIO_XPNDR/gpioxpndr.o
 .ARM.attributes
                0x0000031b       0x34 ./Drivers/STM32G4xx_HAL_Driver/Src/stm32g4xx_hal.o
 .ARM.attributes
                0x0000034f       0x34 ./Drivers/STM32G4xx_HAL_Driver/Src/stm32g4xx_hal_cortex.o
 .ARM.attributes
                0x00000383       0x34 ./Drivers/STM32G4xx_HAL_Driver/Src/stm32g4xx_hal_dma.o
 .ARM.attributes
                0x000003b7       0x34 ./Drivers/STM32G4xx_HAL_Driver/Src/stm32g4xx_hal_gpio.o
 .ARM.attributes
                0x000003eb       0x34 ./Drivers/STM32G4xx_HAL_Driver/Src/stm32g4xx_hal_i2c.o
 .ARM.attributes
                0x0000041f       0x34 ./Drivers/STM32G4xx_HAL_Driver/Src/stm32g4xx_hal_i2c_ex.o
 .ARM.attributes
                0x00000453       0x34 ./Drivers/STM32G4xx_HAL_Driver/Src/stm32g4xx_hal_i2s.o
 .ARM.attributes
                0x00000487       0x34 ./Drivers/STM32G4xx_HAL_Driver/Src/stm32g4xx_hal_pcd.o
 .ARM.attributes
                0x000004bb       0x34 ./Drivers/STM32G4xx_HAL_Driver/Src/stm32g4xx_hal_pcd_ex.o
 .ARM.attributes
                0x000004ef       0x34 ./Drivers/STM32G4xx_HAL_Driver/Src/stm32g4xx_hal_pwr_ex.o
 .ARM.attributes
                0x00000523       0x34 ./Drivers/STM32G4xx_HAL_Driver/Src/stm32g4xx_hal_rcc.o
 .ARM.attributes
                0x00000557       0x34 ./Drivers/STM32G4xx_HAL_Driver/Src/stm32g4xx_hal_rcc_ex.o
 .ARM.attributes
                0x0000058b       0x34 ./Drivers/STM32G4xx_HAL_Driver/Src/stm32g4xx_hal_spi.o
 .ARM.attributes
                0x000005bf       0x34 ./Drivers/STM32G4xx_HAL_Driver/Src/stm32g4xx_hal_uart.o
 .ARM.attributes
                0x000005f3       0x34 ./Drivers/STM32G4xx_HAL_Driver/Src/stm32g4xx_hal_uart_ex.o
 .ARM.attributes
                0x00000627       0x34 ./Drivers/STM32G4xx_HAL_Driver/Src/stm32g4xx_ll_usb.o
 .ARM.attributes
                0x0000065b       0x34 ./Middlewares/ST/STM32_USB_Device_Library/Class/CDC/Src/usbd_cdc.o
 .ARM.attributes
                0x0000068f       0x34 ./Middlewares/ST/STM32_USB_Device_Library/Core/Src/usbd_core.o
 .ARM.attributes
                0x000006c3       0x34 ./Middlewares/ST/STM32_USB_Device_Library/Core/Src/usbd_ctlreq.o
 .ARM.attributes
                0x000006f7       0x34 ./Middlewares/ST/STM32_USB_Device_Library/Core/Src/usbd_ioreq.o
 .ARM.attributes
                0x0000072b       0x34 ./USB_Device/App/usb_device.o
 .ARM.attributes
                0x0000075f       0x34 ./USB_Device/App/usbd_cdc_if.o
 .ARM.attributes
                0x00000793       0x34 ./USB_Device/App/usbd_desc.o
 .ARM.attributes
                0x000007c7       0x34 ./USB_Device/Target/usbd_conf.o
 .ARM.attributes
                0x000007fb       0x34 C:/ST/STM32CubeIDE_1.15.0/STM32CubeIDE/plugins/com.st.stm32cube.ide.mcu.externaltools.gnu-tools-for-stm32.12.3.rel1.win32_1.0.100.202403111256/tools/bin/../lib/gcc/arm-none-eabi/12.3.1/../../../../arm-none-eabi/lib/thumb/v7e-m+fp/hard\libc_nano.a(libc_a-memset.o)
 .ARM.attributes
                0x0000082f       0x34 C:/ST/STM32CubeIDE_1.15.0/STM32CubeIDE/plugins/com.st.stm32cube.ide.mcu.externaltools.gnu-tools-for-stm32.12.3.rel1.win32_1.0.100.202403111256/tools/bin/../lib/gcc/arm-none-eabi/12.3.1/../../../../arm-none-eabi/lib/thumb/v7e-m+fp/hard\libc_nano.a(libc_a-init.o)
 .ARM.attributes
                0x00000863       0x34 C:/ST/STM32CubeIDE_1.15.0/STM32CubeIDE/plugins/com.st.stm32cube.ide.mcu.externaltools.gnu-tools-for-stm32.12.3.rel1.win32_1.0.100.202403111256/tools/bin/../lib/gcc/arm-none-eabi/12.3.1/../../../../arm-none-eabi/lib/thumb/v7e-m+fp/hard\libc_nano.a(libc_a-memcpy-stub.o)
 .ARM.attributes
                0x00000897       0x17 C:/ST/STM32CubeIDE_1.15.0/STM32CubeIDE/plugins/com.st.stm32cube.ide.mcu.externaltools.gnu-tools-for-stm32.12.3.rel1.win32_1.0.100.202403111256/tools/bin/../lib/gcc/arm-none-eabi/12.3.1/../../../../arm-none-eabi/lib/thumb/v7e-m+fp/hard\libc_nano.a(libc_a-strlen.o)
 .ARM.attributes
                0x000008ae       0x22 C:/ST/STM32CubeIDE_1.15.0/STM32CubeIDE/plugins/com.st.stm32cube.ide.mcu.externaltools.gnu-tools-for-stm32.12.3.rel1.win32_1.0.100.202403111256/tools/bin/../lib/gcc/arm-none-eabi/12.3.1/thumb/v7e-m+fp/hard\libgcc.a(_aeabi_uldivmod.o)
 .ARM.attributes
                0x000008d0       0x34 C:/ST/STM32CubeIDE_1.15.0/STM32CubeIDE/plugins/com.st.stm32cube.ide.mcu.externaltools.gnu-tools-for-stm32.12.3.rel1.win32_1.0.100.202403111256/tools/bin/../lib/gcc/arm-none-eabi/12.3.1/thumb/v7e-m+fp/hard\libgcc.a(_udivmoddi4.o)
 .ARM.attributes
                0x00000904       0x22 C:/ST/STM32CubeIDE_1.15.0/STM32CubeIDE/plugins/com.st.stm32cube.ide.mcu.externaltools.gnu-tools-for-stm32.12.3.rel1.win32_1.0.100.202403111256/tools/bin/../lib/gcc/arm-none-eabi/12.3.1/thumb/v7e-m+fp/hard\libgcc.a(_dvmd_tls.o)
 .ARM.attributes
                0x00000926       0x22 C:/ST/STM32CubeIDE_1.15.0/STM32CubeIDE/plugins/com.st.stm32cube.ide.mcu.externaltools.gnu-tools-for-stm32.12.3.rel1.win32_1.0.100.202403111256/tools/bin/../lib/gcc/arm-none-eabi/12.3.1/thumb/v7e-m+fp/hard/crtn.o
OUTPUT(Init-Test-3.elf elf32-littlearm)
LOAD linker stubs
LOAD C:/ST/STM32CubeIDE_1.15.0/STM32CubeIDE/plugins/com.st.stm32cube.ide.mcu.externaltools.gnu-tools-for-stm32.12.3.rel1.win32_1.0.100.202403111256/tools/bin/../lib/gcc/arm-none-eabi/12.3.1/../../../../arm-none-eabi/lib/thumb/v7e-m+fp/hard\libc.a
LOAD C:/ST/STM32CubeIDE_1.15.0/STM32CubeIDE/plugins/com.st.stm32cube.ide.mcu.externaltools.gnu-tools-for-stm32.12.3.rel1.win32_1.0.100.202403111256/tools/bin/../lib/gcc/arm-none-eabi/12.3.1/../../../../arm-none-eabi/lib/thumb/v7e-m+fp/hard\libm.a
LOAD C:/ST/STM32CubeIDE_1.15.0/STM32CubeIDE/plugins/com.st.stm32cube.ide.mcu.externaltools.gnu-tools-for-stm32.12.3.rel1.win32_1.0.100.202403111256/tools/bin/../lib/gcc/arm-none-eabi/12.3.1/thumb/v7e-m+fp/hard\libgcc.a

.debug_info     0x00000000    0x1f253
 .debug_info    0x00000000      0x540 ./Core/Src/dma.o
 .debug_info    0x00000540      0x4b7 ./Core/Src/gpio.o
 .debug_info    0x000009f7      0xc96 ./Core/Src/i2c.o
 .debug_info    0x0000168d      0xbf3 ./Core/Src/i2s.o
 .debug_info    0x00002280      0xc15 ./Core/Src/main.o
 .debug_info    0x00002e95      0x24c ./Core/Src/serial.o
 .debug_info    0x000030e1      0xaec ./Core/Src/spi.o
 .debug_info    0x00003bcd      0x2da ./Core/Src/stm32g4xx_hal_msp.o
 .debug_info    0x00003ea7      0x97e ./Core/Src/stm32g4xx_it.o
 .debug_info    0x00004825      0x58e ./Core/Src/system_stm32g4xx.o
 .debug_info    0x00004db3      0xd96 ./Core/Src/usart.o
 .debug_info    0x00005b49       0x30 ./Core/Startup/startup_stm32g491retx.o
 .debug_info    0x00005b79      0x7fc ./Drivers/Audio_DAC/audiodac.o
 .debug_info    0x00006375      0x7fc ./Drivers/GPIO_XPNDR/gpioxpndr.o
 .debug_info    0x00006b71      0xb29 ./Drivers/STM32G4xx_HAL_Driver/Src/stm32g4xx_hal.o
 .debug_info    0x0000769a      0xd41 ./Drivers/STM32G4xx_HAL_Driver/Src/stm32g4xx_hal_cortex.o
 .debug_info    0x000083db      0x85f ./Drivers/STM32G4xx_HAL_Driver/Src/stm32g4xx_hal_dma.o
 .debug_info    0x00008c3a      0x763 ./Drivers/STM32G4xx_HAL_Driver/Src/stm32g4xx_hal_gpio.o
 .debug_info    0x0000939d     0x21db ./Drivers/STM32G4xx_HAL_Driver/Src/stm32g4xx_hal_i2c.o
 .debug_info    0x0000b578      0xad6 ./Drivers/STM32G4xx_HAL_Driver/Src/stm32g4xx_hal_i2c_ex.o
 .debug_info    0x0000c04e      0xdd1 ./Drivers/STM32G4xx_HAL_Driver/Src/stm32g4xx_hal_i2s.o
 .debug_info    0x0000ce1f     0x161b ./Drivers/STM32G4xx_HAL_Driver/Src/stm32g4xx_hal_pcd.o
 .debug_info    0x0000e43a      0x80a ./Drivers/STM32G4xx_HAL_Driver/Src/stm32g4xx_hal_pcd_ex.o
 .debug_info    0x0000ec44      0x93f ./Drivers/STM32G4xx_HAL_Driver/Src/stm32g4xx_hal_pwr_ex.o
 .debug_info    0x0000f583      0xb82 ./Drivers/STM32G4xx_HAL_Driver/Src/stm32g4xx_hal_rcc.o
 .debug_info    0x00010105      0xc39 ./Drivers/STM32G4xx_HAL_Driver/Src/stm32g4xx_hal_rcc_ex.o
 .debug_info    0x00010d3e     0x1748 ./Drivers/STM32G4xx_HAL_Driver/Src/stm32g4xx_hal_spi.o
 .debug_info    0x00012486     0x481e ./Drivers/STM32G4xx_HAL_Driver/Src/stm32g4xx_hal_uart.o
 .debug_info    0x00016ca4      0xfdd ./Drivers/STM32G4xx_HAL_Driver/Src/stm32g4xx_hal_uart_ex.o
 .debug_info    0x00017c81     0x166b ./Drivers/STM32G4xx_HAL_Driver/Src/stm32g4xx_ll_usb.o
 .debug_info    0x000192ec     0x1124 ./Middlewares/ST/STM32_USB_Device_Library/Class/CDC/Src/usbd_cdc.o
 .debug_info    0x0001a410      0xb1b ./Middlewares/ST/STM32_USB_Device_Library/Core/Src/usbd_core.o
 .debug_info    0x0001af2b      0xa57 ./Middlewares/ST/STM32_USB_Device_Library/Core/Src/usbd_ctlreq.o
 .debug_info    0x0001b982      0x720 ./Middlewares/ST/STM32_USB_Device_Library/Core/Src/usbd_ioreq.o
 .debug_info    0x0001c0a2      0x6d7 ./USB_Device/App/usb_device.o
 .debug_info    0x0001c779      0x94a ./USB_Device/App/usbd_cdc_if.o
 .debug_info    0x0001d0c3      0x45f ./USB_Device/App/usbd_desc.o
 .debug_info    0x0001d522     0x1d31 ./USB_Device/Target/usbd_conf.o

.debug_abbrev   0x00000000     0x4e98
 .debug_abbrev  0x00000000      0x109 ./Core/Src/dma.o
 .debug_abbrev  0x00000109      0x152 ./Core/Src/gpio.o
 .debug_abbrev  0x0000025b      0x213 ./Core/Src/i2c.o
 .debug_abbrev  0x0000046e      0x201 ./Core/Src/i2s.o
 .debug_abbrev  0x0000066f      0x2bd ./Core/Src/main.o
 .debug_abbrev  0x0000092c      0x122 ./Core/Src/serial.o
 .debug_abbrev  0x00000a4e      0x1ef ./Core/Src/spi.o
 .debug_abbrev  0x00000c3d       0xd9 ./Core/Src/stm32g4xx_hal_msp.o
 .debug_abbrev  0x00000d16      0x1b1 ./Core/Src/stm32g4xx_it.o
 .debug_abbrev  0x00000ec7      0x11a ./Core/Src/system_stm32g4xx.o
 .debug_abbrev  0x00000fe1      0x20d ./Core/Src/usart.o
 .debug_abbrev  0x000011ee       0x24 ./Core/Startup/startup_stm32g491retx.o
 .debug_abbrev  0x00001212      0x1b6 ./Drivers/Audio_DAC/audiodac.o
 .debug_abbrev  0x000013c8      0x1b6 ./Drivers/GPIO_XPNDR/gpioxpndr.o
 .debug_abbrev  0x0000157e      0x271 ./Drivers/STM32G4xx_HAL_Driver/Src/stm32g4xx_hal.o
 .debug_abbrev  0x000017ef      0x31c ./Drivers/STM32G4xx_HAL_Driver/Src/stm32g4xx_hal_cortex.o
 .debug_abbrev  0x00001b0b      0x1e2 ./Drivers/STM32G4xx_HAL_Driver/Src/stm32g4xx_hal_dma.o
 .debug_abbrev  0x00001ced      0x1cb ./Drivers/STM32G4xx_HAL_Driver/Src/stm32g4xx_hal_gpio.o
 .debug_abbrev  0x00001eb8      0x25e ./Drivers/STM32G4xx_HAL_Driver/Src/stm32g4xx_hal_i2c.o
 .debug_abbrev  0x00002116      0x1c0 ./Drivers/STM32G4xx_HAL_Driver/Src/stm32g4xx_hal_i2c_ex.o
 .debug_abbrev  0x000022d6      0x23e ./Drivers/STM32G4xx_HAL_Driver/Src/stm32g4xx_hal_i2s.o
 .debug_abbrev  0x00002514      0x2b9 ./Drivers/STM32G4xx_HAL_Driver/Src/stm32g4xx_hal_pcd.o
 .debug_abbrev  0x000027cd      0x228 ./Drivers/STM32G4xx_HAL_Driver/Src/stm32g4xx_hal_pcd_ex.o
 .debug_abbrev  0x000029f5      0x22c ./Drivers/STM32G4xx_HAL_Driver/Src/stm32g4xx_hal_pwr_ex.o
 .debug_abbrev  0x00002c21      0x2c9 ./Drivers/STM32G4xx_HAL_Driver/Src/stm32g4xx_hal_rcc.o
 .debug_abbrev  0x00002eea      0x258 ./Drivers/STM32G4xx_HAL_Driver/Src/stm32g4xx_hal_rcc_ex.o
 .debug_abbrev  0x00003142      0x267 ./Drivers/STM32G4xx_HAL_Driver/Src/stm32g4xx_hal_spi.o
 .debug_abbrev  0x000033a9      0x304 ./Drivers/STM32G4xx_HAL_Driver/Src/stm32g4xx_hal_uart.o
 .debug_abbrev  0x000036ad      0x2d2 ./Drivers/STM32G4xx_HAL_Driver/Src/stm32g4xx_hal_uart_ex.o
 .debug_abbrev  0x0000397f      0x247 ./Drivers/STM32G4xx_HAL_Driver/Src/stm32g4xx_ll_usb.o
 .debug_abbrev  0x00003bc6      0x2bc ./Middlewares/ST/STM32_USB_Device_Library/Class/CDC/Src/usbd_cdc.o
 .debug_abbrev  0x00003e82      0x24f ./Middlewares/ST/STM32_USB_Device_Library/Core/Src/usbd_core.o
 .debug_abbrev  0x000040d1      0x27e ./Middlewares/ST/STM32_USB_Device_Library/Core/Src/usbd_ctlreq.o
 .debug_abbrev  0x0000434f      0x1a9 ./Middlewares/ST/STM32_USB_Device_Library/Core/Src/usbd_ioreq.o
 .debug_abbrev  0x000044f8      0x1a4 ./USB_Device/App/usb_device.o
 .debug_abbrev  0x0000469c      0x2c2 ./USB_Device/App/usbd_cdc_if.o
 .debug_abbrev  0x0000495e      0x20e ./USB_Device/App/usbd_desc.o
 .debug_abbrev  0x00004b6c      0x32c ./USB_Device/Target/usbd_conf.o

.debug_aranges  0x00000000     0x1788
 .debug_aranges
                0x00000000       0x20 ./Core/Src/dma.o
 .debug_aranges
                0x00000020       0x20 ./Core/Src/gpio.o
 .debug_aranges
                0x00000040       0x30 ./Core/Src/i2c.o
 .debug_aranges
                0x00000070       0x30 ./Core/Src/i2s.o
 .debug_aranges
                0x000000a0       0x40 ./Core/Src/main.o
 .debug_aranges
                0x000000e0       0x20 ./Core/Src/serial.o
 .debug_aranges
                0x00000100       0x30 ./Core/Src/spi.o
 .debug_aranges
                0x00000130       0x20 ./Core/Src/stm32g4xx_hal_msp.o
 .debug_aranges
                0x00000150       0x70 ./Core/Src/stm32g4xx_it.o
 .debug_aranges
                0x000001c0       0x28 ./Core/Src/system_stm32g4xx.o
 .debug_aranges
                0x000001e8       0x30 ./Core/Src/usart.o
 .debug_aranges
                0x00000218       0x28 ./Core/Startup/startup_stm32g491retx.o
 .debug_aranges
                0x00000240       0x30 ./Drivers/Audio_DAC/audiodac.o
 .debug_aranges
                0x00000270       0x30 ./Drivers/GPIO_XPNDR/gpioxpndr.o
 .debug_aranges
                0x000002a0      0x148 ./Drivers/STM32G4xx_HAL_Driver/Src/stm32g4xx_hal.o
 .debug_aranges
                0x000003e8      0x118 ./Drivers/STM32G4xx_HAL_Driver/Src/stm32g4xx_hal_cortex.o
 .debug_aranges
                0x00000500       0x90 ./Drivers/STM32G4xx_HAL_Driver/Src/stm32g4xx_hal_dma.o
 .debug_aranges
                0x00000590       0x58 ./Drivers/STM32G4xx_HAL_Driver/Src/stm32g4xx_hal_gpio.o
 .debug_aranges
                0x000005e8      0x2a0 ./Drivers/STM32G4xx_HAL_Driver/Src/stm32g4xx_hal_i2c.o
 .debug_aranges
                0x00000888       0x48 ./Drivers/STM32G4xx_HAL_Driver/Src/stm32g4xx_hal_i2c_ex.o
 .debug_aranges
                0x000008d0      0x100 ./Drivers/STM32G4xx_HAL_Driver/Src/stm32g4xx_hal_i2s.o
 .debug_aranges
                0x000009d0      0x138 ./Drivers/STM32G4xx_HAL_Driver/Src/stm32g4xx_hal_pcd.o
 .debug_aranges
                0x00000b08       0x58 ./Drivers/STM32G4xx_HAL_Driver/Src/stm32g4xx_hal_pcd_ex.o
 .debug_aranges
                0x00000b60      0x140 ./Drivers/STM32G4xx_HAL_Driver/Src/stm32g4xx_hal_pwr_ex.o
 .debug_aranges
                0x00000ca0       0x98 ./Drivers/STM32G4xx_HAL_Driver/Src/stm32g4xx_hal_rcc.o
 .debug_aranges
                0x00000d38       0xb0 ./Drivers/STM32G4xx_HAL_Driver/Src/stm32g4xx_hal_rcc_ex.o
 .debug_aranges
                0x00000de8      0x1d8 ./Drivers/STM32G4xx_HAL_Driver/Src/stm32g4xx_hal_spi.o
 .debug_aranges
                0x00000fc0      0x248 ./Drivers/STM32G4xx_HAL_Driver/Src/stm32g4xx_hal_uart.o
 .debug_aranges
                0x00001208       0xa8 ./Drivers/STM32G4xx_HAL_Driver/Src/stm32g4xx_hal_uart_ex.o
 .debug_aranges
                0x000012b0       0xc8 ./Drivers/STM32G4xx_HAL_Driver/Src/stm32g4xx_ll_usb.o
 .debug_aranges
                0x00001378       0x90 ./Middlewares/ST/STM32_USB_Device_Library/Class/CDC/Src/usbd_cdc.o
 .debug_aranges
                0x00001408       0xb8 ./Middlewares/ST/STM32_USB_Device_Library/Core/Src/usbd_core.o
 .debug_aranges
                0x000014c0       0x90 ./Middlewares/ST/STM32_USB_Device_Library/Core/Src/usbd_ctlreq.o
 .debug_aranges
                0x00001550       0x50 ./Middlewares/ST/STM32_USB_Device_Library/Core/Src/usbd_ioreq.o
 .debug_aranges
                0x000015a0       0x20 ./USB_Device/App/usb_device.o
 .debug_aranges
                0x000015c0       0x48 ./USB_Device/App/usbd_cdc_if.o
 .debug_aranges
                0x00001608       0x60 ./USB_Device/App/usbd_desc.o
 .debug_aranges
                0x00001668      0x120 ./USB_Device/Target/usbd_conf.o

.debug_rnglists
                0x00000000     0x11e6
 .debug_rnglists
                0x00000000       0x13 ./Core/Src/dma.o
 .debug_rnglists
                0x00000013       0x14 ./Core/Src/gpio.o
 .debug_rnglists
                0x00000027       0x21 ./Core/Src/i2c.o
 .debug_rnglists
                0x00000048       0x20 ./Core/Src/i2s.o
 .debug_rnglists
                0x00000068       0x2e ./Core/Src/main.o
 .debug_rnglists
                0x00000096       0x14 ./Core/Src/serial.o
 .debug_rnglists
                0x000000aa       0x20 ./Core/Src/spi.o
 .debug_rnglists
                0x000000ca       0x13 ./Core/Src/stm32g4xx_hal_msp.o
 .debug_rnglists
                0x000000dd       0x4f ./Core/Src/stm32g4xx_it.o
 .debug_rnglists
                0x0000012c       0x1a ./Core/Src/system_stm32g4xx.o
 .debug_rnglists
                0x00000146       0x21 ./Core/Src/usart.o
 .debug_rnglists
                0x00000167       0x19 ./Core/Startup/startup_stm32g491retx.o
 .debug_rnglists
                0x00000180       0x1f ./Drivers/Audio_DAC/audiodac.o
 .debug_rnglists
                0x0000019f       0x1f ./Drivers/GPIO_XPNDR/gpioxpndr.o
 .debug_rnglists
                0x000001be       0xf1 ./Drivers/STM32G4xx_HAL_Driver/Src/stm32g4xx_hal.o
 .debug_rnglists
                0x000002af       0xce ./Drivers/STM32G4xx_HAL_Driver/Src/stm32g4xx_hal_cortex.o
 .debug_rnglists
                0x0000037d       0x71 ./Drivers/STM32G4xx_HAL_Driver/Src/stm32g4xx_hal_dma.o
 .debug_rnglists
                0x000003ee       0x3f ./Drivers/STM32G4xx_HAL_Driver/Src/stm32g4xx_hal_gpio.o
 .debug_rnglists
                0x0000042d      0x228 ./Drivers/STM32G4xx_HAL_Driver/Src/stm32g4xx_hal_i2c.o
 .debug_rnglists
                0x00000655       0x35 ./Drivers/STM32G4xx_HAL_Driver/Src/stm32g4xx_hal_i2c_ex.o
 .debug_rnglists
                0x0000068a       0xc5 ./Drivers/STM32G4xx_HAL_Driver/Src/stm32g4xx_hal_i2s.o
 .debug_rnglists
                0x0000074f       0xee ./Drivers/STM32G4xx_HAL_Driver/Src/stm32g4xx_hal_pcd.o
 .debug_rnglists
                0x0000083d       0x3f ./Drivers/STM32G4xx_HAL_Driver/Src/stm32g4xx_hal_pcd_ex.o
 .debug_rnglists
                0x0000087c       0xf1 ./Drivers/STM32G4xx_HAL_Driver/Src/stm32g4xx_hal_pwr_ex.o
 .debug_rnglists
                0x0000096d       0x74 ./Drivers/STM32G4xx_HAL_Driver/Src/stm32g4xx_hal_rcc.o
 .debug_rnglists
                0x000009e1       0x87 ./Drivers/STM32G4xx_HAL_Driver/Src/stm32g4xx_hal_rcc_ex.o
 .debug_rnglists
                0x00000a68      0x178 ./Drivers/STM32G4xx_HAL_Driver/Src/stm32g4xx_hal_spi.o
 .debug_rnglists
                0x00000be0      0x1fa ./Drivers/STM32G4xx_HAL_Driver/Src/stm32g4xx_hal_uart.o
 .debug_rnglists
                0x00000dda       0x7f ./Drivers/STM32G4xx_HAL_Driver/Src/stm32g4xx_hal_uart_ex.o
 .debug_rnglists
                0x00000e59       0x99 ./Drivers/STM32G4xx_HAL_Driver/Src/stm32g4xx_ll_usb.o
 .debug_rnglists
                0x00000ef2       0x6a ./Middlewares/ST/STM32_USB_Device_Library/Class/CDC/Src/usbd_cdc.o
 .debug_rnglists
                0x00000f5c       0x89 ./Middlewares/ST/STM32_USB_Device_Library/Core/Src/usbd_core.o
 .debug_rnglists
                0x00000fe5       0x6e ./Middlewares/ST/STM32_USB_Device_Library/Core/Src/usbd_ctlreq.o
 .debug_rnglists
                0x00001053       0x37 ./Middlewares/ST/STM32_USB_Device_Library/Core/Src/usbd_ioreq.o
 .debug_rnglists
                0x0000108a       0x13 ./USB_Device/App/usb_device.o
 .debug_rnglists
                0x0000109d       0x32 ./USB_Device/App/usbd_cdc_if.o
 .debug_rnglists
                0x000010cf       0x43 ./USB_Device/App/usbd_desc.o
 .debug_rnglists
                0x00001112       0xd4 ./USB_Device/Target/usbd_conf.o

.debug_macro    0x00000000    0x236b9
 .debug_macro   0x00000000      0x22a ./Core/Src/dma.o
 .debug_macro   0x0000022a      0xab4 ./Core/Src/dma.o
 .debug_macro   0x00000cde      0x16d ./Core/Src/dma.o
 .debug_macro   0x00000e4b       0x2e ./Core/Src/dma.o
 .debug_macro   0x00000e79       0x28 ./Core/Src/dma.o
 .debug_macro   0x00000ea1       0x22 ./Core/Src/dma.o
 .debug_macro   0x00000ec3       0x8e ./Core/Src/dma.o
 .debug_macro   0x00000f51       0x51 ./Core/Src/dma.o
 .debug_macro   0x00000fa2      0x103 ./Core/Src/dma.o
 .debug_macro   0x000010a5       0x6a ./Core/Src/dma.o
 .debug_macro   0x0000110f      0x1df ./Core/Src/dma.o
 .debug_macro   0x000012ee       0x1c ./Core/Src/dma.o
 .debug_macro   0x0000130a       0x22 ./Core/Src/dma.o
 .debug_macro   0x0000132c       0xfb ./Core/Src/dma.o
 .debug_macro   0x00001427     0x1011 ./Core/Src/dma.o
 .debug_macro   0x00002438      0x11f ./Core/Src/dma.o
 .debug_macro   0x00002557    0x11e40 ./Core/Src/dma.o
 .debug_macro   0x00014397       0x6d ./Core/Src/dma.o
 .debug_macro   0x00014404     0x354d ./Core/Src/dma.o
 .debug_macro   0x00017951      0x189 ./Core/Src/dma.o
 .debug_macro   0x00017ada       0x5c ./Core/Src/dma.o
 .debug_macro   0x00017b36     0x1535 ./Core/Src/dma.o
 .debug_macro   0x0001906b      0x5cf ./Core/Src/dma.o
 .debug_macro   0x0001963a      0x1b6 ./Core/Src/dma.o
 .debug_macro   0x000197f0      0x2d0 ./Core/Src/dma.o
 .debug_macro   0x00019ac0      0x4a2 ./Core/Src/dma.o
 .debug_macro   0x00019f62      0x18b ./Core/Src/dma.o
 .debug_macro   0x0001a0ed       0x43 ./Core/Src/dma.o
 .debug_macro   0x0001a130      0x23d ./Core/Src/dma.o
 .debug_macro   0x0001a36d      0x211 ./Core/Src/dma.o
 .debug_macro   0x0001a57e      0x416 ./Core/Src/dma.o
 .debug_macro   0x0001a994      0x10e ./Core/Src/dma.o
 .debug_macro   0x0001aaa2      0x22c ./Core/Src/dma.o
 .debug_macro   0x0001acce       0x61 ./Core/Src/dma.o
 .debug_macro   0x0001ad2f       0xa5 ./Core/Src/dma.o
 .debug_macro   0x0001add4      0x1c3 ./Core/Src/dma.o
 .debug_macro   0x0001af97       0x73 ./Core/Src/dma.o
 .debug_macro   0x0001b00a      0x22d ./Core/Src/dma.o
 .debug_macro   0x0001b237      0x122 ./Core/Src/dma.o
 .debug_macro   0x0001b359      0x3d1 ./Core/Src/dma.o
 .debug_macro   0x0001b72a      0x2fe ./Core/Src/dma.o
 .debug_macro   0x0001ba28      0x693 ./Core/Src/dma.o
 .debug_macro   0x0001c0bb       0xa6 ./Core/Src/dma.o
 .debug_macro   0x0001c161      0x321 ./Core/Src/dma.o
 .debug_macro   0x0001c482      0x22a ./Core/Src/gpio.o
 .debug_macro   0x0001c6ac      0x22a ./Core/Src/i2c.o
 .debug_macro   0x0001c8d6      0x22a ./Core/Src/i2s.o
 .debug_macro   0x0001cb00      0x476 ./Core/Src/main.o
 .debug_macro   0x0001cf76       0x61 ./Core/Src/main.o
 .debug_macro   0x0001cfd7       0x2a ./Core/Src/main.o
 .debug_macro   0x0001d001       0x43 ./Core/Src/main.o
 .debug_macro   0x0001d044       0x34 ./Core/Src/main.o
 .debug_macro   0x0001d078       0x16 ./Core/Src/main.o
 .debug_macro   0x0001d08e       0x35 ./Core/Src/main.o
 .debug_macro   0x0001d0c3      0x369 ./Core/Src/main.o
 .debug_macro   0x0001d42c       0x10 ./Core/Src/main.o
 .debug_macro   0x0001d43c       0x16 ./Core/Src/main.o
 .debug_macro   0x0001d452       0x43 ./Core/Src/main.o
 .debug_macro   0x0001d495       0x34 ./Core/Src/main.o
 .debug_macro   0x0001d4c9       0x10 ./Core/Src/main.o
 .debug_macro   0x0001d4d9       0x58 ./Core/Src/main.o
 .debug_macro   0x0001d531       0x8e ./Core/Src/main.o
 .debug_macro   0x0001d5bf       0x1c ./Core/Src/main.o
 .debug_macro   0x0001d5db      0x177 ./Core/Src/main.o
 .debug_macro   0x0001d752       0x16 ./Core/Src/main.o
 .debug_macro   0x0001d768       0x16 ./Core/Src/main.o
 .debug_macro   0x0001d77e      0x146 ./Core/Src/main.o
 .debug_macro   0x0001d8c4       0x16 ./Core/Src/main.o
 .debug_macro   0x0001d8da       0x16 ./Core/Src/main.o
 .debug_macro   0x0001d8f0       0x29 ./Core/Src/main.o
 .debug_macro   0x0001d919       0x16 ./Core/Src/main.o
 .debug_macro   0x0001d92f       0x20 ./Core/Src/main.o
 .debug_macro   0x0001d94f       0x5f ./Core/Src/main.o
 .debug_macro   0x0001d9ae      0x1ef ./Core/Src/main.o
 .debug_macro   0x0001db9d      0x19b ./Core/Src/main.o
 .debug_macro   0x0001dd38       0x12 ./Core/Src/main.o
 .debug_macro   0x0001dd4a       0xe4 ./Core/Src/main.o
 .debug_macro   0x0001de2e       0x95 ./Core/Src/main.o
 .debug_macro   0x0001dec3       0x10 ./Core/Src/main.o
 .debug_macro   0x0001ded3      0x2f8 ./Core/Src/serial.o
 .debug_macro   0x0001e1cb       0x10 ./Core/Src/serial.o
 .debug_macro   0x0001e1db       0x56 ./Core/Src/serial.o
 .debug_macro   0x0001e231      0x22a ./Core/Src/spi.o
 .debug_macro   0x0001e45b      0x220 ./Core/Src/stm32g4xx_hal_msp.o
 .debug_macro   0x0001e67b      0x22a ./Core/Src/stm32g4xx_it.o
 .debug_macro   0x0001e8a5      0x216 ./Core/Src/system_stm32g4xx.o
 .debug_macro   0x0001eabb      0x22a ./Core/Src/usart.o
 .debug_macro   0x0001ece5      0x2ba ./Drivers/Audio_DAC/audiodac.o
 .debug_macro   0x0001ef9f      0x272 ./Drivers/GPIO_XPNDR/gpioxpndr.o
 .debug_macro   0x0001f211      0x264 ./Drivers/STM32G4xx_HAL_Driver/Src/stm32g4xx_hal.o
 .debug_macro   0x0001f475      0x216 ./Drivers/STM32G4xx_HAL_Driver/Src/stm32g4xx_hal_cortex.o
 .debug_macro   0x0001f68b      0x216 ./Drivers/STM32G4xx_HAL_Driver/Src/stm32g4xx_hal_dma.o
 .debug_macro   0x0001f8a1      0x21d ./Drivers/STM32G4xx_HAL_Driver/Src/stm32g4xx_hal_gpio.o
 .debug_macro   0x0001fabe      0x2e2 ./Drivers/STM32G4xx_HAL_Driver/Src/stm32g4xx_hal_i2c.o
 .debug_macro   0x0001fda0      0x216 ./Drivers/STM32G4xx_HAL_Driver/Src/stm32g4xx_hal_i2c_ex.o
 .debug_macro   0x0001ffb6      0x21e ./Drivers/STM32G4xx_HAL_Driver/Src/stm32g4xx_hal_i2s.o
 .debug_macro   0x000201d4      0x222 ./Drivers/STM32G4xx_HAL_Driver/Src/stm32g4xx_hal_pcd.o
 .debug_macro   0x000203f6      0x216 ./Drivers/STM32G4xx_HAL_Driver/Src/stm32g4xx_hal_pcd_ex.o
 .debug_macro   0x0002060c      0x240 ./Drivers/STM32G4xx_HAL_Driver/Src/stm32g4xx_hal_pwr_ex.o
 .debug_macro   0x0002084c      0x258 ./Drivers/STM32G4xx_HAL_Driver/Src/stm32g4xx_hal_rcc.o
 .debug_macro   0x00020aa4      0x240 ./Drivers/STM32G4xx_HAL_Driver/Src/stm32g4xx_hal_rcc_ex.o
 .debug_macro   0x00020ce4      0x21e ./Drivers/STM32G4xx_HAL_Driver/Src/stm32g4xx_hal_spi.o
 .debug_macro   0x00020f02      0x241 ./Drivers/STM32G4xx_HAL_Driver/Src/stm32g4xx_hal_uart.o
 .debug_macro   0x00021143      0x222 ./Drivers/STM32G4xx_HAL_Driver/Src/stm32g4xx_hal_uart_ex.o
 .debug_macro   0x00021365      0x216 ./Drivers/STM32G4xx_HAL_Driver/Src/stm32g4xx_ll_usb.o
 .debug_macro   0x0002157b      0x3a5 ./Middlewares/ST/STM32_USB_Device_Library/Class/CDC/Src/usbd_cdc.o
 .debug_macro   0x00021920       0x9e ./Middlewares/ST/STM32_USB_Device_Library/Class/CDC/Src/usbd_cdc.o
 .debug_macro   0x000219be      0x10b ./Middlewares/ST/STM32_USB_Device_Library/Class/CDC/Src/usbd_cdc.o
 .debug_macro   0x00021ac9      0x38c ./Middlewares/ST/STM32_USB_Device_Library/Core/Src/usbd_core.o
 .debug_macro   0x00021e55      0x1f5 ./Middlewares/ST/STM32_USB_Device_Library/Core/Src/usbd_core.o
 .debug_macro   0x0002204a      0x396 ./Middlewares/ST/STM32_USB_Device_Library/Core/Src/usbd_ctlreq.o
 .debug_macro   0x000223e0      0x392 ./Middlewares/ST/STM32_USB_Device_Library/Core/Src/usbd_ioreq.o
 .debug_macro   0x00022772      0x3cb ./USB_Device/App/usb_device.o
 .debug_macro   0x00022b3d       0x22 ./USB_Device/App/usb_device.o
 .debug_macro   0x00022b5f       0x16 ./USB_Device/App/usb_device.o
 .debug_macro   0x00022b75      0x3b0 ./USB_Device/App/usbd_cdc_if.o
 .debug_macro   0x00022f25      0x3c9 ./USB_Device/App/usbd_desc.o
 .debug_macro   0x000232ee       0x1c ./USB_Device/App/usbd_desc.o
 .debug_macro   0x0002330a      0x3af ./USB_Device/Target/usbd_conf.o

.debug_line     0x00000000    0x2336b
 .debug_line    0x00000000      0x7f5 ./Core/Src/dma.o
 .debug_line    0x000007f5      0x858 ./Core/Src/gpio.o
 .debug_line    0x0000104d      0x889 ./Core/Src/i2c.o
 .debug_line    0x000018d6      0x8a5 ./Core/Src/i2s.o
 .debug_line    0x0000217b      0xd5e ./Core/Src/main.o
 .debug_line    0x00002ed9      0x972 ./Core/Src/serial.o
 .debug_line    0x0000384b      0x871 ./Core/Src/spi.o
 .debug_line    0x000040bc      0x7f9 ./Core/Src/stm32g4xx_hal_msp.o
 .debug_line    0x000048b5      0x8eb ./Core/Src/stm32g4xx_it.o
 .debug_line    0x000051a0      0x865 ./Core/Src/system_stm32g4xx.o
 .debug_line    0x00005a05      0x897 ./Core/Src/usart.o
 .debug_line    0x0000629c       0x7b ./Core/Startup/startup_stm32g491retx.o
 .debug_line    0x00006317      0x842 ./Drivers/Audio_DAC/audiodac.o
 .debug_line    0x00006b59      0x839 ./Drivers/GPIO_XPNDR/gpioxpndr.o
 .debug_line    0x00007392      0xc21 ./Drivers/STM32G4xx_HAL_Driver/Src/stm32g4xx_hal.o
 .debug_line    0x00007fb3      0xd8a ./Drivers/STM32G4xx_HAL_Driver/Src/stm32g4xx_hal_cortex.o
 .debug_line    0x00008d3d      0xf4b ./Drivers/STM32G4xx_HAL_Driver/Src/stm32g4xx_hal_dma.o
 .debug_line    0x00009c88      0xc3a ./Drivers/STM32G4xx_HAL_Driver/Src/stm32g4xx_hal_gpio.o
 .debug_line    0x0000a8c2     0x3ad7 ./Drivers/STM32G4xx_HAL_Driver/Src/stm32g4xx_hal_i2c.o
 .debug_line    0x0000e399      0xa16 ./Drivers/STM32G4xx_HAL_Driver/Src/stm32g4xx_hal_i2c_ex.o
 .debug_line    0x0000edaf     0x1157 ./Drivers/STM32G4xx_HAL_Driver/Src/stm32g4xx_hal_i2s.o
 .debug_line    0x0000ff06     0x1458 ./Drivers/STM32G4xx_HAL_Driver/Src/stm32g4xx_hal_pcd.o
 .debug_line    0x0001135e      0x992 ./Drivers/STM32G4xx_HAL_Driver/Src/stm32g4xx_hal_pcd_ex.o
 .debug_line    0x00011cf0      0xd90 ./Drivers/STM32G4xx_HAL_Driver/Src/stm32g4xx_hal_pwr_ex.o
 .debug_line    0x00012a80      0xfec ./Drivers/STM32G4xx_HAL_Driver/Src/stm32g4xx_hal_rcc.o
 .debug_line    0x00013a6c     0x12bc ./Drivers/STM32G4xx_HAL_Driver/Src/stm32g4xx_hal_rcc_ex.o
 .debug_line    0x00014d28     0x20a1 ./Drivers/STM32G4xx_HAL_Driver/Src/stm32g4xx_hal_spi.o
 .debug_line    0x00016dc9     0x3c95 ./Drivers/STM32G4xx_HAL_Driver/Src/stm32g4xx_hal_uart.o
 .debug_line    0x0001aa5e      0xe47 ./Drivers/STM32G4xx_HAL_Driver/Src/stm32g4xx_hal_uart_ex.o
 .debug_line    0x0001b8a5     0x10e3 ./Drivers/STM32G4xx_HAL_Driver/Src/stm32g4xx_ll_usb.o
 .debug_line    0x0001c988      0xe32 ./Middlewares/ST/STM32_USB_Device_Library/Class/CDC/Src/usbd_cdc.o
 .debug_line    0x0001d7ba      0xeb1 ./Middlewares/ST/STM32_USB_Device_Library/Core/Src/usbd_core.o
 .debug_line    0x0001e66b     0x1152 ./Middlewares/ST/STM32_USB_Device_Library/Core/Src/usbd_ctlreq.o
 .debug_line    0x0001f7bd      0xb08 ./Middlewares/ST/STM32_USB_Device_Library/Core/Src/usbd_ioreq.o
 .debug_line    0x000202c5      0xac4 ./USB_Device/App/usb_device.o
 .debug_line    0x00020d89      0xb35 ./USB_Device/App/usbd_cdc_if.o
 .debug_line    0x000218be      0xb8d ./USB_Device/App/usbd_desc.o
 .debug_line    0x0002244b      0xf20 ./USB_Device/Target/usbd_conf.o

.debug_str      0x00000000    0xc96cc
 .debug_str     0x00000000    0xbd5c5 ./Core/Src/dma.o
                              0xbd87a (size before relaxing)
 .debug_str     0x000bd5c5       0xe3 ./Core/Src/gpio.o
                              0xbd3f5 (size before relaxing)
 .debug_str     0x000bd6a8      0x77e ./Core/Src/i2c.o
                              0xbdbc1 (size before relaxing)
 .debug_str     0x000bde26      0x1dd ./Core/Src/i2s.o
                              0xbda9e (size before relaxing)
 .debug_str     0x000be003     0x56c4 ./Core/Src/main.o
                              0xc2eb1 (size before relaxing)
 .debug_str     0x000c36c7       0x28 ./Core/Src/serial.o
                              0xc0412 (size before relaxing)
 .debug_str     0x000c36ef      0x1ad ./Core/Src/spi.o
                              0xbd92a (size before relaxing)
 .debug_str     0x000c389c       0x4d ./Core/Src/stm32g4xx_hal_msp.o
                              0xbd34b (size before relaxing)
 .debug_str     0x000c38e9      0x3e8 ./Core/Src/stm32g4xx_it.o
                              0xbd90f (size before relaxing)
 .debug_str     0x000c3cd1       0xdb ./Core/Src/system_stm32g4xx.o
                              0xbd3da (size before relaxing)
 .debug_str     0x000c3dac      0x28f ./Core/Src/usart.o
                              0xbdbd1 (size before relaxing)
 .debug_str     0x000c403b       0x44 ./Core/Startup/startup_stm32g491retx.o
                                 0x88 (size before relaxing)
 .debug_str     0x000c407f      0x290 ./Drivers/Audio_DAC/audiodac.o
                              0xbda2f (size before relaxing)