Archive member included to satisfy reference by file (symbol)

../Middlewares/ST/ARM/DSP/Lib\libarm_cortexM4lf_math.a(arm_sin_f32.o)
                              ./Core/Src/note.o (arm_sin_f32)
../Middlewares/ST/ARM/DSP/Lib\libarm_cortexM4lf_math.a(arm_common_tables.o)
                              ../Middlewares/ST/ARM/DSP/Lib\libarm_cortexM4lf_math.a(arm_sin_f32.o) (sinTable_f32)
C:/ST/STM32CubeIDE_1.15.0/STM32CubeIDE/plugins/com.st.stm32cube.ide.mcu.externaltools.gnu-tools-for-stm32.12.3.rel1.win32_1.0.200.202406191623/tools/bin/../lib/gcc/arm-none-eabi/12.3.1/../../../../arm-none-eabi/lib/thumb/v7e-m+fp/hard\libc_nano.a(libc_a-exit.o)
                              C:/ST/STM32CubeIDE_1.15.0/STM32CubeIDE/plugins/com.st.stm32cube.ide.mcu.externaltools.gnu-tools-for-stm32.12.3.rel1.win32_1.0.200.202406191623/tools/bin/../lib/gcc/arm-none-eabi/12.3.1/../../../../arm-none-eabi/lib/thumb/v7e-m+fp/hard/crt0.o (exit)
C:/ST/STM32CubeIDE_1.15.0/STM32CubeIDE/plugins/com.st.stm32cube.ide.mcu.externaltools.gnu-tools-for-stm32.12.3.rel1.win32_1.0.200.202406191623/tools/bin/../lib/gcc/arm-none-eabi/12.3.1/../../../../arm-none-eabi/lib/thumb/v7e-m+fp/hard\libc_nano.a(libc_a-findfp.o)
                              C:/ST/STM32CubeIDE_1.15.0/STM32CubeIDE/plugins/com.st.stm32cube.ide.mcu.externaltools.gnu-tools-for-stm32.12.3.rel1.win32_1.0.200.202406191623/tools/bin/../lib/gcc/arm-none-eabi/12.3.1/../../../../arm-none-eabi/lib/thumb/v7e-m+fp/hard\libc_nano.a(libc_a-exit.o) (__stdio_exit_handler)
C:/ST/STM32CubeIDE_1.15.0/STM32CubeIDE/plugins/com.st.stm32cube.ide.mcu.externaltools.gnu-tools-for-stm32.12.3.rel1.win32_1.0.200.202406191623/tools/bin/../lib/gcc/arm-none-eabi/12.3.1/../../../../arm-none-eabi/lib/thumb/v7e-m+fp/hard\libc_nano.a(libc_a-fwalk.o)
                              C:/ST/STM32CubeIDE_1.15.0/STM32CubeIDE/plugins/com.st.stm32cube.ide.mcu.externaltools.gnu-tools-for-stm32.12.3.rel1.win32_1.0.200.202406191623/tools/bin/../lib/gcc/arm-none-eabi/12.3.1/../../../../arm-none-eabi/lib/thumb/v7e-m+fp/hard\libc_nano.a(libc_a-findfp.o) (_fwalk_sglue)
C:/ST/STM32CubeIDE_1.15.0/STM32CubeIDE/plugins/com.st.stm32cube.ide.mcu.externaltools.gnu-tools-for-stm32.12.3.rel1.win32_1.0.200.202406191623/tools/bin/../lib/gcc/arm-none-eabi/12.3.1/../../../../arm-none-eabi/lib/thumb/v7e-m+fp/hard\libc_nano.a(libc_a-stdio.o)
                              C:/ST/STM32CubeIDE_1.15.0/STM32CubeIDE/plugins/com.st.stm32cube.ide.mcu.externaltools.gnu-tools-for-stm32.12.3.rel1.win32_1.0.200.202406191623/tools/bin/../lib/gcc/arm-none-eabi/12.3.1/../../../../arm-none-eabi/lib/thumb/v7e-m+fp/hard\libc_nano.a(libc_a-findfp.o) (__sread)
C:/ST/STM32CubeIDE_1.15.0/STM32CubeIDE/plugins/com.st.stm32cube.ide.mcu.externaltools.gnu-tools-for-stm32.12.3.rel1.win32_1.0.200.202406191623/tools/bin/../lib/gcc/arm-none-eabi/12.3.1/../../../../arm-none-eabi/lib/thumb/v7e-m+fp/hard\libc_nano.a(libc_a-memset.o)
                              C:/ST/STM32CubeIDE_1.15.0/STM32CubeIDE/plugins/com.st.stm32cube.ide.mcu.externaltools.gnu-tools-for-stm32.12.3.rel1.win32_1.0.200.202406191623/tools/bin/../lib/gcc/arm-none-eabi/12.3.1/../../../../arm-none-eabi/lib/thumb/v7e-m+fp/hard/crt0.o (memset)
C:/ST/STM32CubeIDE_1.15.0/STM32CubeIDE/plugins/com.st.stm32cube.ide.mcu.externaltools.gnu-tools-for-stm32.12.3.rel1.win32_1.0.200.202406191623/tools/bin/../lib/gcc/arm-none-eabi/12.3.1/../../../../arm-none-eabi/lib/thumb/v7e-m+fp/hard\libc_nano.a(libc_a-closer.o)
                              C:/ST/STM32CubeIDE_1.15.0/STM32CubeIDE/plugins/com.st.stm32cube.ide.mcu.externaltools.gnu-tools-for-stm32.12.3.rel1.win32_1.0.200.202406191623/tools/bin/../lib/gcc/arm-none-eabi/12.3.1/../../../../arm-none-eabi/lib/thumb/v7e-m+fp/hard\libc_nano.a(libc_a-stdio.o) (_close_r)
C:/ST/STM32CubeIDE_1.15.0/STM32CubeIDE/plugins/com.st.stm32cube.ide.mcu.externaltools.gnu-tools-for-stm32.12.3.rel1.win32_1.0.200.202406191623/tools/bin/../lib/gcc/arm-none-eabi/12.3.1/../../../../arm-none-eabi/lib/thumb/v7e-m+fp/hard\libc_nano.a(libc_a-reent.o)
                              C:/ST/STM32CubeIDE_1.15.0/STM32CubeIDE/plugins/com.st.stm32cube.ide.mcu.externaltools.gnu-tools-for-stm32.12.3.rel1.win32_1.0.200.202406191623/tools/bin/../lib/gcc/arm-none-eabi/12.3.1/../../../../arm-none-eabi/lib/thumb/v7e-m+fp/hard\libc_nano.a(libc_a-closer.o) (errno)
C:/ST/STM32CubeIDE_1.15.0/STM32CubeIDE/plugins/com.st.stm32cube.ide.mcu.externaltools.gnu-tools-for-stm32.12.3.rel1.win32_1.0.200.202406191623/tools/bin/../lib/gcc/arm-none-eabi/12.3.1/../../../../arm-none-eabi/lib/thumb/v7e-m+fp/hard\libc_nano.a(libc_a-impure.o)
                              C:/ST/STM32CubeIDE_1.15.0/STM32CubeIDE/plugins/com.st.stm32cube.ide.mcu.externaltools.gnu-tools-for-stm32.12.3.rel1.win32_1.0.200.202406191623/tools/bin/../lib/gcc/arm-none-eabi/12.3.1/../../../../arm-none-eabi/lib/thumb/v7e-m+fp/hard\libc_nano.a(libc_a-reent.o) (_impure_ptr)
[...]
Memory Configuration

Name             Origin             Length             Attributes
RAM              0x20000000         0x0001c000         xrw
FLASH            0x08000000         0x00080000         xr
*default*        0x00000000         0xffffffff

Linker script and memory map

LOAD C:/ST/STM32CubeIDE_1.15.0/STM32CubeIDE/plugins/com.st.stm32cube.ide.mcu.externaltools.gnu-tools-for-stm32.12.3.rel1.win32_1.0.200.202406191623/tools/bin/../lib/gcc/arm-none-eabi/12.3.1/thumb/v7e-m+fp/hard/crti.o
LOAD C:/ST/STM32CubeIDE_1.15.0/STM32CubeIDE/plugins/com.st.stm32cube.ide.mcu.externaltools.gnu-tools-for-stm32.12.3.rel1.win32_1.0.200.202406191623/tools/bin/../lib/gcc/arm-none-eabi/12.3.1/thumb/v7e-m+fp/hard/crtbegin.o
LOAD C:/ST/STM32CubeIDE_1.15.0/STM32CubeIDE/plugins/com.st.stm32cube.ide.mcu.externaltools.gnu-tools-for-stm32.12.3.rel1.win32_1.0.200.202406191623/tools/bin/../lib/gcc/arm-none-eabi/12.3.1/../../../../arm-none-eabi/lib/thumb/v7e-m+fp/hard/crt0.o
LOAD ./Core/Src/dma.o
LOAD ./Core/Src/gpio.o
LOAD ./Core/Src/i2c.o
LOAD ./Core/Src/i2s.o
LOAD ./Core/Src/main.o
LOAD ./Core/Src/midi.o
LOAD ./Core/Src/note.o
LOAD ./Core/Src/serial.o
LOAD ./Core/Src/spi.o
LOAD ./Core/Src/stm32g4xx_hal_msp.o
LOAD ./Core/Src/stm32g4xx_it.o
LOAD ./Core/Src/synth.o
LOAD ./Core/Src/syscalls.o
LOAD ./Core/Src/sysmem.o
LOAD ./Core/Src/system.o
LOAD ./Core/Src/system_stm32g4xx.o
LOAD ./Core/Src/tim.o
LOAD ./Core/Src/usart.o
LOAD ./Core/Startup/startup_stm32g491retx.o
LOAD ./Drivers/Audio_DAC/audiodac.o
LOAD ./Drivers/EEPROM/eeprom.o
LOAD ./Drivers/GPIO_XPNDR/gpioxpndr.o
LOAD ./Drivers/STM32G4xx_HAL_Driver/Src/stm32g4xx_hal.o
LOAD ./Drivers/STM32G4xx_HAL_Driver/Src/stm32g4xx_hal_cortex.o
LOAD ./Drivers/STM32G4xx_HAL_Driver/Src/stm32g4xx_hal_dma.o
LOAD ./Drivers/STM32G4xx_HAL_Driver/Src/stm32g4xx_hal_dma_ex.o
LOAD ./Drivers/STM32G4xx_HAL_Driver/Src/stm32g4xx_hal_exti.o
LOAD ./Drivers/STM32G4xx_HAL_Driver/Src/stm32g4xx_hal_flash.o
LOAD ./Drivers/STM32G4xx_HAL_Driver/Src/stm32g4xx_hal_flash_ex.o
LOAD ./Drivers/STM32G4xx_HAL_Driver/Src/stm32g4xx_hal_flash_ramfunc.o
LOAD ./Drivers/STM32G4xx_HAL_Driver/Src/stm32g4xx_hal_gpio.o
LOAD ./Drivers/STM32G4xx_HAL_Driver/Src/stm32g4xx_hal_i2c.o
LOAD ./Drivers/STM32G4xx_HAL_Driver/Src/stm32g4xx_hal_i2c_ex.o
LOAD ./Drivers/STM32G4xx_HAL_Driver/Src/stm32g4xx_hal_i2s.o
LOAD ./Drivers/STM32G4xx_HAL_Driver/Src/stm32g4xx_hal_pcd.o
LOAD ./Drivers/STM32G4xx_HAL_Driver/Src/stm32g4xx_hal_pcd_ex.o
LOAD ./Drivers/STM32G4xx_HAL_Driver/Src/stm32g4xx_hal_pwr.o
LOAD ./Drivers/STM32G4xx_HAL_Driver/Src/stm32g4xx_hal_pwr_ex.o
LOAD ./Drivers/STM32G4xx_HAL_Driver/Src/stm32g4xx_hal_rcc.o
LOAD ./Drivers/STM32G4xx_HAL_Driver/Src/stm32g4xx_hal_rcc_ex.o
LOAD ./Drivers/STM32G4xx_HAL_Driver/Src/stm32g4xx_hal_spi.o
LOAD ./Drivers/STM32G4xx_HAL_Driver/Src/stm32g4xx_hal_spi_ex.o
LOAD ./Drivers/STM32G4xx_HAL_Driver/Src/stm32g4xx_hal_tim.o
LOAD ./Drivers/STM32G4xx_HAL_Driver/Src/stm32g4xx_hal_tim_ex.o
LOAD ./Drivers/STM32G4xx_HAL_Driver/Src/stm32g4xx_hal_uart.o
LOAD ./Drivers/STM32G4xx_HAL_Driver/Src/stm32g4xx_hal_uart_ex.o
LOAD ./Drivers/STM32G4xx_HAL_Driver/Src/stm32g4xx_ll_usb.o
LOAD ./Middlewares/ST/STM32_USB_Device_Library/Class/CDC/Src/usbd_cdc.o
LOAD ./Middlewares/ST/STM32_USB_Device_Library/Core/Src/usbd_core.o
LOAD ./Middlewares/ST/STM32_USB_Device_Library/Core/Src/usbd_ctlreq.o
LOAD ./Middlewares/ST/STM32_USB_Device_Library/Core/Src/usbd_ioreq.o
LOAD ./USB_Device/App/usb_device.o
LOAD ./USB_Device/App/usbd_cdc_if.o
LOAD ./USB_Device/App/usbd_desc.o
LOAD ./USB_Device/Target/usbd_conf.o
LOAD ../Middlewares/ST/ARM/DSP/Lib\libarm_cortexM4lf_math.a
START GROUP
LOAD C:/ST/STM32CubeIDE_1.15.0/STM32CubeIDE/plugins/com.st.stm32cube.ide.mcu.externaltools.gnu-tools-for-stm32.12.3.rel1.win32_1.0.200.202406191623/tools/bin/../lib/gcc/arm-none-eabi/12.3.1/../../../../arm-none-eabi/lib/thumb/v7e-m+fp/hard\libc_nano.a
LOAD C:/ST/STM32CubeIDE_1.15.0/STM32CubeIDE/plugins/com.st.stm32cube.ide.mcu.externaltools.gnu-tools-for-stm32.12.3.rel1.win32_1.0.200.202406191623/tools/bin/../lib/gcc/arm-none-eabi/12.3.1/../../../../arm-none-eabi/lib/thumb/v7e-m+fp/hard\libm.a
END GROUP
START GROUP
LOAD C:/ST/STM32CubeIDE_1.15.0/STM32CubeIDE/plugins/com.st.stm32cube.ide.mcu.externaltools.gnu-tools-for-stm32.12.3.rel1.win32_1.0.200.202406191623/tools/bin/../lib/gcc/arm-none-eabi/12.3.1/thumb/v7e-m+fp/hard\libgcc.a
LOAD C:/ST/STM32CubeIDE_1.15.0/STM32CubeIDE/plugins/com.st.stm32cube.ide.mcu.externaltools.gnu-tools-for-stm32.12.3.rel1.win32_1.0.200.202406191623/tools/bin/../lib/gcc/arm-none-eabi/12.3.1/../../../../arm-none-eabi/lib/thumb/v7e-m+fp/hard\libc_nano.a
END GROUP
START GROUP
LOAD C:/ST/STM32CubeIDE_1.15.0/STM32CubeIDE/plugins/com.st.stm32cube.ide.mcu.externaltools.gnu-tools-for-stm32.12.3.rel1.win32_1.0.200.202406191623/tools/bin/../lib/gcc/arm-none-eabi/12.3.1/thumb/v7e-m+fp/hard\libgcc.a
LOAD C:/ST/STM32CubeIDE_1.15.0/STM32CubeIDE/plugins/com.st.stm32cube.ide.mcu.externaltools.gnu-tools-for-stm32.12.3.rel1.win32_1.0.200.202406191623/tools/bin/../lib/gcc/arm-none-eabi/12.3.1/../../../../arm-none-eabi/lib/thumb/v7e-m+fp/hard\libc_nano.a
LOAD C:/ST/STM32CubeIDE_1.15.0/STM32CubeIDE/plugins/com.st.stm32cube.ide.mcu.externaltools.gnu-tools-for-stm32.12.3.rel1.win32_1.0.200.202406191623/tools/bin/../lib/gcc/arm-none-eabi/12.3.1/../../../../arm-none-eabi/lib/thumb/v7e-m+fp/hard\libnosys.a
END GROUP
START GROUP
LOAD C:/ST/STM32CubeIDE_1.15.0/STM32CubeIDE/plugins/com.st.stm32cube.ide.mcu.externaltools.gnu-tools-for-stm32.12.3.rel1.win32_1.0.200.202406191623/tools/bin/../lib/gcc/arm-none-eabi/12.3.1/thumb/v7e-m+fp/hard\libgcc.a
LOAD C:/ST/STM32CubeIDE_1.15.0/STM32CubeIDE/plugins/com.st.stm32cube.ide.mcu.externaltools.gnu-tools-for-stm32.12.3.rel1.win32_1.0.200.202406191623/tools/bin/../lib/gcc/arm-none-eabi/12.3.1/../../../../arm-none-eabi/lib/thumb/v7e-m+fp/hard\libc_nano.a
LOAD C:/ST/STM32CubeIDE_1.15.0/STM32CubeIDE/plugins/com.st.stm32cube.ide.mcu.externaltools.gnu-tools-for-stm32.12.3.rel1.win32_1.0.200.202406191623/tools/bin/../lib/gcc/arm-none-eabi/12.3.1/../../../../arm-none-eabi/lib/thumb/v7e-m+fp/hard\libnosys.a
END GROUP
LOAD C:/ST/STM32CubeIDE_1.15.0/STM32CubeIDE/plugins/com.st.stm32cube.ide.mcu.externaltools.gnu-tools-for-stm32.12.3.rel1.win32_1.0.200.202406191623/tools/bin/../lib/gcc/arm-none-eabi/12.3.1/thumb/v7e-m+fp/hard/crtend.o
LOAD C:/ST/STM32CubeIDE_1.15.0/STM32CubeIDE/plugins/com.st.stm32cube.ide.mcu.externaltools.gnu-tools-for-stm32.12.3.rel1.win32_1.0.200.202406191623/tools/bin/../lib/gcc/arm-none-eabi/12.3.1/thumb/v7e-m+fp/hard/crtn.o
                0x2001c000                        _estack = (ORIGIN (RAM) + LENGTH (RAM))
                0x00000200                        _Min_Heap_Size = 0x200
                0x00000400                        _Min_Stack_Size = 0x400

.isr_vector     0x08000000      0x1d8
                0x08000000                        . = ALIGN (0x4)
 *(.isr_vector)
 .isr_vector    0x08000000      0x1d8 ./Core/Startup/startup_stm32g491retx.o
                0x08000000                g_pfnVectors
                0x080001d8                        . = ALIGN (0x4)

.text           0x080001d8    0x106c0
                0x080001d8                        . = ALIGN (0x4)
 *(.text)
 .text          0x080001d8       0x40 C:/ST/STM32CubeIDE_1.15.0/STM32CubeIDE/plugins/com.st.stm32cube.ide.mcu.externaltools.gnu-tools-for-stm32.12.3.rel1.win32_1.0.200.202406191623/tools/bin/../lib/gcc/arm-none-eabi/12.3.1/thumb/v7e-m+fp/hard/crtbegin.o
 .text          0x08000218      0x378 C:/ST/STM32CubeIDE_1.15.0/STM32CubeIDE/plugins/com.st.stm32cube.ide.mcu.externaltools.gnu-tools-for-stm32.12.3.rel1.win32_1.0.200.202406191623/tools/bin/../lib/gcc/arm-none-eabi/12.3.1/thumb/v7e-m+fp/hard\libgcc.a(_arm_addsubdf3.o)
                0x08000218                __aeabi_drsub
                0x08000220                __aeabi_dsub
                0x08000220                __subdf3
                0x08000224                __aeabi_dadd
                0x08000224                __adddf3
                0x0800049c                __floatunsidf
                0x0800049c                __aeabi_ui2d
                0x080004bc                __floatsidf
                0x080004bc                __aeabi_i2d
                0x080004e0                __aeabi_f2d
                0x080004e0                __extendsfdf2
                0x08000524                __floatundidf
                0x08000524                __aeabi_ul2d
                0x08000534                __floatdidf
                0x08000534                __aeabi_l2d
 .text          0x08000590      0x424 C:/ST/STM32CubeIDE_1.15.0/STM32CubeIDE/plugins/com.st.stm32cube.ide.mcu.externaltools.gnu-tools-for-stm32.12.3.rel1.win32_1.0.200.202406191623/tools/bin/../lib/gcc/arm-none-eabi/12.3.1/thumb/v7e-m+fp/hard\libgcc.a(_arm_muldivdf3.o)
                0x08000590                __aeabi_dmul
                0x08000590                __muldf3
                0x080007e4                __divdf3
                0x080007e4                __aeabi_ddiv
 .text          0x080009b4       0x50 C:/ST/STM32CubeIDE_1.15.0/STM32CubeIDE/plugins/com.st.stm32cube.ide.mcu.externaltools.gnu-tools-for-stm32.12.3.rel1.win32_1.0.200.202406191623/tools/bin/../lib/gcc/arm-none-eabi/12.3.1/thumb/v7e-m+fp/hard\libgcc.a(_arm_fixdfsi.o)
                0x080009b4                __aeabi_d2iz
                0x080009b4                __fixdfsi
 .text          0x08000a04       0xa0 C:/ST/STM32CubeIDE_1.15.0/STM32CubeIDE/plugins/com.st.stm32cube.ide.mcu.externaltools.gnu-tools-for-stm32.12.3.rel1.win32_1.0.200.202406191623/tools/bin/../lib/gcc/arm-none-eabi/12.3.1/thumb/v7e-m+fp/hard\libgcc.a(_arm_truncdfsf2.o)
                0x08000a04                __truncdfsf2
                0x08000a04                __aeabi_d2f
 .text          0x08000aa4       0x30 C:/ST/STM32CubeIDE_1.15.0/STM32CubeIDE/plugins/com.st.stm32cube.ide.mcu.externaltools.gnu-tools-for-stm32.12.3.rel1.win32_1.0.200.202406191623/tools/bin/../lib/gcc/arm-none-eabi/12.3.1/thumb/v7e-m+fp/hard\libgcc.a(_aeabi_uldivmod.o)
                0x08000aa4                __aeabi_uldivmod
 .text          0x08000ad4      0x2bc C:/ST/STM32CubeIDE_1.15.0/STM32CubeIDE/plugins/com.st.stm32cube.ide.mcu.externaltools.gnu-tools-for-stm32.12.3.rel1.win32_1.0.200.202406191623/tools/bin/../lib/gcc/arm-none-eabi/12.3.1/thumb/v7e-m+fp/hard\libgcc.a(_udivmoddi4.o)
                0x08000ad4                __udivmoddi4
 .text          0x08000d90        0x4 C:/ST/STM32CubeIDE_1.15.0/STM32CubeIDE/plugins/com.st.stm32cube.ide.mcu.externaltools.gnu-tools-for-stm32.12.3.rel1.win32_1.0.200.202406191623/tools/bin/../lib/gcc/arm-none-eabi/12.3.1/thumb/v7e-m+fp/hard\libgcc.a(_dvmd_tls.o)
                0x08000d90                __aeabi_idiv0
                0x08000d90                __aeabi_ldiv0
 *(.text*)
 .text.MX_DMA_Init
                0x08000d94       0x54 ./Core/Src/dma.o
                0x08000d94                MX_DMA_Init
 .text.MX_GPIO_Init
                0x08000de8      0x1f0 ./Core/Src/gpio.o
                0x08000de8                MX_GPIO_Init
 .text.MX_I2C3_Init
                0x08000fd8       0x80 ./Core/Src/i2c.o
                0x08000fd8                MX_I2C3_Init
 .text.HAL_I2C_MspInit
                0x08001058       0xb4 ./Core/Src/i2c.o
                0x08001058                HAL_I2C_MspInit
 .text.MX_I2S2_Init
                0x0800110c       0x50 ./Core/Src/i2s.o
                0x0800110c                MX_I2S2_Init
 .text.HAL_I2S_MspInit
                0x0800115c      0x150 ./Core/Src/i2s.o
                0x0800115c                HAL_I2S_MspInit
 .text.main     0x080012ac       0xa8 ./Core/Src/main.o
                0x080012ac                main
 .text.SystemClock_Config
                0x08001354       0x96 ./Core/Src/main.o
                0x08001354                SystemClock_Config
 .text.Error_Handler
                0x080013ea        0xc ./Core/Src/main.o
                0x080013ea                Error_Handler
 *fill*         0x080013f6        0x2 
 .text.MIDI_Decode_Handler
                0x080013f8       0xd4 ./Core/Src/midi.o
                0x080013f8                MIDI_Decode_Handler
 .text.HAL_UART_RxCpltCallback
                0x080014cc       0x58 ./Core/Src/midi.o
                0x080014cc                HAL_UART_RxCpltCallback
 .text.Calculate_Frequency
                0x08001524       0x84 ./Core/Src/note.o
                0x08001524                Calculate_Frequency
 .text.Synthesize_Sine_Wave
                0x080015a8       0x7c ./Core/Src/note.o
                0x080015a8                Synthesize_Sine_Wave
 *fill*         0x08001624        0x4 
 .text.Synthesize_Pulse_Wave
                0x08001628       0x88 ./Core/Src/note.o
                0x08001628                Synthesize_Pulse_Wave
 .text.Synthesize_Triangle_Wave
                0x080016b0      0x128 ./Core/Src/note.o
                0x080016b0                Synthesize_Triangle_Wave
 .text.Synthesize_Sawtooth_Wave
                0x080017d8       0x7c ./Core/Src/note.o
                0x080017d8                Synthesize_Sawtooth_Wave
 .text.Waveform_Synthesis_Handler
                0x08001854      0x3dc ./Core/Src/note.o
                0x08001854                Waveform_Synthesis_Handler
 .text.__NVIC_SystemReset
                0x08001c30       0x2c ./Core/Src/serial.o
 .text.Serial_Command_Handler
                0x08001c5c      0x198 ./Core/Src/serial.o
                0x08001c5c                Serial_Command_Handler
 .text.VCA_Command_Handler
                0x08001df4      0x134 ./Core/Src/serial.o
                0x08001df4                VCA_Command_Handler
 .text.VCA_Mod_Source_Decode
                0x08001f28       0x64 ./Core/Src/serial.o
                0x08001f28                VCA_Mod_Source_Decode
 .text.VCA_Value_Query
                0x08001f8c       0x94 ./Core/Src/serial.o
                0x08001f8c                VCA_Value_Query
 .text.Communication_Command_Handler
                0x08002020       0xb0 ./Core/Src/serial.o
                0x08002020                Communication_Command_Handler
 .text.Envelope_Command_Handler
                0x080020d0      0x164 ./Core/Src/serial.o
                0x080020d0                Envelope_Command_Handler
 .text.Envelope_Output_Polarity_Decode
                0x08002234       0x48 ./Core/Src/serial.o
                0x08002234                Envelope_Output_Polarity_Decode
 .text.Envelope_Loop_Mode_Decode
                0x0800227c       0x48 ./Core/Src/serial.o
                0x0800227c                Envelope_Loop_Mode_Decode
 .text.Envelope_Value_Query
                0x080022c4       0xa4 ./Core/Src/serial.o
                0x080022c4                Envelope_Value_Query
 .text.Filter_Command_Handler
                0x08002368      0x124 ./Core/Src/serial.o
                0x08002368                Filter_Command_Handler
 .text.Filter_Mod_Source_Decode
                0x0800248c       0x58 ./Core/Src/serial.o
                0x0800248c                Filter_Mod_Source_Decode
 .text.Filter_Value_Query
                0x080024e4       0x90 ./Core/Src/serial.o
                0x080024e4                Filter_Value_Query
 .text.Mixer_Command_Handler
                0x08002574       0xe8 ./Core/Src/serial.o
                0x08002574                Mixer_Command_Handler
 .text.Mixer_Value_Query
                0x0800265c       0x88 ./Core/Src/serial.o
                0x0800265c                Mixer_Value_Query
 .text.LFO_Command_Handler
                0x080026e4       0xc8 ./Core/Src/serial.o
                0x080026e4                LFO_Command_Handler
 .text.LFO_Waveform_Decode
                0x080027ac       0x58 ./Core/Src/serial.o
                0x080027ac                LFO_Waveform_Decode
 .text.LFO_Value_Query
                0x08002804       0x70 ./Core/Src/serial.o
                0x08002804                LFO_Value_Query
 .text.Preset_Command_Handler
                0x08002874       0x90 ./Core/Src/serial.o
                0x08002874                Preset_Command_Handler
 .text.MX_SPI3_Init
                0x08002904       0x7c ./Core/Src/spi.o
                0x08002904                MX_SPI3_Init
 .text.HAL_SPI_MspInit
                0x08002980       0x88 ./Core/Src/spi.o
                0x08002980                HAL_SPI_MspInit
 .text.HAL_MspInit
                0x08002a08       0x48 ./Core/Src/stm32g4xx_hal_msp.o
                0x08002a08                HAL_MspInit
 .text.NMI_Handler
                0x08002a50        0x8 ./Core/Src/stm32g4xx_it.o
                0x08002a50                NMI_Handler
 .text.HardFault_Handler
                0x08002a58        0x8 ./Core/Src/stm32g4xx_it.o
                0x08002a58                HardFault_Handler
 .text.MemManage_Handler
                0x08002a60        0x8 ./Core/Src/stm32g4xx_it.o
                0x08002a60                MemManage_Handler
 .text.BusFault_Handler
                0x08002a68        0x8 ./Core/Src/stm32g4xx_it.o
                0x08002a68                BusFault_Handler
 .text.UsageFault_Handler
                0x08002a70        0x8 ./Core/Src/stm32g4xx_it.o
                0x08002a70                UsageFault_Handler
 .text.SVC_Handler
                0x08002a78        0xe ./Core/Src/stm32g4xx_it.o
                0x08002a78                SVC_Handler
 .text.DebugMon_Handler
                0x08002a86        0xe ./Core/Src/stm32g4xx_it.o
                0x08002a86                DebugMon_Handler
 .text.PendSV_Handler
                0x08002a94        0xe ./Core/Src/stm32g4xx_it.o
                0x08002a94                PendSV_Handler
 .text.SysTick_Handler
                0x08002aa2        0xc ./Core/Src/stm32g4xx_it.o
                0x08002aa2                SysTick_Handler
 *fill*         0x08002aae        0x2 
 .text.DMA1_Channel1_IRQHandler
                0x08002ab0       0x14 ./Core/Src/stm32g4xx_it.o
                0x08002ab0                DMA1_Channel1_IRQHandler
 .text.USB_LP_IRQHandler
                0x08002ac4       0x14 ./Core/Src/stm32g4xx_it.o
                0x08002ac4                USB_LP_IRQHandler
 .text.USART2_IRQHandler
                0x08002ad8       0x14 ./Core/Src/stm32g4xx_it.o
                0x08002ad8                USART2_IRQHandler
 .text.TIM6_DAC_IRQHandler
                0x08002aec       0x14 ./Core/Src/stm32g4xx_it.o
                0x08002aec                TIM6_DAC_IRQHandler
 .text.Digital_Pot_Wiper_Set
                0x08002b00      0x114 ./Core/Src/synth.o
                0x08002b00                Digital_Pot_Wiper_Set
 .text.Synth_Reset_Initialize
                0x08002c14       0x98 ./Core/Src/synth.o
                0x08002c14                Synth_Reset_Initialize
 .text.Synth_Initialize_Preset
                0x08002cac      0x158 ./Core/Src/synth.o
                0x08002cac                Synth_Initialize_Preset
 .text.Mixer_Digital_Pot_Control
                0x08002e04       0x28 ./Core/Src/synth.o
                0x08002e04                Mixer_Digital_Pot_Control
 .text.VCA_Mod_Source_Control
                0x08002e2c       0x64 ./Core/Src/synth.o
                0x08002e2c                VCA_Mod_Source_Control
 .text.VCA_Bypass_Switch_Control
                0x08002e90       0x64 ./Core/Src/synth.o
                0x08002e90                VCA_Bypass_Switch_Control
 .text.VCA_Digital_Pot_Control
                0x08002ef4       0x2c ./Core/Src/synth.o
                0x08002ef4                VCA_Digital_Pot_Control
 .text.Filter_Mod_Source_Control
                0x08002f20       0x60 ./Core/Src/synth.o
                0x08002f20                Filter_Mod_Source_Control
 .text.Filter_Digital_Pot_Control
                0x08002f80       0x38 ./Core/Src/synth.o
                0x08002f80                Filter_Digital_Pot_Control
 .text.LFO_Output_Control
                0x08002fb8       0x60 ./Core/Src/synth.o
                0x08002fb8                LFO_Output_Control
 .text.LFO_Digital_Pot_Control
                0x08003018       0x1c ./Core/Src/synth.o
                0x08003018                LFO_Digital_Pot_Control
 .text.Envelope_Mode_Control
                0x08003034       0x90 ./Core/Src/synth.o
                0x08003034                Envelope_Mode_Control
 .text.Envelope_Digital_Pot_Control
                0x080030c4       0x3c ./Core/Src/synth.o
                0x080030c4                Envelope_Digital_Pot_Control
 .text.System_Reset_Initialize
                0x08003100       0xec ./Core/Src/system.o
                0x08003100                System_Reset_Initialize
 .text.Write_Protect_Control
                0x080031ec       0x20 ./Core/Src/system.o
                0x080031ec                Write_Protect_Control
 .text.MIDI_Port_Control
                0x0800320c       0x54 ./Core/Src/system.o
                0x0800320c                MIDI_Port_Control
 .text.Gate_Control
                0x08003260       0x2c ./Core/Src/system.o
                0x08003260                Gate_Control
 .text.Command_Response_Handler
                0x0800328c       0xa8 ./Core/Src/system.o
                0x0800328c                Command_Response_Handler
 .text.Command_Error_Check
                0x08003334       0xa0 ./Core/Src/system.o
                0x08003334                Command_Error_Check
 .text.Command_Blink_Status_LED
                0x080033d4       0x34 ./Core/Src/system.o
                0x080033d4                Command_Blink_Status_LED
 .text.HAL_TIM_PeriodElapsedCallback
                0x08003408       0x94 ./Core/Src/system.o
                0x08003408                HAL_TIM_PeriodElapsedCallback
 .text.SystemInit
                0x0800349c       0x24 ./Core/Src/system_stm32g4xx.o
                0x0800349c                SystemInit
 .text.MX_TIM6_Init
                0x080034c0       0x70 ./Core/Src/tim.o
                0x080034c0                MX_TIM6_Init
 .text.HAL_TIM_Base_MspInit
                0x08003530       0x4c ./Core/Src/tim.o
                0x08003530                HAL_TIM_Base_MspInit
 .text.MX_USART2_UART_Init
                0x0800357c       0xa0 ./Core/Src/usart.o
                0x0800357c                MX_USART2_UART_Init
 .text.HAL_UART_MspInit
                0x0800361c       0xc0 ./Core/Src/usart.o
                0x0800361c                HAL_UART_MspInit
 .text.Reset_Handler
                0x080036dc       0x50 ./Core/Startup/startup_stm32g491retx.o
                0x080036dc                Reset_Handler
 .text.Default_Handler
                0x0800372c        0x2 ./Core/Startup/startup_stm32g491retx.o
                0x0800372c                RTC_Alarm_IRQHandler
                0x0800372c                EXTI2_IRQHandler
                0x0800372c                TIM8_TRG_COM_IRQHandler
                0x0800372c                TIM8_CC_IRQHandler
                0x0800372c                TIM1_CC_IRQHandler
                0x0800372c                USB_HP_IRQHandler
                0x0800372c                CORDIC_IRQHandler
                0x0800372c                DMA2_Channel8_IRQHandler
                0x0800372c                EXTI3_IRQHandler
                0x0800372c                I2C3_ER_IRQHandler
                0x0800372c                EXTI0_IRQHandler
                0x0800372c                I2C2_EV_IRQHandler
                0x0800372c                FPU_IRQHandler
                0x0800372c                FDCAN1_IT1_IRQHandler
                0x0800372c                TIM1_UP_TIM16_IRQHandler
                0x0800372c                ADC1_2_IRQHandler
                0x0800372c                SPI1_IRQHandler
                0x0800372c                TIM8_UP_IRQHandler
                0x0800372c                DMA2_Channel2_IRQHandler
                0x0800372c                DMA1_Channel4_IRQHandler
                0x0800372c                TIM20_TRG_COM_IRQHandler
                0x0800372c                USART3_IRQHandler
                0x0800372c                DMA1_Channel7_IRQHandler
                0x0800372c                UART5_IRQHandler
                0x0800372c                ADC3_IRQHandler
                0x0800372c                TIM4_IRQHandler
                0x0800372c                DMA2_Channel1_IRQHandler
                0x0800372c                QUADSPI_IRQHandler
                0x0800372c                I2C1_EV_IRQHandler
                0x0800372c                DMA1_Channel6_IRQHandler
                0x0800372c                UART4_IRQHandler
                0x0800372c                DMA2_Channel4_IRQHandler
                0x0800372c                TIM3_IRQHandler
                0x0800372c                RCC_IRQHandler
                0x0800372c                TIM20_UP_IRQHandler
                0x0800372c                Default_Handler
                0x0800372c                DMA2_Channel7_IRQHandler
                0x0800372c                RTC_TAMP_LSECSS_IRQHandler
                0x0800372c                FMAC_IRQHandler
                0x0800372c                EXTI15_10_IRQHandler
                0x0800372c                DMA1_Channel8_IRQHandler
                0x0800372c                TIM7_IRQHandler
                0x0800372c                UCPD1_IRQHandler
                0x0800372c                I2C3_EV_IRQHandler
                0x0800372c                EXTI9_5_IRQHandler
                0x0800372c                RTC_WKUP_IRQHandler
                0x0800372c                PVD_PVM_IRQHandler
                0x0800372c                SPI2_IRQHandler
                0x0800372c                DMA2_Channel5_IRQHandler
                0x0800372c                CRS_IRQHandler
                0x0800372c                DMA1_Channel5_IRQHandler
                0x0800372c                EXTI4_IRQHandler
                0x0800372c                RNG_IRQHandler
                0x0800372c                TIM1_TRG_COM_TIM17_IRQHandler
                0x0800372c                FDCAN2_IT1_IRQHandler
                0x0800372c                DMA1_Channel3_IRQHandler
                0x0800372c                WWDG_IRQHandler
                0x0800372c                FDCAN2_IT0_IRQHandler
                0x0800372c                LPUART1_IRQHandler
                0x0800372c                DMA2_Channel6_IRQHandler
                0x0800372c                FDCAN1_IT0_IRQHandler
                0x0800372c                TIM2_IRQHandler
                0x0800372c                COMP1_2_3_IRQHandler
                0x0800372c                EXTI1_IRQHandler
                0x0800372c                TIM20_BRK_IRQHandler
                0x0800372c                I2C2_ER_IRQHandler
                0x0800372c                DMA1_Channel2_IRQHandler
                0x0800372c                TIM8_BRK_IRQHandler
                0x0800372c                FLASH_IRQHandler
                0x0800372c                TIM20_CC_IRQHandler
                0x0800372c                USART1_IRQHandler
                0x0800372c                SPI3_IRQHandler
                0x0800372c                I2C1_ER_IRQHandler
                0x0800372c                LPTIM1_IRQHandler
                0x0800372c                DMAMUX_OVR_IRQHandler
                0x0800372c                USBWakeUp_IRQHandler
                0x0800372c                SAI1_IRQHandler
                0x0800372c                DMA2_Channel3_IRQHandler
                0x0800372c                COMP4_IRQHandler
                0x0800372c                TIM1_BRK_TIM15_IRQHandler
 *fill*         0x0800372e        0x2 
 .text.DAC_Register_Write
                0x08003730       0x3c ./Drivers/Audio_DAC/audiodac.o
                0x08003730                DAC_Register_Write
 .text.DAC_Register_Init
                0x0800376c       0x70 ./Drivers/Audio_DAC/audiodac.o
                0x0800376c                DAC_Register_Init
 .text.Preset_Init
                0x080037dc       0xb8 ./Drivers/EEPROM/eeprom.o
                0x080037dc                Preset_Init
 .text.Preset_Write
                0x08003894       0xec ./Drivers/EEPROM/eeprom.o
                0x08003894                Preset_Write
 .text.Preset_Read
                0x08003980       0xe4 ./Drivers/EEPROM/eeprom.o
                0x08003980                Preset_Read
 .text.XOR_Checksum
                0x08003a64       0x3e ./Drivers/EEPROM/eeprom.o
                0x08003a64                XOR_Checksum
 *fill*         0x08003aa2        0x2 
 .text.Readback_Checksum
                0x08003aa4       0x44 ./Drivers/EEPROM/eeprom.o
                0x08003aa4                Readback_Checksum
 .text.EEPROM_Write_Page
                0x08003ae8       0x50 ./Drivers/EEPROM/eeprom.o
                0x08003ae8                EEPROM_Write_Page
 .text.EEPROM_Read_Page
                0x08003b38       0x48 ./Drivers/EEPROM/eeprom.o
                0x08003b38                EEPROM_Read_Page
 .text.GPIO_Register_Write
                0x08003b80       0x3c ./Drivers/GPIO_XPNDR/gpioxpndr.o
                0x08003b80                GPIO_Register_Write
 .text.GPIO_Register_Init
                0x08003bbc       0x28 ./Drivers/GPIO_XPNDR/gpioxpndr.o
                0x08003bbc                GPIO_Register_Init
 .text.GPIO_State_Change
                0x08003be4       0xcc ./Drivers/GPIO_XPNDR/gpioxpndr.o
                0x08003be4                GPIO_State_Change
 .text.HAL_Init
                0x08003cb0       0x30 ./Drivers/STM32G4xx_HAL_Driver/Src/stm32g4xx_hal.o
                0x08003cb0                HAL_Init
 .text.HAL_InitTick
                0x08003ce0       0x74 ./Drivers/STM32G4xx_HAL_Driver/Src/stm32g4xx_hal.o
                0x08003ce0                HAL_InitTick
 .text.HAL_IncTick
                0x08003d54       0x24 ./Drivers/STM32G4xx_HAL_Driver/Src/stm32g4xx_hal.o
                0x08003d54                HAL_IncTick
 .text.HAL_GetTick
                0x08003d78       0x18 ./Drivers/STM32G4xx_HAL_Driver/Src/stm32g4xx_hal.o
                0x08003d78                HAL_GetTick
 .text.HAL_Delay
                0x08003d90       0x44 ./Drivers/STM32G4xx_HAL_Driver/Src/stm32g4xx_hal.o
                0x08003d90                HAL_Delay
 .text.__NVIC_SetPriorityGrouping
                0x08003dd4       0x48 ./Drivers/STM32G4xx_HAL_Driver/Src/stm32g4xx_hal_cortex.o
 .text.__NVIC_GetPriorityGrouping
                0x08003e1c       0x1c ./Drivers/STM32G4xx_HAL_Driver/Src/stm32g4xx_hal_cortex.o
 .text.__NVIC_EnableIRQ
                0x08003e38       0x3c ./Drivers/STM32G4xx_HAL_Driver/Src/stm32g4xx_hal_cortex.o
 .text.__NVIC_SetPriority
                0x08003e74       0x54 ./Drivers/STM32G4xx_HAL_Driver/Src/stm32g4xx_hal_cortex.o
 .text.NVIC_EncodePriority
                0x08003ec8       0x66 ./Drivers/STM32G4xx_HAL_Driver/Src/stm32g4xx_hal_cortex.o
 *fill*         0x08003f2e        0x2 
 .text.SysTick_Config
                0x08003f30       0x44 ./Drivers/STM32G4xx_HAL_Driver/Src/stm32g4xx_hal_cortex.o
 .text.HAL_NVIC_SetPriorityGrouping
                0x08003f74       0x16 ./Drivers/STM32G4xx_HAL_Driver/Src/stm32g4xx_hal_cortex.o
                0x08003f74                HAL_NVIC_SetPriorityGrouping
 .text.HAL_NVIC_SetPriority
                0x08003f8a       0x34 ./Drivers/STM32G4xx_HAL_Driver/Src/stm32g4xx_hal_cortex.o
                0x08003f8a                HAL_NVIC_SetPriority
 .text.HAL_NVIC_EnableIRQ
                0x08003fbe       0x1c ./Drivers/STM32G4xx_HAL_Driver/Src/stm32g4xx_hal_cortex.o
                0x08003fbe                HAL_NVIC_EnableIRQ
 .text.HAL_SYSTICK_Config
                0x08003fda       0x18 ./Drivers/STM32G4xx_HAL_Driver/Src/stm32g4xx_hal_cortex.o
                0x08003fda                HAL_SYSTICK_Config
 *fill*         0x08003ff2        0x2 
 .text.HAL_DMA_Init
                0x08003ff4      0x150 ./Drivers/STM32G4xx_HAL_Driver/Src/stm32g4xx_hal_dma.o
                0x08003ff4                HAL_DMA_Init
 .text.HAL_DMA_Abort
                0x08004144       0xb2 ./Drivers/STM32G4xx_HAL_Driver/Src/stm32g4xx_hal_dma.o
                0x08004144                HAL_DMA_Abort
 .text.HAL_DMA_Abort_IT
                0x080041f6       0xce ./Drivers/STM32G4xx_HAL_Driver/Src/stm32g4xx_hal_dma.o
                0x080041f6                HAL_DMA_Abort_IT
 .text.HAL_DMA_IRQHandler
                0x080042c4      0x15e ./Drivers/STM32G4xx_HAL_Driver/Src/stm32g4xx_hal_dma.o
                0x080042c4                HAL_DMA_IRQHandler
 *fill*         0x08004422        0x2 
 .text.DMA_CalcDMAMUXChannelBaseAndMask
                0x08004424       0x7c ./Drivers/STM32G4xx_HAL_Driver/Src/stm32g4xx_hal_dma.o
 .text.DMA_CalcDMAMUXRequestGenBaseAndMask
                0x080044a0       0x48 ./Drivers/STM32G4xx_HAL_Driver/Src/stm32g4xx_hal_dma.o
 .text.HAL_GPIO_Init
                0x080044e8      0x304 ./Drivers/STM32G4xx_HAL_Driver/Src/stm32g4xx_hal_gpio.o
                0x080044e8                HAL_GPIO_Init
 .text.HAL_GPIO_WritePin
                0x080047ec       0x30 ./Drivers/STM32G4xx_HAL_Driver/Src/stm32g4xx_hal_gpio.o
                0x080047ec                HAL_GPIO_WritePin
 .text.HAL_GPIO_TogglePin
                0x0800481c       0x34 ./Drivers/STM32G4xx_HAL_Driver/Src/stm32g4xx_hal_gpio.o
                0x0800481c                HAL_GPIO_TogglePin
 .text.HAL_I2C_Init
                0x08004850      0x136 ./Drivers/STM32G4xx_HAL_Driver/Src/stm32g4xx_hal_i2c.o
                0x08004850                HAL_I2C_Init
 *fill*         0x08004986        0x2 
 .text.HAL_I2C_Mem_Write
                0x08004988      0x228 ./Drivers/STM32G4xx_HAL_Driver/Src/stm32g4xx_hal_i2c.o
                0x08004988                HAL_I2C_Mem_Write
 .text.HAL_I2C_Mem_Read
                0x08004bb0      0x234 ./Drivers/STM32G4xx_HAL_Driver/Src/stm32g4xx_hal_i2c.o
                0x08004bb0                HAL_I2C_Mem_Read
 .text.I2C_RequestMemoryWrite
                0x08004de4       0xa8 ./Drivers/STM32G4xx_HAL_Driver/Src/stm32g4xx_hal_i2c.o
 .text.I2C_RequestMemoryRead
                0x08004e8c       0xa8 ./Drivers/STM32G4xx_HAL_Driver/Src/stm32g4xx_hal_i2c.o
 .text.I2C_Flush_TXDR
                0x08004f34       0x48 ./Drivers/STM32G4xx_HAL_Driver/Src/stm32g4xx_hal_i2c.o
 .text.I2C_WaitOnFlagUntilTimeout
                0x08004f7c       0xb2 ./Drivers/STM32G4xx_HAL_Driver/Src/stm32g4xx_hal_i2c.o
 .text.I2C_WaitOnTXISFlagUntilTimeout
                0x0800502e       0x8e ./Drivers/STM32G4xx_HAL_Driver/Src/stm32g4xx_hal_i2c.o
 .text.I2C_WaitOnSTOPFlagUntilTimeout
                0x080050bc       0x86 ./Drivers/STM32G4xx_HAL_Driver/Src/stm32g4xx_hal_i2c.o
 *fill*         0x08005142        0x2 
 .text.I2C_IsErrorOccurred
                0x08005144      0x1c0 ./Drivers/STM32G4xx_HAL_Driver/Src/stm32g4xx_hal_i2c.o
 .text.I2C_TransferConfig
                0x08005304       0x64 ./Drivers/STM32G4xx_HAL_Driver/Src/stm32g4xx_hal_i2c.o
 .text.HAL_I2CEx_ConfigAnalogFilter
                0x08005368       0x96 ./Drivers/STM32G4xx_HAL_Driver/Src/stm32g4xx_hal_i2c_ex.o
                0x08005368                HAL_I2CEx_ConfigAnalogFilter
 .text.HAL_I2CEx_ConfigDigitalFilter
                0x080053fe       0x98 ./Drivers/STM32G4xx_HAL_Driver/Src/stm32g4xx_hal_i2c_ex.o
                0x080053fe                HAL_I2CEx_ConfigDigitalFilter
 *fill*         0x08005496        0x2 
 .text.HAL_I2S_Init
                0x08005498      0x1c0 ./Drivers/STM32G4xx_HAL_Driver/Src/stm32g4xx_hal_i2s.o
                0x08005498                HAL_I2S_Init
 .text.HAL_I2S_Transmit
                0x08005658      0x1da ./Drivers/STM32G4xx_HAL_Driver/Src/stm32g4xx_hal_i2s.o
                0x08005658                HAL_I2S_Transmit
 .text.I2S_WaitFlagStateUntilTimeout
                0x08005832       0x72 ./Drivers/STM32G4xx_HAL_Driver/Src/stm32g4xx_hal_i2s.o
 .text.HAL_PCD_Init
                0x080058a4      0x19c ./Drivers/STM32G4xx_HAL_Driver/Src/stm32g4xx_hal_pcd.o
                0x080058a4                HAL_PCD_Init
 .text.HAL_PCD_Start
                0x08005a40       0x44 ./Drivers/STM32G4xx_HAL_Driver/Src/stm32g4xx_hal_pcd.o
                0x08005a40                HAL_PCD_Start
 .text.HAL_PCD_IRQHandler
                0x08005a84      0x24e ./Drivers/STM32G4xx_HAL_Driver/Src/stm32g4xx_hal_pcd.o
                0x08005a84                HAL_PCD_IRQHandler
 .text.HAL_PCD_SetAddress
                0x08005cd2       0x48 ./Drivers/STM32G4xx_HAL_Driver/Src/stm32g4xx_hal_pcd.o
                0x08005cd2                HAL_PCD_SetAddress
 .text.HAL_PCD_EP_Open
                0x08005d1a       0xbe ./Drivers/STM32G4xx_HAL_Driver/Src/stm32g4xx_hal_pcd.o
                0x08005d1a                HAL_PCD_EP_Open
 .text.HAL_PCD_EP_Close
                0x08005dd8       0x90 ./Drivers/STM32G4xx_HAL_Driver/Src/stm32g4xx_hal_pcd.o
                0x08005dd8                HAL_PCD_EP_Close
 .text.HAL_PCD_EP_Receive
                0x08005e68       0x62 ./Drivers/STM32G4xx_HAL_Driver/Src/stm32g4xx_hal_pcd.o
                0x08005e68                HAL_PCD_EP_Receive
 .text.HAL_PCD_EP_GetRxCount
                0x08005eca       0x30 ./Drivers/STM32G4xx_HAL_Driver/Src/stm32g4xx_hal_pcd.o
                0x08005eca                HAL_PCD_EP_GetRxCount
 .text.HAL_PCD_EP_Transmit
                0x08005efa       0x6e ./Drivers/STM32G4xx_HAL_Driver/Src/stm32g4xx_hal_pcd.o
                0x08005efa                HAL_PCD_EP_Transmit
 .text.HAL_PCD_EP_SetStall
                0x08005f68       0xa4 ./Drivers/STM32G4xx_HAL_Driver/Src/stm32g4xx_hal_pcd.o
                0x08005f68                HAL_PCD_EP_SetStall
 .text.HAL_PCD_EP_ClrStall
                0x0800600c       0xa8 ./Drivers/STM32G4xx_HAL_Driver/Src/stm32g4xx_hal_pcd.o
                0x0800600c                HAL_PCD_EP_ClrStall
 .text.PCD_EP_ISR_Handler
                0x080060b4      0x68e ./Drivers/STM32G4xx_HAL_Driver/Src/stm32g4xx_hal_pcd.o
 .text.HAL_PCD_EP_DB_Receive
                0x08006742      0x212 ./Drivers/STM32G4xx_HAL_Driver/Src/stm32g4xx_hal_pcd.o
 .text.HAL_PCD_EP_DB_Transmit
                0x08006954      0x878 ./Drivers/STM32G4xx_HAL_Driver/Src/stm32g4xx_hal_pcd.o
 .text.HAL_PCDEx_PMAConfig
                0x080071cc       0x86 ./Drivers/STM32G4xx_HAL_Driver/Src/stm32g4xx_hal_pcd_ex.o
                0x080071cc                HAL_PCDEx_PMAConfig
 .text.HAL_PCDEx_ActivateLPM
                0x08007252       0x54 ./Drivers/STM32G4xx_HAL_Driver/Src/stm32g4xx_hal_pcd_ex.o
                0x08007252                HAL_PCDEx_ActivateLPM
 *fill*         0x080072a6        0x2 
 .text.HAL_PWREx_ControlVoltageScaling
                0x080072a8      0x148 ./Drivers/STM32G4xx_HAL_Driver/Src/stm32g4xx_hal_pwr_ex.o
                0x080072a8                HAL_PWREx_ControlVoltageScaling
 .text.HAL_PWREx_DisableUCPDDeadBattery
                0x080073f0       0x20 ./Drivers/STM32G4xx_HAL_Driver/Src/stm32g4xx_hal_pwr_ex.o
                0x080073f0                HAL_PWREx_DisableUCPDDeadBattery
 .text.HAL_RCC_OscConfig
                0x08007410      0x624 ./Drivers/STM32G4xx_HAL_Driver/Src/stm32g4xx_hal_rcc.o
                0x08007410                HAL_RCC_OscConfig
 .text.HAL_RCC_ClockConfig
                0x08007a34      0x278 ./Drivers/STM32G4xx_HAL_Driver/Src/stm32g4xx_hal_rcc.o
                0x08007a34                HAL_RCC_ClockConfig
 .text.HAL_RCC_GetSysClockFreq
                0x08007cac       0xc4 ./Drivers/STM32G4xx_HAL_Driver/Src/stm32g4xx_hal_rcc.o
                0x08007cac                HAL_RCC_GetSysClockFreq
 .text.HAL_RCC_GetHCLKFreq
                0x08007d70       0x18 ./Drivers/STM32G4xx_HAL_Driver/Src/stm32g4xx_hal_rcc.o
                0x08007d70                HAL_RCC_GetHCLKFreq
 .text.HAL_RCC_GetPCLK1Freq
                0x08007d88       0x2c ./Drivers/STM32G4xx_HAL_Driver/Src/stm32g4xx_hal_rcc.o
                0x08007d88                HAL_RCC_GetPCLK1Freq
 .text.HAL_RCC_GetPCLK2Freq
                0x08007db4       0x2c ./Drivers/STM32G4xx_HAL_Driver/Src/stm32g4xx_hal_rcc.o
                0x08007db4                HAL_RCC_GetPCLK2Freq
 .text.RCC_GetSysClockFreqFromPLLSource
                0x08007de0       0x8c ./Drivers/STM32G4xx_HAL_Driver/Src/stm32g4xx_hal_rcc.o
 .text.HAL_RCCEx_PeriphCLKConfig
                0x08007e6c      0x478 ./Drivers/STM32G4xx_HAL_Driver/Src/stm32g4xx_hal_rcc_ex.o
                0x08007e6c                HAL_RCCEx_PeriphCLKConfig
 .text.HAL_RCCEx_GetPeriphCLKFreq
                0x080082e4      0xa24 ./Drivers/STM32G4xx_HAL_Driver/Src/stm32g4xx_hal_rcc_ex.o
                0x080082e4                HAL_RCCEx_GetPeriphCLKFreq
 .text.HAL_SPI_Init
                0x08008d08      0x156 ./Drivers/STM32G4xx_HAL_Driver/Src/stm32g4xx_hal_spi.o
                0x08008d08                HAL_SPI_Init
 .text.HAL_SPI_Transmit
                0x08008e5e      0x2ec ./Drivers/STM32G4xx_HAL_Driver/Src/stm32g4xx_hal_spi.o
                0x08008e5e                HAL_SPI_Transmit
 *fill*         0x0800914a        0x2 
 .text.SPI_WaitFlagStateUntilTimeout
                0x0800914c      0x110 ./Drivers/STM32G4xx_HAL_Driver/Src/stm32g4xx_hal_spi.o
 .text.SPI_WaitFifoStateUntilTimeout
                0x0800925c      0x12c ./Drivers/STM32G4xx_HAL_Driver/Src/stm32g4xx_hal_spi.o
 .text.SPI_EndRxTxTransaction
                0x08009388       0x8c ./Drivers/STM32G4xx_HAL_Driver/Src/stm32g4xx_hal_spi.o
 .text.HAL_TIM_Base_Init
                0x08009414       0xae ./Drivers/STM32G4xx_HAL_Driver/Src/stm32g4xx_hal_tim.o
                0x08009414                HAL_TIM_Base_Init
 *fill*         0x080094c2        0x2 
 .text.HAL_TIM_Base_Start_IT
                0x080094c4       0xe0 ./Drivers/STM32G4xx_HAL_Driver/Src/stm32g4xx_hal_tim.o
                0x080094c4                HAL_TIM_Base_Start_IT
 .text.HAL_TIM_Base_Stop_IT
                0x080095a4       0x5e ./Drivers/STM32G4xx_HAL_Driver/Src/stm32g4xx_hal_tim.o
                0x080095a4                HAL_TIM_Base_Stop_IT
 .text.HAL_TIM_IRQHandler
                0x08009602      0x29e ./Drivers/STM32G4xx_HAL_Driver/Src/stm32g4xx_hal_tim.o
                0x08009602                HAL_TIM_IRQHandler
 .text.HAL_TIM_OC_DelayElapsedCallback
                0x080098a0       0x14 ./Drivers/STM32G4xx_HAL_Driver/Src/stm32g4xx_hal_tim.o
                0x080098a0                HAL_TIM_OC_DelayElapsedCallback
 .text.HAL_TIM_IC_CaptureCallback
                0x080098b4       0x14 ./Drivers/STM32G4xx_HAL_Driver/Src/stm32g4xx_hal_tim.o
                0x080098b4                HAL_TIM_IC_CaptureCallback
 .text.HAL_TIM_PWM_PulseFinishedCallback
                0x080098c8       0x14 ./Drivers/STM32G4xx_HAL_Driver/Src/stm32g4xx_hal_tim.o
                0x080098c8                HAL_TIM_PWM_PulseFinishedCallback
 .text.HAL_TIM_TriggerCallback
                0x080098dc       0x14 ./Drivers/STM32G4xx_HAL_Driver/Src/stm32g4xx_hal_tim.o
                0x080098dc                HAL_TIM_TriggerCallback
 .text.TIM_Base_SetConfig
                0x080098f0      0x154 ./Drivers/STM32G4xx_HAL_Driver/Src/stm32g4xx_hal_tim.o
                0x080098f0                TIM_Base_SetConfig
 .text.HAL_TIMEx_MasterConfigSynchronization
                0x08009a44      0x11c ./Drivers/STM32G4xx_HAL_Driver/Src/stm32g4xx_hal_tim_ex.o
                0x08009a44                HAL_TIMEx_MasterConfigSynchronization
 .text.HAL_TIMEx_CommutCallback
                0x08009b60       0x14 ./Drivers/STM32G4xx_HAL_Driver/Src/stm32g4xx_hal_tim_ex.o
                0x08009b60                HAL_TIMEx_CommutCallback
 .text.HAL_TIMEx_BreakCallback
                0x08009b74       0x14 ./Drivers/STM32G4xx_HAL_Driver/Src/stm32g4xx_hal_tim_ex.o
                0x08009b74                HAL_TIMEx_BreakCallback
 .text.HAL_TIMEx_Break2Callback
                0x08009b88       0x14 ./Drivers/STM32G4xx_HAL_Driver/Src/stm32g4xx_hal_tim_ex.o
                0x08009b88                HAL_TIMEx_Break2Callback
 .text.HAL_TIMEx_EncoderIndexCallback
                0x08009b9c       0x14 ./Drivers/STM32G4xx_HAL_Driver/Src/stm32g4xx_hal_tim_ex.o
                0x08009b9c                HAL_TIMEx_EncoderIndexCallback
 .text.HAL_TIMEx_DirectionChangeCallback
                0x08009bb0       0x14 ./Drivers/STM32G4xx_HAL_Driver/Src/stm32g4xx_hal_tim_ex.o
                0x08009bb0                HAL_TIMEx_DirectionChangeCallback
 .text.HAL_TIMEx_IndexErrorCallback
                0x08009bc4       0x14 ./Drivers/STM32G4xx_HAL_Driver/Src/stm32g4xx_hal_tim_ex.o
                0x08009bc4                HAL_TIMEx_IndexErrorCallback
 .text.HAL_TIMEx_TransitionErrorCallback
                0x08009bd8       0x14 ./Drivers/STM32G4xx_HAL_Driver/Src/stm32g4xx_hal_tim_ex.o
                0x08009bd8                HAL_TIMEx_TransitionErrorCallback
 .text.HAL_UART_Init
                0x08009bec       0xa0 ./Drivers/STM32G4xx_HAL_Driver/Src/stm32g4xx_hal_uart.o
                0x08009bec                HAL_UART_Init
 .text.HAL_UART_Transmit
                0x08009c8c      0x11c ./Drivers/STM32G4xx_HAL_Driver/Src/stm32g4xx_hal_uart.o
                0x08009c8c                HAL_UART_Transmit
 .text.HAL_UART_Receive_IT
                0x08009da8       0x98 ./Drivers/STM32G4xx_HAL_Driver/Src/stm32g4xx_hal_uart.o
                0x08009da8                HAL_UART_Receive_IT
 .text.HAL_UART_IRQHandler
                0x08009e40      0x684 ./Drivers/STM32G4xx_HAL_Driver/Src/stm32g4xx_hal_uart.o
                0x08009e40                HAL_UART_IRQHandler
 .text.HAL_UART_TxCpltCallback
                0x0800a4c4       0x14 ./Drivers/STM32G4xx_HAL_Driver/Src/stm32g4xx_hal_uart.o
                0x0800a4c4                HAL_UART_TxCpltCallback
 .text.HAL_UART_ErrorCallback
                0x0800a4d8       0x14 ./Drivers/STM32G4xx_HAL_Driver/Src/stm32g4xx_hal_uart.o
                0x0800a4d8                HAL_UART_ErrorCallback
 .text.HAL_UARTEx_RxEventCallback
                0x0800a4ec       0x18 ./Drivers/STM32G4xx_HAL_Driver/Src/stm32g4xx_hal_uart.o
                0x0800a4ec                HAL_UARTEx_RxEventCallback
 .text.UART_SetConfig
                0x0800a504      0x5f8 ./Drivers/STM32G4xx_HAL_Driver/Src/stm32g4xx_hal_uart.o
                0x0800a504                UART_SetConfig
 .text.UART_AdvFeatureConfig
                0x0800aafc      0x144 ./Drivers/STM32G4xx_HAL_Driver/Src/stm32g4xx_hal_uart.o
                0x0800aafc                UART_AdvFeatureConfig
 .text.UART_CheckIdleState
                0x0800ac40      0x154 ./Drivers/STM32G4xx_HAL_Driver/Src/stm32g4xx_hal_uart.o
                0x0800ac40                UART_CheckIdleState
 .text.UART_WaitOnFlagUntilTimeout
                0x0800ad94       0xda ./Drivers/STM32G4xx_HAL_Driver/Src/stm32g4xx_hal_uart.o
                0x0800ad94                UART_WaitOnFlagUntilTimeout
 *fill*         0x0800ae6e        0x2 
 .text.UART_Start_Receive_IT
                0x0800ae70      0x244 ./Drivers/STM32G4xx_HAL_Driver/Src/stm32g4xx_hal_uart.o
                0x0800ae70                UART_Start_Receive_IT
 .text.UART_EndRxTransfer
                0x0800b0b4       0xcc ./Drivers/STM32G4xx_HAL_Driver/Src/stm32g4xx_hal_uart.o
 .text.UART_DMAAbortOnError
                0x0800b180       0x24 ./Drivers/STM32G4xx_HAL_Driver/Src/stm32g4xx_hal_uart.o
 .text.UART_EndTransmit_IT
                0x0800b1a4       0x56 ./Drivers/STM32G4xx_HAL_Driver/Src/stm32g4xx_hal_uart.o
 *fill*         0x0800b1fa        0x2 
 .text.UART_RxISR_8BIT
                0x0800b1fc      0x1b8 ./Drivers/STM32G4xx_HAL_Driver/Src/stm32g4xx_hal_uart.o
 .text.UART_RxISR_16BIT
                0x0800b3b4      0x1b8 ./Drivers/STM32G4xx_HAL_Driver/Src/stm32g4xx_hal_uart.o
 .text.UART_RxISR_8BIT_FIFOEN
                0x0800b56c      0x364 ./Drivers/STM32G4xx_HAL_Driver/Src/stm32g4xx_hal_uart.o
 .text.UART_RxISR_16BIT_FIFOEN
                0x0800b8d0      0x36c ./Drivers/STM32G4xx_HAL_Driver/Src/stm32g4xx_hal_uart.o
 .text.HAL_UARTEx_WakeupCallback
                0x0800bc3c       0x14 ./Drivers/STM32G4xx_HAL_Driver/Src/stm32g4xx_hal_uart_ex.o
                0x0800bc3c                HAL_UARTEx_WakeupCallback
 .text.HAL_UARTEx_RxFifoFullCallback
                0x0800bc50       0x14 ./Drivers/STM32G4xx_HAL_Driver/Src/stm32g4xx_hal_uart_ex.o
                0x0800bc50                HAL_UARTEx_RxFifoFullCallback
 .text.HAL_UARTEx_TxFifoEmptyCallback
                0x0800bc64       0x14 ./Drivers/STM32G4xx_HAL_Driver/Src/stm32g4xx_hal_uart_ex.o
                0x0800bc64                HAL_UARTEx_TxFifoEmptyCallback
 .text.HAL_UARTEx_DisableFifoMode
                0x0800bc78       0x72 ./Drivers/STM32G4xx_HAL_Driver/Src/stm32g4xx_hal_uart_ex.o
                0x0800bc78                HAL_UARTEx_DisableFifoMode
 .text.HAL_UARTEx_SetTxFifoThreshold
                0x0800bcea       0x7c ./Drivers/STM32G4xx_HAL_Driver/Src/stm32g4xx_hal_uart_ex.o
                0x0800bcea                HAL_UARTEx_SetTxFifoThreshold
 .text.HAL_UARTEx_SetRxFifoThreshold
                0x0800bd66       0x7c ./Drivers/STM32G4xx_HAL_Driver/Src/stm32g4xx_hal_uart_ex.o
                0x0800bd66                HAL_UARTEx_SetRxFifoThreshold
 *fill*         0x0800bde2        0x2 
 .text.UARTEx_SetNbDataToProcess
                0x0800bde4       0x9c ./Drivers/STM32G4xx_HAL_Driver/Src/stm32g4xx_hal_uart_ex.o
 .text.USB_EnableGlobalInt
                0x0800be80       0x2e ./Drivers/STM32G4xx_HAL_Driver/Src/stm32g4xx_ll_usb.o
                0x0800be80                USB_EnableGlobalInt
 .text.USB_DisableGlobalInt
                0x0800beae       0x36 ./Drivers/STM32G4xx_HAL_Driver/Src/stm32g4xx_ll_usb.o
                0x0800beae                USB_DisableGlobalInt
 .text.USB_DevInit
                0x0800bee4       0x3c ./Drivers/STM32G4xx_HAL_Driver/Src/stm32g4xx_ll_usb.o
                0x0800bee4                USB_DevInit
 .text.USB_ActivateEndpoint
                0x0800bf20      0x9d0 ./Drivers/STM32G4xx_HAL_Driver/Src/stm32g4xx_ll_usb.o
                0x0800bf20                USB_ActivateEndpoint
 .text.USB_DeactivateEndpoint
                0x0800c8f0      0x3da ./Drivers/STM32G4xx_HAL_Driver/Src/stm32g4xx_ll_usb.o
                0x0800c8f0                USB_DeactivateEndpoint
 .text.USB_EPStartXfer
                0x0800ccca      0xb5e ./Drivers/STM32G4xx_HAL_Driver/Src/stm32g4xx_ll_usb.o
                0x0800ccca                USB_EPStartXfer
 .text.USB_EPSetStall
                0x0800d828       0xa2 ./Drivers/STM32G4xx_HAL_Driver/Src/stm32g4xx_ll_usb.o
                0x0800d828                USB_EPSetStall
 .text.USB_EPClearStall
                0x0800d8ca      0x152 ./Drivers/STM32G4xx_HAL_Driver/Src/stm32g4xx_ll_usb.o
                0x0800d8ca                USB_EPClearStall
 .text.USB_SetDevAddress
                0x0800da1c       0x28 ./Drivers/STM32G4xx_HAL_Driver/Src/stm32g4xx_ll_usb.o
                0x0800da1c                USB_SetDevAddress
 .text.USB_DevConnect
                0x0800da44       0x2e ./Drivers/STM32G4xx_HAL_Driver/Src/stm32g4xx_ll_usb.o
                0x0800da44                USB_DevConnect
 .text.USB_ReadInterrupts
                0x0800da72       0x20 ./Drivers/STM32G4xx_HAL_Driver/Src/stm32g4xx_ll_usb.o
                0x0800da72                USB_ReadInterrupts
 .text.USB_WritePMA
                0x0800da92       0x84 ./Drivers/STM32G4xx_HAL_Driver/Src/stm32g4xx_ll_usb.o
                0x0800da92                USB_WritePMA
 .text.USB_ReadPMA
                0x0800db16       0x98 ./Drivers/STM32G4xx_HAL_Driver/Src/stm32g4xx_ll_usb.o
                0x0800db16                USB_ReadPMA
 .text.USBD_CDC_Init
                0x0800dbae       0xfe ./Middlewares/ST/STM32_USB_Device_Library/Class/CDC/Src/usbd_cdc.o
 .text.USBD_CDC_DeInit
                0x0800dcac       0x74 ./Middlewares/ST/STM32_USB_Device_Library/Class/CDC/Src/usbd_cdc.o
 .text.USBD_CDC_Setup
                0x0800dd20      0x190 ./Middlewares/ST/STM32_USB_Device_Library/Class/CDC/Src/usbd_cdc.o
 .text.USBD_CDC_DataIn
                0x0800deb0       0xca ./Middlewares/ST/STM32_USB_Device_Library/Class/CDC/Src/usbd_cdc.o
 .text.USBD_CDC_DataOut
                0x0800df7a       0x56 ./Middlewares/ST/STM32_USB_Device_Library/Class/CDC/Src/usbd_cdc.o
 .text.USBD_CDC_EP0_RxReady
                0x0800dfd0       0x58 ./Middlewares/ST/STM32_USB_Device_Library/Class/CDC/Src/usbd_cdc.o
 .text.USBD_CDC_GetFSCfgDesc
                0x0800e028       0x20 ./Middlewares/ST/STM32_USB_Device_Library/Class/CDC/Src/usbd_cdc.o
 .text.USBD_CDC_GetHSCfgDesc
                0x0800e048       0x20 ./Middlewares/ST/STM32_USB_Device_Library/Class/CDC/Src/usbd_cdc.o
 .text.USBD_CDC_GetOtherSpeedCfgDesc
                0x0800e068       0x20 ./Middlewares/ST/STM32_USB_Device_Library/Class/CDC/Src/usbd_cdc.o
 .text.USBD_CDC_GetDeviceQualifierDescriptor
                0x0800e088       0x20 ./Middlewares/ST/STM32_USB_Device_Library/Class/CDC/Src/usbd_cdc.o
                0x0800e088                USBD_CDC_GetDeviceQualifierDescriptor
 .text.USBD_CDC_RegisterInterface
                0x0800e0a8       0x2a ./Middlewares/ST/STM32_USB_Device_Library/Class/CDC/Src/usbd_cdc.o
                0x0800e0a8                USBD_CDC_RegisterInterface
 .text.USBD_CDC_SetTxBuffer
                0x0800e0d2       0x3c ./Middlewares/ST/STM32_USB_Device_Library/Class/CDC/Src/usbd_cdc.o
                0x0800e0d2                USBD_CDC_SetTxBuffer
 .text.USBD_CDC_SetRxBuffer
                0x0800e10e       0x32 ./Middlewares/ST/STM32_USB_Device_Library/Class/CDC/Src/usbd_cdc.o
                0x0800e10e                USBD_CDC_SetRxBuffer
 .text.USBD_CDC_TransmitPacket
                0x0800e140       0x60 ./Middlewares/ST/STM32_USB_Device_Library/Class/CDC/Src/usbd_cdc.o
                0x0800e140                USBD_CDC_TransmitPacket
 .text.USBD_CDC_ReceivePacket
                0x0800e1a0       0x54 ./Middlewares/ST/STM32_USB_Device_Library/Class/CDC/Src/usbd_cdc.o
                0x0800e1a0                USBD_CDC_ReceivePacket
 .text.USBD_Init
                0x0800e1f4       0x60 ./Middlewares/ST/STM32_USB_Device_Library/Core/Src/usbd_core.o
                0x0800e1f4                USBD_Init
 .text.USBD_RegisterClass
                0x0800e254       0x4e ./Middlewares/ST/STM32_USB_Device_Library/Core/Src/usbd_core.o
                0x0800e254                USBD_RegisterClass
 .text.USBD_Start
                0x0800e2a2       0x18 ./Middlewares/ST/STM32_USB_Device_Library/Core/Src/usbd_core.o
                0x0800e2a2                USBD_Start
 .text.USBD_RunTestMode
                0x0800e2ba       0x16 ./Middlewares/ST/STM32_USB_Device_Library/Core/Src/usbd_core.o
                0x0800e2ba                USBD_RunTestMode
 .text.USBD_SetClassConfig
                0x0800e2d0       0x38 ./Middlewares/ST/STM32_USB_Device_Library/Core/Src/usbd_core.o
                0x0800e2d0                USBD_SetClassConfig
 .text.USBD_ClrClassConfig
                0x0800e308       0x30 ./Middlewares/ST/STM32_USB_Device_Library/Core/Src/usbd_core.o
                0x0800e308                USBD_ClrClassConfig
 .text.USBD_LL_SetupStage
                0x0800e338       0xaa ./Middlewares/ST/STM32_USB_Device_Library/Core/Src/usbd_core.o
                0x0800e338                USBD_LL_SetupStage
 .text.USBD_LL_DataOutStage
                0x0800e3e2       0xc6 ./Middlewares/ST/STM32_USB_Device_Library/Core/Src/usbd_core.o
                0x0800e3e2                USBD_LL_DataOutStage
 .text.USBD_LL_DataInStage
                0x0800e4a8      0x12c ./Middlewares/ST/STM32_USB_Device_Library/Core/Src/usbd_core.o
                0x0800e4a8                USBD_LL_DataInStage
 .text.USBD_LL_Reset
                0x0800e5d4       0x9c ./Middlewares/ST/STM32_USB_Device_Library/Core/Src/usbd_core.o
                0x0800e5d4                USBD_LL_Reset
 .text.USBD_LL_SetSpeed
                0x0800e670       0x20 ./Middlewares/ST/STM32_USB_Device_Library/Core/Src/usbd_core.o
                0x0800e670                USBD_LL_SetSpeed
 .text.USBD_LL_Suspend
                0x0800e690       0x2c ./Middlewares/ST/STM32_USB_Device_Library/Core/Src/usbd_core.o
                0x0800e690                USBD_LL_Suspend
 .text.USBD_LL_Resume
                0x0800e6bc       0x30 ./Middlewares/ST/STM32_USB_Device_Library/Core/Src/usbd_core.o
                0x0800e6bc                USBD_LL_Resume
 .text.USBD_LL_SOF
                0x0800e6ec       0x44 ./Middlewares/ST/STM32_USB_Device_Library/Core/Src/usbd_core.o
                0x0800e6ec                USBD_LL_SOF
 .text.SWAPBYTE
                0x0800e730       0x3c ./Middlewares/ST/STM32_USB_Device_Library/Core/Src/usbd_ctlreq.o
 .text.USBD_StdDevReq
                0x0800e76c       0xdc ./Middlewares/ST/STM32_USB_Device_Library/Core/Src/usbd_ctlreq.o
                0x0800e76c                USBD_StdDevReq
 .text.USBD_StdItfReq
                0x0800e848       0x92 ./Middlewares/ST/STM32_USB_Device_Library/Core/Src/usbd_ctlreq.o
                0x0800e848                USBD_StdItfReq
 .text.USBD_StdEPReq
                0x0800e8da      0x2c4 ./Middlewares/ST/STM32_USB_Device_Library/Core/Src/usbd_ctlreq.o
                0x0800e8da                USBD_StdEPReq
 *fill*         0x0800eb9e        0x2 
 .text.USBD_GetDescriptor
                0x0800eba0      0x328 ./Middlewares/ST/STM32_USB_Device_Library/Core/Src/usbd_ctlreq.o
 .text.USBD_SetAddress
                0x0800eec8       0x88 ./Middlewares/ST/STM32_USB_Device_Library/Core/Src/usbd_ctlreq.o
 .text.USBD_SetConfig
                0x0800ef50      0x14c ./Middlewares/ST/STM32_USB_Device_Library/Core/Src/usbd_ctlreq.o
 .text.USBD_GetConfig
                0x0800f09c       0x6c ./Middlewares/ST/STM32_USB_Device_Library/Core/Src/usbd_ctlreq.o
 .text.USBD_GetStatus
                0x0800f108       0x68 ./Middlewares/ST/STM32_USB_Device_Library/Core/Src/usbd_ctlreq.o
 .text.USBD_SetFeature
                0x0800f170       0x28 ./Middlewares/ST/STM32_USB_Device_Library/Core/Src/usbd_ctlreq.o
 .text.USBD_ClrFeature
                0x0800f198       0x44 ./Middlewares/ST/STM32_USB_Device_Library/Core/Src/usbd_ctlreq.o
 .text.USBD_ParseSetupRequest
                0x0800f1dc       0x74 ./Middlewares/ST/STM32_USB_Device_Library/Core/Src/usbd_ctlreq.o
                0x0800f1dc                USBD_ParseSetupRequest
 .text.USBD_CtlError
                0x0800f250       0x22 ./Middlewares/ST/STM32_USB_Device_Library/Core/Src/usbd_ctlreq.o
                0x0800f250                USBD_CtlError
 .text.USBD_GetString
                0x0800f272       0x8c ./Middlewares/ST/STM32_USB_Device_Library/Core/Src/usbd_ctlreq.o
                0x0800f272                USBD_GetString
 .text.USBD_GetLen
                0x0800f2fe       0x34 ./Middlewares/ST/STM32_USB_Device_Library/Core/Src/usbd_ctlreq.o
 .text.USBD_CtlSendData
                0x0800f332       0x36 ./Middlewares/ST/STM32_USB_Device_Library/Core/Src/usbd_ioreq.o
                0x0800f332                USBD_CtlSendData
 .text.USBD_CtlContinueSendData
                0x0800f368       0x22 ./Middlewares/ST/STM32_USB_Device_Library/Core/Src/usbd_ioreq.o
                0x0800f368                USBD_CtlContinueSendData
 .text.USBD_CtlPrepareRx
                0x0800f38a       0x3a ./Middlewares/ST/STM32_USB_Device_Library/Core/Src/usbd_ioreq.o
                0x0800f38a                USBD_CtlPrepareRx
 .text.USBD_CtlContinueRx
                0x0800f3c4       0x22 ./Middlewares/ST/STM32_USB_Device_Library/Core/Src/usbd_ioreq.o
                0x0800f3c4                USBD_CtlContinueRx
 .text.USBD_CtlSendStatus
                0x0800f3e6       0x26 ./Middlewares/ST/STM32_USB_Device_Library/Core/Src/usbd_ioreq.o
                0x0800f3e6                USBD_CtlSendStatus
 .text.USBD_CtlReceiveStatus
                0x0800f40c       0x26 ./Middlewares/ST/STM32_USB_Device_Library/Core/Src/usbd_ioreq.o
                0x0800f40c                USBD_CtlReceiveStatus
 *fill*         0x0800f432        0x2 
 .text.MX_USB_Device_Init
                0x0800f434       0x80 ./USB_Device/App/usb_device.o
                0x0800f434                MX_USB_Device_Init
 .text.CDC_Init_FS
                0x0800f4b4       0x28 ./USB_Device/App/usbd_cdc_if.o
 .text.CDC_DeInit_FS
                0x0800f4dc       0x10 ./USB_Device/App/usbd_cdc_if.o
 .text.CDC_Control_FS
                0x0800f4ec       0xbc ./USB_Device/App/usbd_cdc_if.o
 .text.CDC_Receive_FS
                0x0800f5a8       0x5c ./USB_Device/App/usbd_cdc_if.o
 .text.CDC_Transmit_FS
                0x0800f604       0x4c ./USB_Device/App/usbd_cdc_if.o
                0x0800f604                CDC_Transmit_FS
 .text.CDC_TransmitCplt_FS
                0x0800f650       0x22 ./USB_Device/App/usbd_cdc_if.o
 *fill*         0x0800f672        0x2 
 .text.USBD_CDC_DeviceDescriptor
                0x0800f674       0x24 ./USB_Device/App/usbd_desc.o
                0x0800f674                USBD_CDC_DeviceDescriptor
 .text.USBD_CDC_LangIDStrDescriptor
                0x0800f698       0x24 ./USB_Device/App/usbd_desc.o
                0x0800f698                USBD_CDC_LangIDStrDescriptor
 .text.USBD_CDC_ProductStrDescriptor
                0x0800f6bc       0x3c ./USB_Device/App/usbd_desc.o
                0x0800f6bc                USBD_CDC_ProductStrDescriptor
 .text.USBD_CDC_ManufacturerStrDescriptor
                0x0800f6f8       0x28 ./USB_Device/App/usbd_desc.o
                0x0800f6f8                USBD_CDC_ManufacturerStrDescriptor
 .text.USBD_CDC_SerialStrDescriptor
                0x0800f720       0x24 ./USB_Device/App/usbd_desc.o
                0x0800f720                USBD_CDC_SerialStrDescriptor
 .text.USBD_CDC_ConfigStrDescriptor
                0x0800f744       0x3c ./USB_Device/App/usbd_desc.o
                0x0800f744                USBD_CDC_ConfigStrDescriptor
 .text.USBD_CDC_InterfaceStrDescriptor
                0x0800f780       0x3c ./USB_Device/App/usbd_desc.o
                0x0800f780                USBD_CDC_InterfaceStrDescriptor
 .text.Get_SerialNum
                0x0800f7bc       0x58 ./USB_Device/App/usbd_desc.o
 .text.IntToUnicode
                0x0800f814       0x7e ./USB_Device/App/usbd_desc.o
 *fill*         0x0800f892        0x2 
 .text.HAL_PCD_MspInit
                0x0800f894       0x78 ./USB_Device/Target/usbd_conf.o
                0x0800f894                HAL_PCD_MspInit
 .text.HAL_PCD_SetupStageCallback
                0x0800f90c       0x24 ./USB_Device/Target/usbd_conf.o
                0x0800f90c                HAL_PCD_SetupStageCallback
 .text.HAL_PCD_DataOutStageCallback
                0x0800f930       0x36 ./USB_Device/Target/usbd_conf.o
                0x0800f930                HAL_PCD_DataOutStageCallback
 .text.HAL_PCD_DataInStageCallback
                0x0800f966       0x34 ./USB_Device/Target/usbd_conf.o
                0x0800f966                HAL_PCD_DataInStageCallback
 .text.HAL_PCD_SOFCallback
                0x0800f99a       0x1c ./USB_Device/Target/usbd_conf.o
                0x0800f99a                HAL_PCD_SOFCallback
 .text.HAL_PCD_ResetCallback
                0x0800f9b6       0x3c ./USB_Device/Target/usbd_conf.o
                0x0800f9b6                HAL_PCD_ResetCallback
 *fill*         0x0800f9f2        0x2 
 .text.HAL_PCD_SuspendCallback
                0x0800f9f4       0x34 ./USB_Device/Target/usbd_conf.o
                0x0800f9f4                HAL_PCD_SuspendCallback
 .text.HAL_PCD_ResumeCallback
                0x0800fa28       0x38 ./USB_Device/Target/usbd_conf.o
                0x0800fa28                HAL_PCD_ResumeCallback
 .text.USBD_LL_Init
                0x0800fa60       0xc0 ./USB_Device/Target/usbd_conf.o
                0x0800fa60                USBD_LL_Init
 .text.USBD_LL_Start
                0x0800fb20       0x36 ./USB_Device/Target/usbd_conf.o
                0x0800fb20                USBD_LL_Start
 .text.USBD_LL_OpenEP
                0x0800fb56       0x4c ./USB_Device/Target/usbd_conf.o
                0x0800fb56                USBD_LL_OpenEP
 .text.USBD_LL_CloseEP
                0x0800fba2       0x3e ./USB_Device/Target/usbd_conf.o
                0x0800fba2                USBD_LL_CloseEP
 .text.USBD_LL_StallEP
                0x0800fbe0       0x3e ./USB_Device/Target/usbd_conf.o
                0x0800fbe0                USBD_LL_StallEP
 .text.USBD_LL_ClearStallEP
                0x0800fc1e       0x3e ./USB_Device/Target/usbd_conf.o
                0x0800fc1e                USBD_LL_ClearStallEP
 .text.USBD_LL_IsStallEP
                0x0800fc5c       0x58 ./USB_Device/Target/usbd_conf.o
                0x0800fc5c                USBD_LL_IsStallEP
 .text.USBD_LL_SetUSBAddress
                0x0800fcb4       0x3e ./USB_Device/Target/usbd_conf.o
                0x0800fcb4                USBD_LL_SetUSBAddress
 .text.USBD_LL_Transmit
                0x0800fcf2       0x42 ./USB_Device/Target/usbd_conf.o
                0x0800fcf2                USBD_LL_Transmit
 .text.USBD_LL_PrepareReceive
                0x0800fd34       0x42 ./USB_Device/Target/usbd_conf.o
                0x0800fd34                USBD_LL_PrepareReceive
 .text.USBD_LL_GetRxDataSize
                0x0800fd76       0x26 ./USB_Device/Target/usbd_conf.o
                0x0800fd76                USBD_LL_GetRxDataSize
 .text.HAL_PCDEx_LPM_Callback
                0x0800fd9c       0x6c ./USB_Device/Target/usbd_conf.o
                0x0800fd9c                HAL_PCDEx_LPM_Callback
 .text.USBD_static_malloc
                0x0800fe08       0x1c ./USB_Device/Target/usbd_conf.o
                0x0800fe08                USBD_static_malloc
 .text.USBD_static_free
                0x0800fe24       0x14 ./USB_Device/Target/usbd_conf.o
                0x0800fe24                USBD_static_free
 .text.SystemClockConfig_Resume
                0x0800fe38        0xc ./USB_Device/Target/usbd_conf.o
 .text.USBD_Get_USB_Status
                0x0800fe44       0x58 ./USB_Device/Target/usbd_conf.o
 .text.arm_sin_f32
                0x0800fe9c       0x8c ../Middlewares/ST/ARM/DSP/Lib\libarm_cortexM4lf_math.a(arm_sin_f32.o)
                0x0800fe9c                arm_sin_f32
 .text.memset   0x0800ff28       0x10 C:/ST/STM32CubeIDE_1.15.0/STM32CubeIDE/plugins/com.st.stm32cube.ide.mcu.externaltools.gnu-tools-for-stm32.12.3.rel1.win32_1.0.200.202406191623/tools/bin/../lib/gcc/arm-none-eabi/12.3.1/../../../../arm-none-eabi/lib/thumb/v7e-m+fp/hard\libc_nano.a(libc_a-memset.o)
                0x0800ff28                memset
 .text.__errno  0x0800ff38        0xc C:/ST/STM32CubeIDE_1.15.0/STM32CubeIDE/plugins/com.st.stm32cube.ide.mcu.externaltools.gnu-tools-for-stm32.12.3.rel1.win32_1.0.200.202406191623/tools/bin/../lib/gcc/arm-none-eabi/12.3.1/../../../../arm-none-eabi/lib/thumb/v7e-m+fp/hard\libc_nano.a(libc_a-errno.o)
                0x0800ff38                __errno
 .text.__libc_init_array
                0x0800ff44       0x48 C:/ST/STM32CubeIDE_1.15.0/STM32CubeIDE/plugins/com.st.stm32cube.ide.mcu.externaltools.gnu-tools-for-stm32.12.3.rel1.win32_1.0.200.202406191623/tools/bin/../lib/gcc/arm-none-eabi/12.3.1/../../../../arm-none-eabi/lib/thumb/v7e-m+fp/hard\libc_nano.a(libc_a-init.o)
                0x0800ff44                __libc_init_array
 .text.memcpy   0x0800ff8c       0x1c C:/ST/STM32CubeIDE_1.15.0/STM32CubeIDE/plugins/com.st.stm32cube.ide.mcu.externaltools.gnu-tools-for-stm32.12.3.rel1.win32_1.0.200.202406191623/tools/bin/../lib/gcc/arm-none-eabi/12.3.1/../../../../arm-none-eabi/lib/thumb/v7e-m+fp/hard\libc_nano.a(libc_a-memcpy-stub.o)
                0x0800ff8c                memcpy
 .text.fmodf    0x0800ffa8       0x40 C:/ST/STM32CubeIDE_1.15.0/STM32CubeIDE/plugins/com.st.stm32cube.ide.mcu.externaltools.gnu-tools-for-stm32.12.3.rel1.win32_1.0.200.202406191623/tools/bin/../lib/gcc/arm-none-eabi/12.3.1/../../../../arm-none-eabi/lib/thumb/v7e-m+fp/hard\libm.a(libm_a-wf_fmod.o)
                0x0800ffa8                fmodf
 .text.powf     0x0800ffe8       0xae C:/ST/STM32CubeIDE_1.15.0/STM32CubeIDE/plugins/com.st.stm32cube.ide.mcu.externaltools.gnu-tools-for-stm32.12.3.rel1.win32_1.0.200.202406191623/tools/bin/../lib/gcc/arm-none-eabi/12.3.1/../../../../arm-none-eabi/lib/thumb/v7e-m+fp/hard\libm.a(libm_a-wf_pow.o)
                0x0800ffe8                powf
 .text.finitef  0x08010096       0x14 C:/ST/STM32CubeIDE_1.15.0/STM32CubeIDE/plugins/com.st.stm32cube.ide.mcu.externaltools.gnu-tools-for-stm32.12.3.rel1.win32_1.0.200.202406191623/tools/bin/../lib/gcc/arm-none-eabi/12.3.1/../../../../arm-none-eabi/lib/thumb/v7e-m+fp/hard\libm.a(libm_a-sf_finite.o)
                0x08010096                finitef
 *fill*         0x080100aa        0x2 
 .text.__ieee754_fmodf
                0x080100ac      0x104 C:/ST/STM32CubeIDE_1.15.0/STM32CubeIDE/plugins/com.st.stm32cube.ide.mcu.externaltools.gnu-tools-for-stm32.12.3.rel1.win32_1.0.200.202406191623/tools/bin/../lib/gcc/arm-none-eabi/12.3.1/../../../../arm-none-eabi/lib/thumb/v7e-m+fp/hard\libm.a(libm_a-ef_fmod.o)
                0x080100ac                __ieee754_fmodf
 .text.__ieee754_powf
                0x080101b0      0x5a0 C:/ST/STM32CubeIDE_1.15.0/STM32CubeIDE/plugins/com.st.stm32cube.ide.mcu.externaltools.gnu-tools-for-stm32.12.3.rel1.win32_1.0.200.202406191623/tools/bin/../lib/gcc/arm-none-eabi/12.3.1/../../../../arm-none-eabi/lib/thumb/v7e-m+fp/hard\libm.a(libm_a-ef_pow.o)
                0x080101b0                __ieee754_powf
 .text.fabsf    0x08010750        0xe C:/ST/STM32CubeIDE_1.15.0/STM32CubeIDE/plugins/com.st.stm32cube.ide.mcu.externaltools.gnu-tools-for-stm32.12.3.rel1.win32_1.0.200.202406191623/tools/bin/../lib/gcc/arm-none-eabi/12.3.1/../../../../arm-none-eabi/lib/thumb/v7e-m+fp/hard\libm.a(libm_a-sf_fabs.o)
                0x08010750                fabsf
 *fill*         0x0801075e        0x2 
 .text.scalbnf  0x08010760       0xcc C:/ST/STM32CubeIDE_1.15.0/STM32CubeIDE/plugins/com.st.stm32cube.ide.mcu.externaltools.gnu-tools-for-stm32.12.3.rel1.win32_1.0.200.202406191623/tools/bin/../lib/gcc/arm-none-eabi/12.3.1/../../../../arm-none-eabi/lib/thumb/v7e-m+fp/hard\libm.a(libm_a-sf_scalbn.o)
                0x08010760                scalbnf
 .text.with_errnof
                0x0801082c       0x1c C:/ST/STM32CubeIDE_1.15.0/STM32CubeIDE/plugins/com.st.stm32cube.ide.mcu.externaltools.gnu-tools-for-stm32.12.3.rel1.win32_1.0.200.202406191623/tools/bin/../lib/gcc/arm-none-eabi/12.3.1/../../../../arm-none-eabi/lib/thumb/v7e-m+fp/hard\libm.a(libm_a-math_errf.o)
 .text.xflowf   0x08010848       0x16 C:/ST/STM32CubeIDE_1.15.0/STM32CubeIDE/plugins/com.st.stm32cube.ide.mcu.externaltools.gnu-tools-for-stm32.12.3.rel1.win32_1.0.200.202406191623/tools/bin/../lib/gcc/arm-none-eabi/12.3.1/../../../../arm-none-eabi/lib/thumb/v7e-m+fp/hard\libm.a(libm_a-math_errf.o)
 *fill*         0x0801085e        0x2 
 .text.__math_uflowf
                0x08010860        0xc C:/ST/STM32CubeIDE_1.15.0/STM32CubeIDE/plugins/com.st.stm32cube.ide.mcu.externaltools.gnu-tools-for-stm32.12.3.rel1.win32_1.0.200.202406191623/tools/bin/../lib/gcc/arm-none-eabi/12.3.1/../../../../arm-none-eabi/lib/thumb/v7e-m+fp/hard\libm.a(libm_a-math_errf.o)
                0x08010860                __math_uflowf
 .text.__math_oflowf
                0x0801086c        0xc C:/ST/STM32CubeIDE_1.15.0/STM32CubeIDE/plugins/com.st.stm32cube.ide.mcu.externaltools.gnu-tools-for-stm32.12.3.rel1.win32_1.0.200.202406191623/tools/bin/../lib/gcc/arm-none-eabi/12.3.1/../../../../arm-none-eabi/lib/thumb/v7e-m+fp/hard\libm.a(libm_a-math_errf.o)
                0x0801086c                __math_oflowf
 .text.__ieee754_sqrtf
                0x08010878        0x6 C:/ST/STM32CubeIDE_1.15.0/STM32CubeIDE/plugins/com.st.stm32cube.ide.mcu.externaltools.gnu-tools-for-stm32.12.3.rel1.win32_1.0.200.202406191623/tools/bin/../lib/gcc/arm-none-eabi/12.3.1/../../../../arm-none-eabi/lib/thumb/v7e-m+fp/hard\libm.a(libm_a-ef_sqrt.o)
                0x08010878                __ieee754_sqrtf
 *(.glue_7)
 .glue_7        0x0801087e        0x0 linker stubs
 *(.glue_7t)
 .glue_7t       0x0801087e        0x0 linker stubs
 *(.eh_frame)
 *fill*         0x0801087e        0x2 
 .eh_frame      0x08010880        0x0 C:/ST/STM32CubeIDE_1.15.0/STM32CubeIDE/plugins/com.st.stm32cube.ide.mcu.externaltools.gnu-tools-for-stm32.12.3.rel1.win32_1.0.200.202406191623/tools/bin/../lib/gcc/arm-none-eabi/12.3.1/thumb/v7e-m+fp/hard/crtbegin.o
 *(.init)
 .init          0x08010880        0x4 C:/ST/STM32CubeIDE_1.15.0/STM32CubeIDE/plugins/com.st.stm32cube.ide.mcu.externaltools.gnu-tools-for-stm32.12.3.rel1.win32_1.0.200.202406191623/tools/bin/../lib/gcc/arm-none-eabi/12.3.1/thumb/v7e-m+fp/hard/crti.o
                0x08010880                _init
 .init          0x08010884        0x8 C:/ST/STM32CubeIDE_1.15.0/STM32CubeIDE/plugins/com.st.stm32cube.ide.mcu.externaltools.gnu-tools-for-stm32.12.3.rel1.win32_1.0.200.202406191623/tools/bin/../lib/gcc/arm-none-eabi/12.3.1/thumb/v7e-m+fp/hard/crtn.o
 *(.fini)
 .fini          0x0801088c        0x4 C:/ST/STM32CubeIDE_1.15.0/STM32CubeIDE/plugins/com.st.stm32cube.ide.mcu.externaltools.gnu-tools-for-stm32.12.3.rel1.win32_1.0.200.202406191623/tools/bin/../lib/gcc/arm-none-eabi/12.3.1/thumb/v7e-m+fp/hard/crti.o
                0x0801088c                _fini
 .fini          0x08010890        0x8 C:/ST/STM32CubeIDE_1.15.0/STM32CubeIDE/plugins/com.st.stm32cube.ide.mcu.externaltools.gnu-tools-for-stm32.12.3.rel1.win32_1.0.200.202406191623/tools/bin/../lib/gcc/arm-none-eabi/12.3.1/thumb/v7e-m+fp/hard/crtn.o
                0x08010898                        . = ALIGN (0x4)
                0x08010898                        _etext = .

.vfp11_veneer   0x08010898        0x0
 .vfp11_veneer  0x08010898        0x0 linker stubs

.v4_bx          0x08010898        0x0
 .v4_bx         0x08010898        0x0 linker stubs

.iplt           0x08010898        0x0
 .iplt          0x08010898        0x0 C:/ST/STM32CubeIDE_1.15.0/STM32CubeIDE/plugins/com.st.stm32cube.ide.mcu.externaltools.gnu-tools-for-stm32.12.3.rel1.win32_1.0.200.202406191623/tools/bin/../lib/gcc/arm-none-eabi/12.3.1/thumb/v7e-m+fp/hard/crtbegin.o

.rodata         0x08010898      0x8ec
                0x08010898                        . = ALIGN (0x4)
 *(.rodata)
 .rodata        0x08010898        0xc ./Core/Src/main.o
 .rodata        0x080108a4        0x8 ./Core/Src/system.o
 .rodata        0x080108ac       0x30 ./Drivers/EEPROM/eeprom.o
 .rodata        0x080108dc       0x42 ./USB_Device/App/usbd_desc.o
 *(.rodata*)
 *fill*         0x0801091e        0x2 
 .rodata.AHBPrescTable
                0x08010920       0x10 ./Core/Src/system_stm32g4xx.o
                0x08010920                AHBPrescTable
 .rodata.APBPrescTable
                0x08010930        0x8 ./Core/Src/system_stm32g4xx.o
                0x08010930                APBPrescTable
 .rodata.UARTPrescTable
                0x08010938       0x18 ./Drivers/STM32G4xx_HAL_Driver/Src/stm32g4xx_hal_uart.o
                0x08010938                UARTPrescTable
 .rodata.numerator.1
                0x08010950        0x8 ./Drivers/STM32G4xx_HAL_Driver/Src/stm32g4xx_hal_uart_ex.o
 .rodata.denominator.0
                0x08010958        0x8 ./Drivers/STM32G4xx_HAL_Driver/Src/stm32g4xx_hal_uart_ex.o
 .rodata.sinTable_f32
                0x08010960      0x804 ../Middlewares/ST/ARM/DSP/Lib\libarm_cortexM4lf_math.a(arm_common_tables.o)
                0x08010960                sinTable_f32
 .rodata.Zero   0x08011164        0x8 C:/ST/STM32CubeIDE_1.15.0/STM32CubeIDE/plugins/com.st.stm32cube.ide.mcu.externaltools.gnu-tools-for-stm32.12.3.rel1.win32_1.0.200.202406191623/tools/bin/../lib/gcc/arm-none-eabi/12.3.1/../../../../arm-none-eabi/lib/thumb/v7e-m+fp/hard\libm.a(libm_a-ef_fmod.o)
 .rodata.dp_l   0x0801116c        0x8 C:/ST/STM32CubeIDE_1.15.0/STM32CubeIDE/plugins/com.st.stm32cube.ide.mcu.externaltools.gnu-tools-for-stm32.12.3.rel1.win32_1.0.200.202406191623/tools/bin/../lib/gcc/arm-none-eabi/12.3.1/../../../../arm-none-eabi/lib/thumb/v7e-m+fp/hard\libm.a(libm_a-ef_pow.o)
 .rodata.dp_h   0x08011174        0x8 C:/ST/STM32CubeIDE_1.15.0/STM32CubeIDE/plugins/com.st.stm32cube.ide.mcu.externaltools.gnu-tools-for-stm32.12.3.rel1.win32_1.0.200.202406191623/tools/bin/../lib/gcc/arm-none-eabi/12.3.1/../../../../arm-none-eabi/lib/thumb/v7e-m+fp/hard\libm.a(libm_a-ef_pow.o)
 .rodata.bp     0x0801117c        0x8 C:/ST/STM32CubeIDE_1.15.0/STM32CubeIDE/plugins/com.st.stm32cube.ide.mcu.externaltools.gnu-tools-for-stm32.12.3.rel1.win32_1.0.200.202406191623/tools/bin/../lib/gcc/arm-none-eabi/12.3.1/../../../../arm-none-eabi/lib/thumb/v7e-m+fp/hard\libm.a(libm_a-ef_pow.o)
                0x08011184                        . = ALIGN (0x4)

.ARM.extab      0x08011184        0x0
                0x08011184                        . = ALIGN (0x4)
 *(.ARM.extab* .gnu.linkonce.armextab.*)
                0x08011184                        . = ALIGN (0x4)

.ARM            0x08011184        0x8
                0x08011184                        . = ALIGN (0x4)
                0x08011184                        __exidx_start = .
 *(.ARM.exidx*)
 .ARM.exidx     0x08011184        0x8 C:/ST/STM32CubeIDE_1.15.0/STM32CubeIDE/plugins/com.st.stm32cube.ide.mcu.externaltools.gnu-tools-for-stm32.12.3.rel1.win32_1.0.200.202406191623/tools/bin/../lib/gcc/arm-none-eabi/12.3.1/thumb/v7e-m+fp/hard\libgcc.a(_udivmoddi4.o)
                0x0801118c                        __exidx_end = .
                0x0801118c                        . = ALIGN (0x4)

.preinit_array  0x0801118c        0x0
                0x0801118c                        . = ALIGN (0x4)
                0x0801118c                        PROVIDE (__preinit_array_start = .)
 *(.preinit_array*)
                0x0801118c                        PROVIDE (__preinit_array_end = .)
                0x0801118c                        . = ALIGN (0x4)

.init_array     0x0801118c        0x4
                0x0801118c                        . = ALIGN (0x4)
                0x0801118c                        PROVIDE (__init_array_start = .)
 *(SORT_BY_NAME(.init_array.*))
 *(.init_array*)
 .init_array    0x0801118c        0x4 C:/ST/STM32CubeIDE_1.15.0/STM32CubeIDE/plugins/com.st.stm32cube.ide.mcu.externaltools.gnu-tools-for-stm32.12.3.rel1.win32_1.0.200.202406191623/tools/bin/../lib/gcc/arm-none-eabi/12.3.1/thumb/v7e-m+fp/hard/crtbegin.o
                0x08011190                        PROVIDE (__init_array_end = .)
                0x08011190                        . = ALIGN (0x4)

.fini_array     0x08011190        0x4
                0x08011190                        . = ALIGN (0x4)
                [!provide]                        PROVIDE (__fini_array_start = .)
 *(SORT_BY_NAME(.fini_array.*))
 *(.fini_array*)
 .fini_array    0x08011190        0x4 C:/ST/STM32CubeIDE_1.15.0/STM32CubeIDE/plugins/com.st.stm32cube.ide.mcu.externaltools.gnu-tools-for-stm32.12.3.rel1.win32_1.0.200.202406191623/tools/bin/../lib/gcc/arm-none-eabi/12.3.1/thumb/v7e-m+fp/hard/crtbegin.o
                [!provide]                        PROVIDE (__fini_array_end = .)
                0x08011194                        . = ALIGN (0x4)
                0x08011194                        _sidata = LOADADDR (.data)

.rel.dyn        0x08011194        0x0
 .rel.iplt      0x08011194        0x0 C:/ST/STM32CubeIDE_1.15.0/STM32CubeIDE/plugins/com.st.stm32cube.ide.mcu.externaltools.gnu-tools-for-stm32.12.3.rel1.win32_1.0.200.202406191623/tools/bin/../lib/gcc/arm-none-eabi/12.3.1/thumb/v7e-m+fp/hard/crtbegin.o

.data           0x20000000      0x1d4 load address 0x08011194
                0x20000000                        . = ALIGN (0x4)
                0x20000000                        _sdata = .
 *(.data)
 *(.data*)
 .data.SystemCoreClock
                0x20000000        0x4 ./Core/Src/system_stm32g4xx.o
                0x20000000                SystemCoreClock
 .data.uwTickPrio
                0x20000004        0x4 ./Drivers/STM32G4xx_HAL_Driver/Src/stm32g4xx_hal.o
                0x20000004                uwTickPrio
 .data.uwTickFreq
                0x20000008        0x4 ./Drivers/STM32G4xx_HAL_Driver/Src/stm32g4xx_hal.o
                0x20000008                uwTickFreq
 .data.USBD_CDC_DeviceQualifierDesc
                0x2000000c        0xa ./Middlewares/ST/STM32_USB_Device_Library/Class/CDC/Src/usbd_cdc.o
 *fill*         0x20000016        0x2 
 .data.USBD_CDC
                0x20000018       0x38 ./Middlewares/ST/STM32_USB_Device_Library/Class/CDC/Src/usbd_cdc.o
                0x20000018                USBD_CDC
 .data.USBD_CDC_CfgHSDesc
                0x20000050       0x43 ./Middlewares/ST/STM32_USB_Device_Library/Class/CDC/Src/usbd_cdc.o
 *fill*         0x20000093        0x1 
 .data.USBD_CDC_CfgFSDesc
                0x20000094       0x43 ./Middlewares/ST/STM32_USB_Device_Library/Class/CDC/Src/usbd_cdc.o
 *fill*         0x200000d7        0x1 
 .data.USBD_CDC_OtherSpeedCfgDesc
                0x200000d8       0x43 ./Middlewares/ST/STM32_USB_Device_Library/Class/CDC/Src/usbd_cdc.o
 *fill*         0x2000011b        0x1 
 .data.USBD_Interface_fops_FS
                0x2000011c       0x14 ./USB_Device/App/usbd_cdc_if.o
                0x2000011c                USBD_Interface_fops_FS
 .data.CDC_Desc
                0x20000130       0x20 ./USB_Device/App/usbd_desc.o
                0x20000130                CDC_Desc
 .data.USBD_CDC_DeviceDesc
                0x20000150       0x12 ./USB_Device/App/usbd_desc.o
                0x20000150                USBD_CDC_DeviceDesc
 *fill*         0x20000162        0x2 
 .data.USBD_LangIDDesc
                0x20000164        0x4 ./USB_Device/App/usbd_desc.o
                0x20000164                USBD_LangIDDesc
 .data.USBD_StringSerial
                0x20000168       0x1a ./USB_Device/App/usbd_desc.o
                0x20000168                USBD_StringSerial
 *fill*         0x20000182        0x2 
 .data._impure_ptr
                0x20000184        0x4 C:/ST/STM32CubeIDE_1.15.0/STM32CubeIDE/plugins/com.st.stm32cube.ide.mcu.externaltools.gnu-tools-for-stm32.12.3.rel1.win32_1.0.200.202406191623/tools/bin/../lib/gcc/arm-none-eabi/12.3.1/../../../../arm-none-eabi/lib/thumb/v7e-m+fp/hard\libc_nano.a(libc_a-impure.o)
                0x20000184                _impure_ptr
 .data._impure_data
                0x20000188       0x4c C:/ST/STM32CubeIDE_1.15.0/STM32CubeIDE/plugins/com.st.stm32cube.ide.mcu.externaltools.gnu-tools-for-stm32.12.3.rel1.win32_1.0.200.202406191623/tools/bin/../lib/gcc/arm-none-eabi/12.3.1/../../../../arm-none-eabi/lib/thumb/v7e-m+fp/hard\libc_nano.a(libc_a-impure.o)
                0x20000188                _impure_data
 *(.RamFunc)
 *(.RamFunc*)
                0x200001d4                        . = ALIGN (0x4)
                0x200001d4                        _edata = .

.igot.plt       0x200001d4        0x0 load address 0x08011368
 .igot.plt      0x200001d4        0x0 C:/ST/STM32CubeIDE_1.15.0/STM32CubeIDE/plugins/com.st.stm32cube.ide.mcu.externaltools.gnu-tools-for-stm32.12.3.rel1.win32_1.0.200.202406191623/tools/bin/../lib/gcc/arm-none-eabi/12.3.1/thumb/v7e-m+fp/hard/crtbegin.o
                0x200001d4                        . = ALIGN (0x4)

.bss            0x200001d4     0x1e18 load address 0x08011368
                0x200001d4                        _sbss = .
                0x200001d4                        __bss_start__ = _sbss
 *(.bss)
 .bss           0x200001d4       0x1c C:/ST/STM32CubeIDE_1.15.0/STM32CubeIDE/plugins/com.st.stm32cube.ide.mcu.externaltools.gnu-tools-for-stm32.12.3.rel1.win32_1.0.200.202406191623/tools/bin/../lib/gcc/arm-none-eabi/12.3.1/thumb/v7e-m+fp/hard/crtbegin.o
 *(.bss*)
 .bss.hi2c3     0x200001f0       0x54 ./Core/Src/i2c.o
                0x200001f0                hi2c3
 .bss.hi2s2     0x20000244       0x3c ./Core/Src/i2s.o
                0x20000244                hi2s2
 .bss.hdma_spi2_tx
                0x20000280       0x60 ./Core/Src/i2s.o
                0x20000280                hdma_spi2_tx
 .bss.hspi3     0x200002e0       0x64 ./Core/Src/spi.o
                0x200002e0                hspi3
 .bss.SynthParameters
                0x20000344       0x2c ./Core/Src/synth.o
                0x20000344                SynthParameters
 .bss.sys       0x20000370       0x90 ./Core/Src/system.o
                0x20000370                sys
 .bss.htim6     0x20000400       0x4c ./Core/Src/tim.o
                0x20000400                htim6
 .bss.huart2    0x2000044c       0x94 ./Core/Src/usart.o
                0x2000044c                huart2
 .bss.uwTick    0x200004e0        0x4 ./Drivers/STM32G4xx_HAL_Driver/Src/stm32g4xx_hal.o
                0x200004e0                uwTick
 .bss.cfgidx.0  0x200004e4        0x1 ./Middlewares/ST/STM32_USB_Device_Library/Core/Src/usbd_ctlreq.o
 *fill*         0x200004e5        0x3 
 .bss.hUsbDeviceFS
                0x200004e8      0x2d0 ./USB_Device/App/usb_device.o
                0x200004e8                hUsbDeviceFS
 .bss.UserRxBufferFS
                0x200007b8      0x800 ./USB_Device/App/usbd_cdc_if.o
                0x200007b8                UserRxBufferFS
 .bss.UserTxBufferFS
                0x20000fb8      0x800 ./USB_Device/App/usbd_cdc_if.o
                0x20000fb8                UserTxBufferFS
 .bss.USBD_StrDesc
                0x200017b8      0x200 ./USB_Device/App/usbd_desc.o
                0x200017b8                USBD_StrDesc
 .bss.hpcd_USB_FS
                0x200019b8      0x2dc ./USB_Device/Target/usbd_conf.o
                0x200019b8                hpcd_USB_FS
 .bss.mem.0     0x20001c94      0x220 ./USB_Device/Target/usbd_conf.o
 .bss.__sf      0x20001eb4      0x138 C:/ST/STM32CubeIDE_1.15.0/STM32CubeIDE/plugins/com.st.stm32cube.ide.mcu.externaltools.gnu-tools-for-stm32.12.3.rel1.win32_1.0.200.202406191623/tools/bin/../lib/gcc/arm-none-eabi/12.3.1/../../../../arm-none-eabi/lib/thumb/v7e-m+fp/hard\libc_nano.a(libc_a-findfp.o)
                0x20001eb4                __sf
 *(COMMON)
                0x20001fec                        . = ALIGN (0x4)
                0x20001fec                        _ebss = .
                0x20001fec                        __bss_end__ = _ebss

._user_heap_stack
                0x20001fec      0x604 load address 0x08011368
                0x20001ff0                        . = ALIGN (0x8)
 *fill*         0x20001fec        0x4 
                [!provide]                        PROVIDE (end = .)
                0x20001ff0                        PROVIDE (_end = .)
                0x200021f0                        . = (. + _Min_Heap_Size)
 *fill*         0x20001ff0      0x200 
                0x200025f0                        . = (. + _Min_Stack_Size)
 *fill*         0x200021f0      0x400 
                0x200025f0                        . = ALIGN (0x8)

/DISCARD/
 libc.a(*)
 libm.a(*)
 libgcc.a(*)

.ARM.attributes
                0x00000000       0x30
 *(.ARM.attributes)
 .ARM.attributes
                0x00000000       0x22 C:/ST/STM32CubeIDE_1.15.0/STM32CubeIDE/plugins/com.st.stm32cube.ide.mcu.externaltools.gnu-tools-for-stm32.12.3.rel1.win32_1.0.200.202406191623/tools/bin/../lib/gcc/arm-none-eabi/12.3.1/thumb/v7e-m+fp/hard/crti.o
 .ARM.attributes
                0x00000022       0x34 C:/ST/STM32CubeIDE_1.15.0/STM32CubeIDE/plugins/com.st.stm32cube.ide.mcu.externaltools.gnu-tools-for-stm32.12.3.rel1.win32_1.0.200.202406191623/tools/bin/../lib/gcc/arm-none-eabi/12.3.1/thumb/v7e-m+fp/hard/crtbegin.o
 .ARM.attributes
                0x00000056       0x34 ./Core/Src/dma.o
 .ARM.attributes
                0x0000008a       0x34 ./Core/Src/gpio.o
 .ARM.attributes
                0x000000be       0x34 ./Core/Src/i2c.o
 .ARM.attributes
                0x000000f2       0x34 ./Core/Src/i2s.o
 .ARM.attributes
                0x00000126       0x34 ./Core/Src/main.o
 .ARM.attributes
                0x0000015a       0x34 ./Core/Src/midi.o
 .ARM.attributes
                0x0000018e       0x34 ./Core/Src/note.o
 .ARM.attributes
                0x000001c2       0x34 ./Core/Src/serial.o
 .ARM.attributes
                0x000001f6       0x34 ./Core/Src/spi.o
 .ARM.attributes
                0x0000022a       0x34 ./Core/Src/stm32g4xx_hal_msp.o
 .ARM.attributes
                0x0000025e       0x34 ./Core/Src/stm32g4xx_it.o
 .ARM.attributes
                0x00000292       0x34 ./Core/Src/synth.o
 .ARM.attributes
                0x000002c6       0x34 ./Core/Src/system.o
 .ARM.attributes
                0x000002fa       0x34 ./Core/Src/system_stm32g4xx.o
 .ARM.attributes
                0x0000032e       0x34 ./Core/Src/tim.o
 .ARM.attributes
                0x00000362       0x34 ./Core/Src/usart.o
 .ARM.attributes
                0x00000396       0x21 ./Core/Startup/startup_stm32g491retx.o
 .ARM.attributes
                0x000003b7       0x34 ./Drivers/Audio_DAC/audiodac.o
 .ARM.attributes
                0x000003eb       0x34 ./Drivers/EEPROM/eeprom.o
 .ARM.attributes
                0x0000041f       0x34 ./Drivers/GPIO_XPNDR/gpioxpndr.o
 .ARM.attributes
                0x00000453       0x34 ./Drivers/STM32G4xx_HAL_Driver/Src/stm32g4xx_hal.o
 .ARM.attributes
                0x00000487       0x34 ./Drivers/STM32G4xx_HAL_Driver/Src/stm32g4xx_hal_cortex.o
 .ARM.attributes
                0x000004bb       0x34 ./Drivers/STM32G4xx_HAL_Driver/Src/stm32g4xx_hal_dma.o
 .ARM.attributes
                0x000004ef       0x34 ./Drivers/STM32G4xx_HAL_Driver/Src/stm32g4xx_hal_gpio.o
 .ARM.attributes
                0x00000523       0x34 ./Drivers/STM32G4xx_HAL_Driver/Src/stm32g4xx_hal_i2c.o
 .ARM.attributes
                0x00000557       0x34 ./Drivers/STM32G4xx_HAL_Driver/Src/stm32g4xx_hal_i2c_ex.o
 .ARM.attributes
                0x0000058b       0x34 ./Drivers/STM32G4xx_HAL_Driver/Src/stm32g4xx_hal_i2s.o
 .ARM.attributes
                0x000005bf       0x34 ./Drivers/STM32G4xx_HAL_Driver/Src/stm32g4xx_hal_pcd.o
 .ARM.attributes
                0x000005f3       0x34 ./Drivers/STM32G4xx_HAL_Driver/Src/stm32g4xx_hal_pcd_ex.o
 .ARM.attributes
                0x00000627       0x34 ./Drivers/STM32G4xx_HAL_Driver/Src/stm32g4xx_hal_pwr_ex.o
 .ARM.attributes
                0x0000065b       0x34 ./Drivers/STM32G4xx_HAL_Driver/Src/stm32g4xx_hal_rcc.o
 .ARM.attributes
                0x0000068f       0x34 ./Drivers/STM32G4xx_HAL_Driver/Src/stm32g4xx_hal_rcc_ex.o
 .ARM.attributes
                0x000006c3       0x34 ./Drivers/STM32G4xx_HAL_Driver/Src/stm32g4xx_hal_spi.o
 .ARM.attributes
                0x000006f7       0x34 ./Drivers/STM32G4xx_HAL_Driver/Src/stm32g4xx_hal_tim.o
 .ARM.attributes
                0x0000072b       0x34 ./Drivers/STM32G4xx_HAL_Driver/Src/stm32g4xx_hal_tim_ex.o
 .ARM.attributes
                0x0000075f       0x34 ./Drivers/STM32G4xx_HAL_Driver/Src/stm32g4xx_hal_uart.o
 .ARM.attributes
                0x00000793       0x34 ./Drivers/STM32G4xx_HAL_Driver/Src/stm32g4xx_hal_uart_ex.o
 .ARM.attributes
                0x000007c7       0x34 ./Drivers/STM32G4xx_HAL_Driver/Src/stm32g4xx_ll_usb.o
 .ARM.attributes
                0x000007fb       0x34 ./Middlewares/ST/STM32_USB_Device_Library/Class/CDC/Src/usbd_cdc.o
 .ARM.attributes
                0x0000082f       0x34 ./Middlewares/ST/STM32_USB_Device_Library/Core/Src/usbd_core.o
 .ARM.attributes
                0x00000863       0x34 ./Middlewares/ST/STM32_USB_Device_Library/Core/Src/usbd_ctlreq.o
 .ARM.attributes
                0x00000897       0x34 ./Middlewares/ST/STM32_USB_Device_Library/Core/Src/usbd_ioreq.o
 .ARM.attributes
                0x000008cb       0x34 ./USB_Device/App/usb_device.o
 .ARM.attributes
                0x000008ff       0x34 ./USB_Device/App/usbd_cdc_if.o
 .ARM.attributes
                0x00000933       0x34 ./USB_Device/App/usbd_desc.o
 .ARM.attributes
                0x00000967       0x34 ./USB_Device/Target/usbd_conf.o
 .ARM.attributes
                0x0000099b       0x34 ../Middlewares/ST/ARM/DSP/Lib\libarm_cortexM4lf_math.a(arm_sin_f32.o)
 .ARM.attributes
                0x000009cf       0x39 ../Middlewares/ST/ARM/DSP/Lib\libarm_cortexM4lf_math.a(arm_common_tables.o)
 .ARM.attributes
                0x00000a08       0x34 C:/ST/STM32CubeIDE_1.15.0/STM32CubeIDE/plugins/com.st.stm32cube.ide.mcu.externaltools.gnu-tools-for-stm32.12.3.rel1.win32_1.0.200.202406191623/tools/bin/../lib/gcc/arm-none-eabi/12.3.1/../../../../arm-none-eabi/lib/thumb/v7e-m+fp/hard\libc_nano.a(libc_a-findfp.o)
 .ARM.attributes
                0x00000a3c       0x34 C:/ST/STM32CubeIDE_1.15.0/STM32CubeIDE/plugins/com.st.stm32cube.ide.mcu.externaltools.gnu-tools-for-stm32.12.3.rel1.win32_1.0.200.202406191623/tools/bin/../lib/gcc/arm-none-eabi/12.3.1/../../../../arm-none-eabi/lib/thumb/v7e-m+fp/hard\libc_nano.a(libc_a-memset.o)
 .ARM.attributes
                0x00000a70       0x34 C:/ST/STM32CubeIDE_1.15.0/STM32CubeIDE/plugins/com.st.stm32cube.ide.mcu.externaltools.gnu-tools-for-stm32.12.3.rel1.win32_1.0.200.202406191623/tools/bin/../lib/gcc/arm-none-eabi/12.3.1/../../../../arm-none-eabi/lib/thumb/v7e-m+fp/hard\libc_nano.a(libc_a-impure.o)
 .ARM.attributes
                0x00000aa4       0x34 C:/ST/STM32CubeIDE_1.15.0/STM32CubeIDE/plugins/com.st.stm32cube.ide.mcu.externaltools.gnu-tools-for-stm32.12.3.rel1.win32_1.0.200.202406191623/tools/bin/../lib/gcc/arm-none-eabi/12.3.1/../../../../arm-none-eabi/lib/thumb/v7e-m+fp/hard\libc_nano.a(libc_a-errno.o)
 .ARM.attributes
                0x00000ad8       0x34 C:/ST/STM32CubeIDE_1.15.0/STM32CubeIDE/plugins/com.st.stm32cube.ide.mcu.externaltools.gnu-tools-for-stm32.12.3.rel1.win32_1.0.200.202406191623/tools/bin/../lib/gcc/arm-none-eabi/12.3.1/../../../../arm-none-eabi/lib/thumb/v7e-m+fp/hard\libc_nano.a(libc_a-init.o)
 .ARM.attributes
                0x00000b0c       0x34 C:/ST/STM32CubeIDE_1.15.0/STM32CubeIDE/plugins/com.st.stm32cube.ide.mcu.externaltools.gnu-tools-for-stm32.12.3.rel1.win32_1.0.200.202406191623/tools/bin/../lib/gcc/arm-none-eabi/12.3.1/../../../../arm-none-eabi/lib/thumb/v7e-m+fp/hard\libc_nano.a(libc_a-memcpy-stub.o)
 .ARM.attributes
                0x00000b40       0x34 C:/ST/STM32CubeIDE_1.15.0/STM32CubeIDE/plugins/com.st.stm32cube.ide.mcu.externaltools.gnu-tools-for-stm32.12.3.rel1.win32_1.0.200.202406191623/tools/bin/../lib/gcc/arm-none-eabi/12.3.1/../../../../arm-none-eabi/lib/thumb/v7e-m+fp/hard\libm.a(libm_a-wf_fmod.o)
 .ARM.attributes
                0x00000b74       0x34 C:/ST/STM32CubeIDE_1.15.0/STM32CubeIDE/plugins/com.st.stm32cube.ide.mcu.externaltools.gnu-tools-for-stm32.12.3.rel1.win32_1.0.200.202406191623/tools/bin/../lib/gcc/arm-none-eabi/12.3.1/../../../../arm-none-eabi/lib/thumb/v7e-m+fp/hard\libm.a(libm_a-wf_pow.o)
 .ARM.attributes
                0x00000ba8       0x34 C:/ST/STM32CubeIDE_1.15.0/STM32CubeIDE/plugins/com.st.stm32cube.ide.mcu.externaltools.gnu-tools-for-stm32.12.3.rel1.win32_1.0.200.202406191623/tools/bin/../lib/gcc/arm-none-eabi/12.3.1/../../../../arm-none-eabi/lib/thumb/v7e-m+fp/hard\libm.a(libm_a-sf_finite.o)
 .ARM.attributes