../Drivers/CMSIS/Include/core_cm4.h:1933:34:__NVIC_SystemReset	4	static,ignoring_inline_asm
../Core/Src/serial.c:21:6:Serial_Command_Handler	32	static
../Core/Src/serial.c:136:5:VCA_Command_Handler	24	static
../Core/Src/serial.c:203:6:VCA_Value_Query	24	static
../Core/Src/serial.c:234:6:VCA_Mod_Source_Decode	16	static
../Core/Src/serial.c:256:6:VCA_Bypass_Decode	16	static
../Core/Src/serial.c:273:5:Communication_Command_Handler	24	static
../Core/Src/serial.c:319:5:Envelope_Command_Handler	24	static
../Core/Src/serial.c:385:6:Envelope_Output_Polarity_Decode	16	static
../Core/Src/serial.c:399:6:Envelope_Loop_Mode_Decode	16	static
../Core/Src/serial.c:416:5:Filter_Command_Handler	24	static
../Core/Src/serial.c:471:6:Filter_Mod_Source_Decode	16	static
../Core/Src/serial.c:497:5:Mixer_Command_Handler	24	static
../Core/Src/serial.c:543:5:LFO_Command_Handler	24	static
../Core/Src/serial.c:578:6:LFO_Waveform_Decode	16	static
../Core/Src/serial.c:604:5:Preset_Command_Handler	16	static
../Core/Src/serial.c:631:6:Oscillator_1_Command_Handler	24	static
../Core/Src/serial.c:674:6:Oscillator_2_Command_Handler	24	static
../Core/Src/serial.c:717:6:Frequency_Modulation_Command_Handler	24	static
../Core/Src/serial.c:887:5:Command_Range_Check_Error	16	static
../Core/Src/serial.c:899:5:Command_Option_Check_Error	16	static
../Core/Src/serial.c:908:5:Command_Number_Check_Error	16	static
../Core/Src/serial.c:918:7:Command_Range_Check_Float	24	static
