../Drivers/CMSIS/Include/core_cm4.h:1933:34:__NVIC_SystemReset	4	static,ignoring_inline_asm
../Core/Src/serial.c:21:6:Serial_Command_Handler	32	static
../Core/Src/serial.c:133:5:VCA_Command_Handler	24	static
../Core/Src/serial.c:200:6:VCA_Value_Query	24	static
../Core/Src/serial.c:231:6:VCA_Mod_Source_Decode	16	static
../Core/Src/serial.c:253:6:VCA_Bypass_Decode	16	static
../Core/Src/serial.c:270:5:Envelope_Command_Handler	24	static
../Core/Src/serial.c:336:6:Envelope_Output_Polarity_Decode	16	static
../Core/Src/serial.c:350:6:Envelope_Loop_Mode_Decode	16	static
../Core/Src/serial.c:367:5:Filter_Command_Handler	24	static
../Core/Src/serial.c:422:6:Filter_Mod_Source_Decode	16	static
../Core/Src/serial.c:448:5:Mixer_Command_Handler	24	static
../Core/Src/serial.c:494:5:LFO_Command_Handler	24	static
../Core/Src/serial.c:529:6:LFO_Waveform_Decode	16	static
../Core/Src/serial.c:555:5:Preset_Command_Handler	16	static
../Core/Src/serial.c:582:6:Oscillator_1_Command_Handler	24	static
../Core/Src/serial.c:625:6:Oscillator_2_Command_Handler	24	static
../Core/Src/serial.c:668:6:Frequency_Modulation_Command_Handler	24	static
../Core/Src/serial.c:721:6:Command_Error	16	static
../Core/Src/serial.c:732:6:Command_Success	16	static
../Core/Src/serial.c:743:6:Command_Response_Handler	24	static
../Core/Src/serial.c:775:5:Command_Error_Check	32	static
../Core/Src/serial.c:795:6:Command_Blink_Status_LED	16	static
../Core/Src/serial.c:806:6:HAL_TIM_PeriodElapsedCallback	16	static
../Core/Src/serial.c:838:5:Command_Range_Check_Error	16	static
../Core/Src/serial.c:850:5:Command_Option_Check_Error	16	static
../Core/Src/serial.c:859:5:Command_Number_Check_Error	16	static
../Core/Src/serial.c:869:7:Command_Range_Check_Float	24	static
