../Core/Src/synth.c:19:6:Digital_Pot_Wiper_Set	32	static
../Core/Src/synth.c:89:6:Synth_Reset_Initialize	8	static
../Core/Src/synth.c:114:5:Synth_Initialize_Preset	8	static
../Core/Src/synth.c:209:6:Mixer_Digital_Pot_Control	8	static
../Core/Src/synth.c:217:6:VCA_Mod_Source_Control	8	static
../Core/Src/synth.c:228:6:VCA_Bypass_Switch_Control	8	static
../Core/Src/synth.c:239:6:VCA_Digital_Pot_Control	8	static
../Core/Src/synth.c:247:6:Filter_Mod_Source_Control	8	static
../Core/Src/synth.c:259:6:Filter_Digital_Pot_Control	8	static
../Core/Src/synth.c:268:6:LFO_Output_Control	8	static
../Core/Src/synth.c:279:6:LFO_Digital_Pot_Control	8	static
../Core/Src/synth.c:286:6:Envelope_Mode_Control	8	static
../Core/Src/synth.c:300:6:Envelope_Digital_Pot_Control	8	static
