../Core/Src/synth.c:19:6:Digital_Pot_Wiper_Set	32	static
../Core/Src/synth.c:89:6:Synth_Reset_Initialize	8	static
../Core/Src/synth.c:111:5:Synth_Initialize_Preset	8	static
../Core/Src/synth.c:200:6:Mixer_Digital_Pot_Control	8	static
../Core/Src/synth.c:208:6:VCA_Mod_Source_Control	8	static
../Core/Src/synth.c:219:6:VCA_Bypass_Switch_Control	8	static
../Core/Src/synth.c:230:6:VCA_Digital_Pot_Control	8	static
../Core/Src/synth.c:238:6:Filter_Mod_Source_Control	8	static
../Core/Src/synth.c:250:6:Filter_Digital_Pot_Control	8	static
../Core/Src/synth.c:259:6:LFO_Output_Control	8	static
../Core/Src/synth.c:270:6:LFO_Digital_Pot_Control	8	static
../Core/Src/synth.c:277:6:Envelope_Mode_Control	8	static
../Core/Src/synth.c:291:6:Envelope_Digital_Pot_Control	8	static
