../Core/Src/system.c:21:6:System_Reset_Initialize	8	static
../Core/Src/system.c:77:6:Write_Protect_Control	8	static
../Core/Src/system.c:85:6:MIDI_Port_Control	8	static
../Core/Src/system.c:96:6:Gate_Control	8	static
../Core/Src/system.c:104:6:Command_Error	16	static
../Core/Src/system.c:115:6:Command_Success	16	static
../Core/Src/system.c:126:6:Command_Response_Handler	24	static
../Core/Src/system.c:158:5:Command_Error_Check	32	static
../Core/Src/system.c:178:6:Command_Blink_Status_LED	16	static
../Core/Src/system.c:189:6:HAL_TIM_PeriodElapsedCallback	16	static
